Component: ARM Compiler 5.05 update 1 (build 106) Tool: armlink [4d0efa]

==============================================================================

Section Cross References

    startup_stm32f427xx.o(RESET) refers to startup_stm32f427xx.o(STACK) for __initial_sp
    startup_stm32f427xx.o(RESET) refers to startup_stm32f427xx.o(.text) for Reset_Handler
    startup_stm32f427xx.o(RESET) refers to stm32f4xx_it.o(i.NMI_Handler) for NMI_Handler
    startup_stm32f427xx.o(RESET) refers to stm32f4xx_it.o(i.HardFault_Handler) for HardFault_Handler
    startup_stm32f427xx.o(RESET) refers to stm32f4xx_it.o(i.MemManage_Handler) for MemManage_Handler
    startup_stm32f427xx.o(RESET) refers to stm32f4xx_it.o(i.BusFault_Handler) for BusFault_Handler
    startup_stm32f427xx.o(RESET) refers to stm32f4xx_it.o(i.UsageFault_Handler) for UsageFault_Handler
    startup_stm32f427xx.o(RESET) refers to port.o(.emb_text) for SVC_Handler
    startup_stm32f427xx.o(RESET) refers to stm32f4xx_it.o(i.DebugMon_Handler) for DebugMon_Handler
    startup_stm32f427xx.o(RESET) refers to stm32f4xx_it.o(i.SysTick_Handler) for SysTick_Handler
    startup_stm32f427xx.o(RESET) refers to stm32f4xx_it.o(i.DMA1_Stream3_IRQHandler) for DMA1_Stream3_IRQHandler
    startup_stm32f427xx.o(RESET) refers to stm32f4xx_it.o(i.DMA1_Stream6_IRQHandler) for DMA1_Stream6_IRQHandler
    startup_stm32f427xx.o(RESET) refers to stm32f4xx_it.o(i.CAN1_TX_IRQHandler) for CAN1_TX_IRQHandler
    startup_stm32f427xx.o(RESET) refers to stm32f4xx_it.o(i.CAN1_RX0_IRQHandler) for CAN1_RX0_IRQHandler
    startup_stm32f427xx.o(RESET) refers to stm32f4xx_it.o(i.USART1_IRQHandler) for USART1_IRQHandler
    startup_stm32f427xx.o(RESET) refers to stm32f4xx_it.o(i.DMA2_Stream0_IRQHandler) for DMA2_Stream0_IRQHandler
    startup_stm32f427xx.o(RESET) refers to stm32f4xx_it.o(i.DMA2_Stream2_IRQHandler) for DMA2_Stream2_IRQHandler
    startup_stm32f427xx.o(RESET) refers to stm32f4xx_it.o(i.CAN2_TX_IRQHandler) for CAN2_TX_IRQHandler
    startup_stm32f427xx.o(RESET) refers to stm32f4xx_it.o(i.CAN2_RX0_IRQHandler) for CAN2_RX0_IRQHandler
    startup_stm32f427xx.o(RESET) refers to stm32f4xx_it.o(i.UART7_IRQHandler) for UART7_IRQHandler
    startup_stm32f427xx.o(.text) refers to system_stm32f4xx.o(i.SystemInit) for SystemInit
    startup_stm32f427xx.o(.text) refers to entry.o(.ARM.Collect$$$$00000000) for __main
    dr16_decode.o(i.rc_callback_handle) refers to usart.o(.bss) for huart1
    dr16_decode.o(i.rc_init) refers to memseta.o(.text) for __aeabi_memclr
    dr16_decode.o(i.rc_init) refers to dr16_decode.o(.bss) for .bss
    ano_dt.o(i.ANO_DT_Data_Exchange) refers to ano_dt.o(.data) for .data
    ano_dt.o(i.ANO_DT_Data_Exchange) refers to ano_dt.o(.bss) for .bss
    ano_dt.o(i.ANO_DT_Send_Data) refers to stm32f4xx_hal_uart.o(i.HAL_UART_Transmit) for HAL_UART_Transmit
    ano_dt.o(i.ANO_DT_Send_Data) refers to usart.o(.bss) for huart7
    ano_dt.o(i.ANO_DT_Send_MotoPWM) refers to ano_dt.o(i.ANO_DT_Send_Data) for ANO_DT_Send_Data
    ano_dt.o(i.ANO_DT_Send_MotoPWM) refers to ano_dt.o(.bss) for .bss
    ano_dt.o(i.ANO_DT_Send_PID) refers to ano_dt.o(i.ANO_DT_Send_Data) for ANO_DT_Send_Data
    ano_dt.o(i.ANO_DT_Send_PID) refers to ano_dt.o(.bss) for .bss
    ano_dt.o(i.ANO_DT_Send_Power) refers to ano_dt.o(i.ANO_DT_Send_Data) for ANO_DT_Send_Data
    ano_dt.o(i.ANO_DT_Send_Power) refers to ano_dt.o(.bss) for .bss
    ano_dt.o(i.ANO_DT_Send_RCData) refers to ano_dt.o(i.ANO_DT_Send_Data) for ANO_DT_Send_Data
    ano_dt.o(i.ANO_DT_Send_RCData) refers to ano_dt.o(.bss) for .bss
    ano_dt.o(i.ANO_DT_Send_Senser) refers to ano_dt.o(i.ANO_DT_Send_Data) for ANO_DT_Send_Data
    ano_dt.o(i.ANO_DT_Send_Senser) refers to ano_dt.o(.bss) for .bss
    ano_dt.o(i.ANO_DT_Send_Status) refers to ano_dt.o(i.ANO_DT_Send_Data) for ANO_DT_Send_Data
    ano_dt.o(i.ANO_DT_Send_Status) refers to ano_dt.o(.bss) for .bss
    ano_dt.o(i.ANO_DT_Send_Version) refers to ano_dt.o(i.ANO_DT_Send_Data) for ANO_DT_Send_Data
    ano_dt.o(i.ANO_DT_Send_Version) refers to ano_dt.o(.bss) for .bss
    crc_check.o(i.Append_CRC16_Check_Sum) refers to crc_check.o(i.Get_CRC16_Check_Sum) for Get_CRC16_Check_Sum
    crc_check.o(i.Append_CRC16_Check_Sum) refers to crc_check.o(.data) for .data
    crc_check.o(i.Append_CRC8_Check_Sum) refers to crc_check.o(i.Get_CRC8_Check_Sum) for Get_CRC8_Check_Sum
    crc_check.o(i.Get_CRC16_Check_Sum) refers to crc_check.o(.constdata) for .constdata
    crc_check.o(i.Get_CRC8_Check_Sum) refers to crc_check.o(.constdata) for .constdata
    crc_check.o(i.Verify_CRC16_Check_Sum) refers to crc_check.o(i.Get_CRC16_Check_Sum) for Get_CRC16_Check_Sum
    crc_check.o(i.Verify_CRC16_Check_Sum) refers to crc_check.o(.data) for .data
    crc_check.o(i.Verify_CRC8_Check_Sum) refers to crc_check.o(i.Get_CRC8_Check_Sum) for Get_CRC8_Check_Sum
    mpu6500.o(i.IMU_Get_Data) refers to mpu6500.o(i.MPU6500_Read_Regs) for MPU6500_Read_Regs
    mpu6500.o(i.IMU_Get_Data) refers to mpu6500.o(.bss) for .bss
[...]
    _printf_l                                0x00000000   Number         0  stubs.o ABSOLUTE
    _printf_lc                               0x00000000   Number         0  stubs.o ABSOLUTE
    _printf_ll                               0x00000000   Number         0  stubs.o ABSOLUTE
    _printf_lld                              0x00000000   Number         0  stubs.o ABSOLUTE
    _printf_lli                              0x00000000   Number         0  stubs.o ABSOLUTE
    _printf_llo                              0x00000000   Number         0  stubs.o ABSOLUTE
    _printf_llu                              0x00000000   Number         0  stubs.o ABSOLUTE
    _printf_llx                              0x00000000   Number         0  stubs.o ABSOLUTE
    _printf_longlong_dec                     0x00000000   Number         0  stubs.o ABSOLUTE
    _printf_longlong_hex                     0x00000000   Number         0  stubs.o ABSOLUTE
    _printf_longlong_oct                     0x00000000   Number         0  stubs.o ABSOLUTE
    _printf_ls                               0x00000000   Number         0  stubs.o ABSOLUTE
    _printf_mbtowc                           0x00000000   Number         0  stubs.o ABSOLUTE
    _printf_n                                0x00000000   Number         0  stubs.o ABSOLUTE
    _printf_o                                0x00000000   Number         0  stubs.o ABSOLUTE
    _printf_p                                0x00000000   Number         0  stubs.o ABSOLUTE
    _printf_percent                          0x00000000   Number         0  stubs.o ABSOLUTE
    _printf_pre_padding                      0x00000000   Number         0  stubs.o ABSOLUTE
    _printf_return_value                     0x00000000   Number         0  stubs.o ABSOLUTE
    _printf_s                                0x00000000   Number         0  stubs.o ABSOLUTE
    _printf_sizespec                         0x00000000   Number         0  stubs.o ABSOLUTE
    _printf_str                              0x00000000   Number         0  stubs.o ABSOLUTE
    _printf_truncate_signed                  0x00000000   Number         0  stubs.o ABSOLUTE
    _printf_truncate_unsigned                0x00000000   Number         0  stubs.o ABSOLUTE
    _printf_u                                0x00000000   Number         0  stubs.o ABSOLUTE
    _printf_wc                               0x00000000   Number         0  stubs.o ABSOLUTE
    _printf_wctomb                           0x00000000   Number         0  stubs.o ABSOLUTE
    _printf_widthprec                        0x00000000   Number         0  stubs.o ABSOLUTE
    _printf_x                                0x00000000   Number         0  stubs.o ABSOLUTE
    __cpp_initialize__aeabi_                  - Undefined Weak Reference
    __cxa_finalize                            - Undefined Weak Reference
    _clock_init                               - Undefined Weak Reference
    _microlib_exit                            - Undefined Weak Reference
    __Vectors_Size                           0x000001ac   Number         0  startup_stm32f427xx.o ABSOLUTE
    __Vectors                                0x08000000   Data           4  startup_stm32f427xx.o(RESET)
    __Vectors_End                            0x080001ac   Data           0  startup_stm32f427xx.o(RESET)
    __main                                   0x080001ad   Thumb Code     0  entry.o(.ARM.Collect$$$$00000000)
    _main_stk                                0x080001ad   Thumb Code     0  entry2.o(.ARM.Collect$$$$00000001)
    _main_scatterload                        0x080001b1   Thumb Code     0  entry5.o(.ARM.Collect$$$$00000004)
    __main_after_scatterload                 0x080001b5   Thumb Code     0  entry5.o(.ARM.Collect$$$$00000004)
    _main_clock                              0x080001b5   Thumb Code     0  entry7b.o(.ARM.Collect$$$$00000008)
    _main_cpp_init                           0x080001b5   Thumb Code     0  entry8b.o(.ARM.Collect$$$$0000000A)
    _main_init                               0x080001b5   Thumb Code     0  entry9a.o(.ARM.Collect$$$$0000000B)
    __rt_final_cpp                           0x080001bd   Thumb Code     0  entry10a.o(.ARM.Collect$$$$0000000D)
    __rt_final_exit                          0x080001bd   Thumb Code     0  entry11a.o(.ARM.Collect$$$$0000000F)
    SVC_Handler                              0x080001c1   Thumb Code    28  port.o(.emb_text)
    __asm___6_port_c_39a90d8d__prvStartFirstTask 0x080001e1   Thumb Code    36  port.o(.emb_text)
    __asm___6_port_c_39a90d8d__prvEnableVFP  0x08000209   Thumb Code    16  port.o(.emb_text)
    PendSV_Handler                           0x0800021d   Thumb Code    88  port.o(.emb_text)
    vPortGetIPSR                             0x08000279   Thumb Code     6  port.o(.emb_text)
    Reset_Handler                            0x08000281   Thumb Code     8  startup_stm32f427xx.o(.text)
    ADC_IRQHandler                           0x0800029b   Thumb Code     0  startup_stm32f427xx.o(.text)
    CAN1_RX1_IRQHandler                      0x0800029b   Thumb Code     0  startup_stm32f427xx.o(.text)
    CAN1_SCE_IRQHandler                      0x0800029b   Thumb Code     0  startup_stm32f427xx.o(.text)
    CAN2_RX1_IRQHandler                      0x0800029b   Thumb Code     0  startup_stm32f427xx.o(.text)
    CAN2_SCE_IRQHandler                      0x0800029b   Thumb Code     0  startup_stm32f427xx.o(.text)
    DCMI_IRQHandler                          0x0800029b   Thumb Code     0  startup_stm32f427xx.o(.text)
    DMA1_Stream0_IRQHandler                  0x0800029b   Thumb Code     0  startup_stm32f427xx.o(.text)
    DMA1_Stream1_IRQHandler                  0x0800029b   Thumb Code     0  startup_stm32f427xx.o(.text)
    DMA1_Stream2_IRQHandler                  0x0800029b   Thumb Code     0  startup_stm32f427xx.o(.text)
    DMA1_Stream4_IRQHandler                  0x0800029b   Thumb Code     0  startup_stm32f427xx.o(.text)
    DMA1_Stream5_IRQHandler                  0x0800029b   Thumb Code     0  startup_stm32f427xx.o(.text)
    DMA1_Stream7_IRQHandler                  0x0800029b   Thumb Code     0  startup_stm32f427xx.o(.text)
    DMA2D_IRQHandler                         0x0800029b   Thumb Code     0  startup_stm32f427xx.o(.text)
    DMA2_Stream1_IRQHandler                  0x0800029b   Thumb Code     0  startup_stm32f427xx.o(.text)
    DMA2_Stream3_IRQHandler                  0x0800029b   Thumb Code     0  startup_stm32f427xx.o(.text)
    DMA2_Stream4_IRQHandler                  0x0800029b   Thumb Code     0  startup_stm32f427xx.o(.text)
    DMA2_Stream5_IRQHandler                  0x0800029b   Thumb Code     0  startup_stm32f427xx.o(.text)
    DMA2_Stream6_IRQHandler                  0x0800029b   Thumb Code     0  startup_stm32f427xx.o(.text)
    DMA2_Stream7_IRQHandler                  0x0800029b   Thumb Code     0  startup_stm32f427xx.o(.text)
    ETH_IRQHandler                           0x0800029b   Thumb Code     0  startup_stm32f427xx.o(.text)
    ETH_WKUP_IRQHandler                      0x0800029b   Thumb Code     0  startup_stm32f427xx.o(.text)
    EXTI0_IRQHandler                         0x0800029b   Thumb Code     0  startup_stm32f427xx.o(.text)
    EXTI15_10_IRQHandler                     0x0800029b   Thumb Code     0  startup_stm32f427xx.o(.text)
    EXTI1_IRQHandler                         0x0800029b   Thumb Code     0  startup_stm32f427xx.o(.text)
    EXTI2_IRQHandler                         0x0800029b   Thumb Code     0  startup_stm32f427xx.o(.text)
    EXTI3_IRQHandler                         0x0800029b   Thumb Code     0  startup_stm32f427xx.o(.text)
    EXTI4_IRQHandler                         0x0800029b   Thumb Code     0  startup_stm32f427xx.o(.text)
    EXTI9_5_IRQHandler                       0x0800029b   Thumb Code     0  startup_stm32f427xx.o(.text)
    FLASH_IRQHandler                         0x0800029b   Thumb Code     0  startup_stm32f427xx.o(.text)
    FMC_IRQHandler                           0x0800029b   Thumb Code     0  startup_stm32f427xx.o(.text)
    FPU_IRQHandler                           0x0800029b   Thumb Code     0  startup_stm32f427xx.o(.text)
    HASH_RNG_IRQHandler                      0x0800029b   Thumb Code     0  startup_stm32f427xx.o(.text)
    I2C1_ER_IRQHandler                       0x0800029b   Thumb Code     0  startup_stm32f427xx.o(.text)
    I2C1_EV_IRQHandler                       0x0800029b   Thumb Code     0  startup_stm32f427xx.o(.text)
    I2C2_ER_IRQHandler                       0x0800029b   Thumb Code     0  startup_stm32f427xx.o(.text)
    I2C2_EV_IRQHandler                       0x0800029b   Thumb Code     0  startup_stm32f427xx.o(.text)
    I2C3_ER_IRQHandler                       0x0800029b   Thumb Code     0  startup_stm32f427xx.o(.text)
    I2C3_EV_IRQHandler                       0x0800029b   Thumb Code     0  startup_stm32f427xx.o(.text)
    OTG_FS_IRQHandler                        0x0800029b   Thumb Code     0  startup_stm32f427xx.o(.text)
    OTG_FS_WKUP_IRQHandler                   0x0800029b   Thumb Code     0  startup_stm32f427xx.o(.text)
    OTG_HS_EP1_IN_IRQHandler                 0x0800029b   Thumb Code     0  startup_stm32f427xx.o(.text)
    OTG_HS_EP1_OUT_IRQHandler                0x0800029b   Thumb Code     0  startup_stm32f427xx.o(.text)
    OTG_HS_IRQHandler                        0x0800029b   Thumb Code     0  startup_stm32f427xx.o(.text)
    OTG_HS_WKUP_IRQHandler                   0x0800029b   Thumb Code     0  startup_stm32f427xx.o(.text)
    PVD_IRQHandler                           0x0800029b   Thumb Code     0  startup_stm32f427xx.o(.text)
    RCC_IRQHandler                           0x0800029b   Thumb Code     0  startup_stm32f427xx.o(.text)
    RTC_Alarm_IRQHandler                     0x0800029b   Thumb Code     0  startup_stm32f427xx.o(.text)
    RTC_WKUP_IRQHandler                      0x0800029b   Thumb Code     0  startup_stm32f427xx.o(.text)
    SAI1_IRQHandler                          0x0800029b   Thumb Code     0  startup_stm32f427xx.o(.text)
    SDIO_IRQHandler                          0x0800029b   Thumb Code     0  startup_stm32f427xx.o(.text)
    SPI1_IRQHandler                          0x0800029b   Thumb Code     0  startup_stm32f427xx.o(.text)
    SPI2_IRQHandler                          0x0800029b   Thumb Code     0  startup_stm32f427xx.o(.text)
    SPI3_IRQHandler                          0x0800029b   Thumb Code     0  startup_stm32f427xx.o(.text)
    SPI4_IRQHandler                          0x0800029b   Thumb Code     0  startup_stm32f427xx.o(.text)
    SPI5_IRQHandler                          0x0800029b   Thumb Code     0  startup_stm32f427xx.o(.text)
    SPI6_IRQHandler                          0x0800029b   Thumb Code     0  startup_stm32f427xx.o(.text)
    TAMP_STAMP_IRQHandler                    0x0800029b   Thumb Code     0  startup_stm32f427xx.o(.text)
    TIM1_BRK_TIM9_IRQHandler                 0x0800029b   Thumb Code     0  startup_stm32f427xx.o(.text)
    TIM1_CC_IRQHandler                       0x0800029b   Thumb Code     0  startup_stm32f427xx.o(.text)
    TIM1_TRG_COM_TIM11_IRQHandler            0x0800029b   Thumb Code     0  startup_stm32f427xx.o(.text)
    TIM1_UP_TIM10_IRQHandler                 0x0800029b   Thumb Code     0  startup_stm32f427xx.o(.text)
    TIM2_IRQHandler                          0x0800029b   Thumb Code     0  startup_stm32f427xx.o(.text)
    TIM3_IRQHandler                          0x0800029b   Thumb Code     0  startup_stm32f427xx.o(.text)
    TIM4_IRQHandler                          0x0800029b   Thumb Code     0  startup_stm32f427xx.o(.text)
    TIM5_IRQHandler                          0x0800029b   Thumb Code     0  startup_stm32f427xx.o(.text)
    TIM6_DAC_IRQHandler                      0x0800029b   Thumb Code     0  startup_stm32f427xx.o(.text)
    TIM7_IRQHandler                          0x0800029b   Thumb Code     0  startup_stm32f427xx.o(.text)
    TIM8_BRK_TIM12_IRQHandler                0x0800029b   Thumb Code     0  startup_stm32f427xx.o(.text)
    TIM8_CC_IRQHandler                       0x0800029b   Thumb Code     0  startup_stm32f427xx.o(.text)
    TIM8_TRG_COM_TIM14_IRQHandler            0x0800029b   Thumb Code     0  startup_stm32f427xx.o(.text)
    TIM8_UP_TIM13_IRQHandler                 0x0800029b   Thumb Code     0  startup_stm32f427xx.o(.text)
    UART4_IRQHandler                         0x0800029b   Thumb Code     0  startup_stm32f427xx.o(.text)
    UART5_IRQHandler                         0x0800029b   Thumb Code     0  startup_stm32f427xx.o(.text)
    UART8_IRQHandler                         0x0800029b   Thumb Code     0  startup_stm32f427xx.o(.text)
    USART2_IRQHandler                        0x0800029b   Thumb Code     0  startup_stm32f427xx.o(.text)
    USART3_IRQHandler                        0x0800029b   Thumb Code     0  startup_stm32f427xx.o(.text)
    USART6_IRQHandler                        0x0800029b   Thumb Code     0  startup_stm32f427xx.o(.text)
    WWDG_IRQHandler                          0x0800029b   Thumb Code     0  startup_stm32f427xx.o(.text)
    __aeabi_uldivmod                         0x080002a5   Thumb Code    98  uldiv.o(.text)
    __aeabi_memcpy                           0x08000307   Thumb Code    36  memcpya.o(.text)
    __aeabi_memcpy4                          0x08000307   Thumb Code     0  memcpya.o(.text)
    __aeabi_memcpy8                          0x08000307   Thumb Code     0  memcpya.o(.text)
    __aeabi_memset                           0x0800032b   Thumb Code    14  memseta.o(.text)
    __aeabi_memset4                          0x0800032b   Thumb Code     0  memseta.o(.text)
    __aeabi_memset8                          0x0800032b   Thumb Code     0  memseta.o(.text)
    __aeabi_memclr                           0x08000339   Thumb Code     4  memseta.o(.text)
    __aeabi_memclr4                          0x08000339   Thumb Code     0  memseta.o(.text)
    __aeabi_memclr8                          0x08000339   Thumb Code     0  memseta.o(.text)
    memset                                   0x0800033d   Thumb Code    18  memseta.o(.text)
    __aeabi_dadd                             0x0800034f   Thumb Code   322  dadd.o(.text)
    __aeabi_dsub                             0x08000491   Thumb Code     6  dadd.o(.text)
    __aeabi_drsub                            0x08000497   Thumb Code     6  dadd.o(.text)
    __aeabi_dmul                             0x0800049d   Thumb Code   228  dmul.o(.text)
    __aeabi_ddiv                             0x08000581   Thumb Code   222  ddiv.o(.text)
    __aeabi_i2d                              0x0800065f   Thumb Code    34  dflti.o(.text)
    __aeabi_f2d                              0x08000681   Thumb Code    38  f2d.o(.text)
    __aeabi_d2f                              0x080006a7   Thumb Code    56  d2f.o(.text)
    __aeabi_uidiv                            0x080006df   Thumb Code     0  uidiv.o(.text)
    __aeabi_uidivmod                         0x080006df   Thumb Code    44  uidiv.o(.text)
    __aeabi_llsl                             0x0800070b   Thumb Code    30  llshl.o(.text)
    _ll_shift_l                              0x0800070b   Thumb Code     0  llshl.o(.text)
    __aeabi_llsr                             0x08000729   Thumb Code    32  llushr.o(.text)
    _ll_ushift_r                             0x08000729   Thumb Code     0  llushr.o(.text)
    __aeabi_lasr                             0x08000749   Thumb Code    36  llsshr.o(.text)
    _ll_sshift_r                             0x08000749   Thumb Code     0  llsshr.o(.text)
    __I$use$fp                               0x0800076d   Thumb Code     0  iusefp.o(.text)
    _float_round                             0x0800076d   Thumb Code    18  fepilogue.o(.text)
    _float_epilogue                          0x0800077f   Thumb Code    92  fepilogue.o(.text)
    _double_round                            0x080007db   Thumb Code    30  depilogue.o(.text)
    _double_epilogue                         0x080007f9   Thumb Code   156  depilogue.o(.text)
    __aeabi_d2ulz                            0x08000895   Thumb Code    48  dfixul.o(.text)
    __aeabi_cdrcmple                         0x080008c5   Thumb Code    48  cdrcmple.o(.text)
    __scatterload                            0x080008f5   Thumb Code    28  init.o(.text)
    __scatterload_rt2                        0x080008f5   Thumb Code     0  init.o(.text)
    _dsqrt                                   0x08000919   Thumb Code   162  dsqrt.o(.text)
    __decompress                             0x080009bb   Thumb Code     0  __dczerorl.o(.text)
    __decompress0                            0x080009bb   Thumb Code    58  __dczerorl.o(.text)
    ADC_InitArgument                         0x08000bad   Thumb Code    26  adc.o(i.ADC_InitArgument)
    BusFault_Handler                         0x08000bcd   Thumb Code     2  stm32f4xx_it.o(i.BusFault_Handler)
    CAN1_RX0_IRQHandler                      0x08000bd1   Thumb Code     6  stm32f4xx_it.o(i.CAN1_RX0_IRQHandler)
    CAN1_TX_IRQHandler                       0x08000bdd   Thumb Code     6  stm32f4xx_it.o(i.CAN1_TX_IRQHandler)
    CAN2_RX0_IRQHandler                      0x08000be9   Thumb Code     6  stm32f4xx_it.o(i.CAN2_RX0_IRQHandler)
    CAN2_TX_IRQHandler                       0x08000bf5   Thumb Code     6  stm32f4xx_it.o(i.CAN2_TX_IRQHandler)
    CAN_InitArgument                         0x08000c01   Thumb Code    14  bsp_can.o(i.CAN_InitArgument)
    Command                                  0x08000c11   Thumb Code   408  stmgood.o(i.Command)
    CompStr                                  0x08000e29   Thumb Code    48  stmgood.o(i.CompStr)
    CopyStr                                  0x08000e59   Thumb Code    22  stmgood.o(i.CopyStr)
    DETECT_InitArgument                      0x08000e71   Thumb Code    16  detect_thread.o(i.DETECT_InitArgument)
    DMA1_Stream3_IRQHandler                  0x08000e85   Thumb Code    28  stm32f4xx_it.o(i.DMA1_Stream3_IRQHandler)
    DMA1_Stream6_IRQHandler                  0x08000ead   Thumb Code     6  stm32f4xx_it.o(i.DMA1_Stream6_IRQHandler)
    DMA2_Stream0_IRQHandler                  0x08000eb9   Thumb Code     6  stm32f4xx_it.o(i.DMA2_Stream0_IRQHandler)
    DMA2_Stream2_IRQHandler                  0x08000ec5   Thumb Code    20  stm32f4xx_it.o(i.DMA2_Stream2_IRQHandler)
    DealStr                                  0x08000f89   Thumb Code   128  stmgood.o(i.DealStr)
    Dealdata                                 0x08001011   Thumb Code   134  stmgood.o(i.Dealdata)
    DebugMon_Handler                         0x080010a1   Thumb Code     2  stm32f4xx_it.o(i.DebugMon_Handler)
    Error_Handler                            0x080010a3   Thumb Code     2  main.o(i.Error_Handler)
    FirstSpace                               0x080010a5   Thumb Code    24  stmgood.o(i.FirstSpace)
    GPIO_InitArgument                        0x080010bd   Thumb Code    68  bsp_io.o(i.GPIO_InitArgument)
    HAL_ADC_ConfigChannel                    0x08001111   Thumb Code   334  stm32f4xx_hal_adc.o(i.HAL_ADC_ConfigChannel)
    HAL_ADC_ConvCpltCallback                 0x08001275   Thumb Code     2  stm32f4xx_hal_adc.o(i.HAL_ADC_ConvCpltCallback)
    HAL_ADC_ConvHalfCpltCallback             0x08001277   Thumb Code     2  stm32f4xx_hal_adc.o(i.HAL_ADC_ConvHalfCpltCallback)
    HAL_ADC_ErrorCallback                    0x08001279   Thumb Code     2  stm32f4xx_hal_adc.o(i.HAL_ADC_ErrorCallback)
    HAL_ADC_Init                             0x0800127b   Thumb Code    84  stm32f4xx_hal_adc.o(i.HAL_ADC_Init)
    HAL_ADC_MspInit                          0x080012d1   Thumb Code   130  adc.o(i.HAL_ADC_MspInit)
    HAL_ADC_Start                            0x08001369   Thumb Code   210  stm32f4xx_hal_adc.o(i.HAL_ADC_Start)
    HAL_ADC_Start_DMA                        0x08001455   Thumb Code   268  stm32f4xx_hal_adc.o(i.HAL_ADC_Start_DMA)
    HAL_CAN_ActivateNotification             0x08001585   Thumb Code    36  stm32f4xx_hal_can.o(i.HAL_CAN_ActivateNotification)
    HAL_CAN_AddTxMessage                     0x080015a9   Thumb Code   200  stm32f4xx_hal_can.o(i.HAL_CAN_AddTxMessage)
    HAL_CAN_ConfigFilter                     0x08001671   Thumb Code   262  stm32f4xx_hal_can.o(i.HAL_CAN_ConfigFilter)
    HAL_CAN_ErrorCallback                    0x0800177d   Thumb Code     2  stm32f4xx_hal_can.o(i.HAL_CAN_ErrorCallback)
    HAL_CAN_GetRxMessage                     0x0800177f   Thumb Code   232  stm32f4xx_hal_can.o(i.HAL_CAN_GetRxMessage)
    HAL_CAN_IRQHandler                       0x08001867   Thumb Code   508  stm32f4xx_hal_can.o(i.HAL_CAN_IRQHandler)
    HAL_CAN_Init                             0x08001a63   Thumb Code   282  stm32f4xx_hal_can.o(i.HAL_CAN_Init)
    HAL_CAN_MspInit                          0x08001b7d   Thumb Code   260  can.o(i.HAL_CAN_MspInit)
    HAL_CAN_RxFifo0FullCallback              0x08001c99   Thumb Code     2  stm32f4xx_hal_can.o(i.HAL_CAN_RxFifo0FullCallback)
    HAL_CAN_RxFifo0MsgPendingCallback        0x08001c9d   Thumb Code   916  bsp_can.o(i.HAL_CAN_RxFifo0MsgPendingCallback)
    HAL_CAN_RxFifo1FullCallback              0x08002055   Thumb Code     2  stm32f4xx_hal_can.o(i.HAL_CAN_RxFifo1FullCallback)
    HAL_CAN_RxFifo1MsgPendingCallback        0x08002057   Thumb Code     2  stm32f4xx_hal_can.o(i.HAL_CAN_RxFifo1MsgPendingCallback)
    HAL_CAN_SleepCallback                    0x08002059   Thumb Code     2  stm32f4xx_hal_can.o(i.HAL_CAN_SleepCallback)
    HAL_CAN_Start                            0x0800205d   Thumb Code    88  stm32f4xx_hal_can.o(i.HAL_CAN_Start)
    HAL_CAN_TxMailbox0AbortCallback          0x080020b5   Thumb Code     2  stm32f4xx_hal_can.o(i.HAL_CAN_TxMailbox0AbortCallback)
    HAL_CAN_TxMailbox0CompleteCallback       0x080020b7   Thumb Code     2  stm32f4xx_hal_can.o(i.HAL_CAN_TxMailbox0CompleteCallback)
    HAL_CAN_TxMailbox1AbortCallback          0x080020b9   Thumb Code     2  stm32f4xx_hal_can.o(i.HAL_CAN_TxMailbox1AbortCallback)
    HAL_CAN_TxMailbox1CompleteCallback       0x080020bb   Thumb Code     2  stm32f4xx_hal_can.o(i.HAL_CAN_TxMailbox1CompleteCallback)
    HAL_CAN_TxMailbox2AbortCallback          0x080020bd   Thumb Code     2  stm32f4xx_hal_can.o(i.HAL_CAN_TxMailbox2AbortCallback)
    HAL_CAN_TxMailbox2CompleteCallback       0x080020bf   Thumb Code     2  stm32f4xx_hal_can.o(i.HAL_CAN_TxMailbox2CompleteCallback)
    HAL_CAN_WakeUpFromRxMsgCallback          0x080020c1   Thumb Code     2  stm32f4xx_hal_can.o(i.HAL_CAN_WakeUpFromRxMsgCallback)
    HAL_DMA_Abort                            0x080020c3   Thumb Code   142  stm32f4xx_hal_dma.o(i.HAL_DMA_Abort)
    HAL_DMA_IRQHandler                       0x08002151   Thumb Code   412  stm32f4xx_hal_dma.o(i.HAL_DMA_IRQHandler)
    HAL_DMA_Init                             0x080022f1   Thumb Code   206  stm32f4xx_hal_dma.o(i.HAL_DMA_Init)
    HAL_DMA_Start_IT                         0x080023c5   Thumb Code   120  stm32f4xx_hal_dma.o(i.HAL_DMA_Start_IT)
    HAL_Delay                                0x0800243d   Thumb Code    32  stm32f4xx_hal.o(i.HAL_Delay)
    HAL_GPIO_Init                            0x08002461   Thumb Code   408  stm32f4xx_hal_gpio.o(i.HAL_GPIO_Init)
    HAL_GPIO_ReadPin                         0x0800262d   Thumb Code    10  stm32f4xx_hal_gpio.o(i.HAL_GPIO_ReadPin)
    HAL_GPIO_TogglePin                       0x08002637   Thumb Code    14  stm32f4xx_hal_gpio.o(i.HAL_GPIO_TogglePin)
    HAL_GPIO_WritePin                        0x08002645   Thumb Code    10  stm32f4xx_hal_gpio.o(i.HAL_GPIO_WritePin)
    HAL_GetTick                              0x08002651   Thumb Code     6  stm32f4xx_hal.o(i.HAL_GetTick)
    HAL_IWDG_Init                            0x0800265d   Thumb Code    82  stm32f4xx_hal_iwdg.o(i.HAL_IWDG_Init)
    HAL_IWDG_Refresh                         0x080026af   Thumb Code    12  stm32f4xx_hal_iwdg.o(i.HAL_IWDG_Refresh)
    HAL_IncTick                              0x080026bd   Thumb Code    12  stm32f4xx_hal.o(i.HAL_IncTick)
    HAL_Init                                 0x080026cd   Thumb Code    48  stm32f4xx_hal.o(i.HAL_Init)
    HAL_InitTick                             0x08002701   Thumb Code    54  stm32f4xx_hal.o(i.HAL_InitTick)
    HAL_MspInit                              0x08002741   Thumb Code    52  stm32f4xx_hal_msp.o(i.HAL_MspInit)
    HAL_NVIC_EnableIRQ                       0x08002779   Thumb Code    26  stm32f4xx_hal_cortex.o(i.HAL_NVIC_EnableIRQ)
    HAL_NVIC_SetPriority                     0x08002795   Thumb Code    60  stm32f4xx_hal_cortex.o(i.HAL_NVIC_SetPriority)
    HAL_NVIC_SetPriorityGrouping             0x080027d5   Thumb Code    26  stm32f4xx_hal_cortex.o(i.HAL_NVIC_SetPriorityGrouping)
    HAL_RCC_ClockConfig                      0x080027f9   Thumb Code   286  stm32f4xx_hal_rcc.o(i.HAL_RCC_ClockConfig)
    HAL_RCC_GetPCLK1Freq                     0x08002929   Thumb Code    20  stm32f4xx_hal_rcc.o(i.HAL_RCC_GetPCLK1Freq)
    HAL_RCC_GetPCLK2Freq                     0x08002949   Thumb Code    20  stm32f4xx_hal_rcc.o(i.HAL_RCC_GetPCLK2Freq)
    HAL_RCC_GetSysClockFreq                  0x08002969   Thumb Code    88  stm32f4xx_hal_rcc.o(i.HAL_RCC_GetSysClockFreq)
    HAL_RCC_OscConfig                        0x080029cd   Thumb Code   770  stm32f4xx_hal_rcc.o(i.HAL_RCC_OscConfig)
    HAL_SPI_Init                             0x08002ce9   Thumb Code   128  stm32f4xx_hal_spi.o(i.HAL_SPI_Init)
    HAL_SPI_MspInit                          0x08002d69   Thumb Code   180  spi.o(i.HAL_SPI_MspInit)
    HAL_SPI_Transmit                         0x08002e35   Thumb Code   348  stm32f4xx_hal_spi.o(i.HAL_SPI_Transmit)
    HAL_SPI_TransmitReceive                  0x08002f91   Thumb Code   482  stm32f4xx_hal_spi.o(i.HAL_SPI_TransmitReceive)
    HAL_SYSTICK_Config                       0x08003173   Thumb Code    40  stm32f4xx_hal_cortex.o(i.HAL_SYSTICK_Config)
    HAL_TIMEx_MasterConfigSynchronization    0x0800319b   Thumb Code    66  stm32f4xx_hal_tim_ex.o(i.HAL_TIMEx_MasterConfigSynchronization)
    HAL_TIM_MspPostInit                      0x080031dd   Thumb Code   160  tim.o(i.HAL_TIM_MspPostInit)
    HAL_TIM_PWM_ConfigChannel                0x0800329d   Thumb Code   208  stm32f4xx_hal_tim.o(i.HAL_TIM_PWM_ConfigChannel)
    HAL_TIM_PWM_Init                         0x0800336d   Thumb Code    54  stm32f4xx_hal_tim.o(i.HAL_TIM_PWM_Init)
    HAL_TIM_PWM_MspInit                      0x080033a5   Thumb Code    74  tim.o(i.HAL_TIM_PWM_MspInit)
    HAL_TIM_PWM_Start                        0x08003401   Thumb Code    58  stm32f4xx_hal_tim.o(i.HAL_TIM_PWM_Start)
    HAL_TIM_PWM_Stop                         0x08003445   Thumb Code    84  stm32f4xx_hal_tim.o(i.HAL_TIM_PWM_Stop)
    HAL_UART_DMAStop                         0x080034a1   Thumb Code    88  stm32f4xx_hal_uart.o(i.HAL_UART_DMAStop)
    HAL_UART_ErrorCallback                   0x080034f9   Thumb Code    18  bsp_uart.o(i.HAL_UART_ErrorCallback)
    HAL_UART_Init                            0x0800350b   Thumb Code    98  stm32f4xx_hal_uart.o(i.HAL_UART_Init)
    HAL_UART_MspInit                         0x0800356d   Thumb Code   544  usart.o(i.HAL_UART_MspInit)
    HAL_UART_Receive_DMA                     0x080037bd   Thumb Code   138  stm32f4xx_hal_uart.o(i.HAL_UART_Receive_DMA)
    HAL_UART_RxCpltCallback                  0x08003855   Thumb Code     2  stm32f4xx_hal_uart.o(i.HAL_UART_RxCpltCallback)
    HAL_UART_RxHalfCpltCallback              0x08003857   Thumb Code     2  stm32f4xx_hal_uart.o(i.HAL_UART_RxHalfCpltCallback)
    HardFault_Handler                        0x08003859   Thumb Code     2  stm32f4xx_it.o(i.HardFault_Handler)
    IMU_Get_Data                             0x0800385d   Thumb Code   128  mpu6500.o(i.IMU_Get_Data)
    InfantryYawUpdate                        0x080038e5   Thumb Code   428  imu_thread.o(i.InfantryYawUpdate)
    MPU6500_Read_Regs                        0x08003ab1   Thumb Code    78  mpu6500.o(i.MPU6500_Read_Regs)
    MX_ADC1_Init                             0x08003b0d   Thumb Code    88  adc.o(i.MX_ADC1_Init)
    MX_CAN1_Init                             0x08003b71   Thumb Code    62  can.o(i.MX_CAN1_Init)
    MX_CAN2_Init                             0x08003bb9   Thumb Code    60  can.o(i.MX_CAN2_Init)
    MX_DMA_Init                              0x08003bfd   Thumb Code   104  dma.o(i.MX_DMA_Init)
    MX_FREERTOS_Init                         0x08003c69   Thumb Code   140  freertos.o(i.MX_FREERTOS_Init)
    MX_GPIO_Init                             0x08003cfd   Thumb Code   344  gpio.o(i.MX_GPIO_Init)
    MX_IWDG_Init                             0x08003e71   Thumb Code    36  iwdg.o(i.MX_IWDG_Init)
    MX_SPI1_Init                             0x08003e9d   Thumb Code    64  spi.o(i.MX_SPI1_Init)
    MX_SPI5_Init                             0x08003ee5   Thumb Code    62  spi.o(i.MX_SPI5_Init)
    MX_TIM12_Init                            0x08003f2d   Thumb Code    82  tim.o(i.MX_TIM12_Init)
    MX_TIM3_Init                             0x08003f8d   Thumb Code   100  tim.o(i.MX_TIM3_Init)
    MX_TIM4_Init                             0x08003ff9   Thumb Code   136  tim.o(i.MX_TIM4_Init)
    MX_UART7_Init                            0x08004089   Thumb Code    48  usart.o(i.MX_UART7_Init)
    MX_UART8_Init                            0x080040c1   Thumb Code    48  usart.o(i.MX_UART8_Init)
    MX_USART1_UART_Init                      0x080040f9   Thumb Code    50  usart.o(i.MX_USART1_UART_Init)
    MX_USART2_UART_Init                      0x08004139   Thumb Code    46  usart.o(i.MX_USART2_UART_Init)
    MemManage_Handler                        0x08004175   Thumb Code     2  stm32f4xx_it.o(i.MemManage_Handler)
    NMI_Handler                              0x08004177   Thumb Code     2  stm32f4xx_it.o(i.NMI_Handler)
    PID_InitArgument                         0x08004179   Thumb Code    14  kernal_thread.o(i.PID_InitArgument)
    PID_struct_init                          0x08004187   Thumb Code    30  pid.o(i.PID_struct_init)
    SplitStr                                 0x08004291   Thumb Code    80  stmgood.o(i.SplitStr)
    StrToFloat                               0x080042e1   Thumb Code   282  stmgood.o(i.StrToFloat)
    Strlen                                   0x08004415   Thumb Code    16  stmgood.o(i.Strlen)
    SubStr                                   0x08004425   Thumb Code    34  stmgood.o(i.SubStr)
    SysTick_Handler                          0x0800444d   Thumb Code    24  stm32f4xx_it.o(i.SysTick_Handler)
    SystemClock_Config                       0x08004465   Thumb Code   130  main.o(i.SystemClock_Config)
    SystemInit                               0x080044f1   Thumb Code    66  system_stm32f4xx.o(i.SystemInit)
    TIM_Base_SetConfig                       0x08004545   Thumb Code   156  stm32f4xx_hal_tim.o(i.TIM_Base_SetConfig)
    TIM_CCxChannelCmd                        0x0800460d   Thumb Code    26  stm32f4xx_hal_tim.o(i.TIM_CCxChannelCmd)
    TIM_OC2_SetConfig                        0x08004689   Thumb Code    98  stm32f4xx_hal_tim.o(i.TIM_OC2_SetConfig)
    Temp_keep                                0x080047ad   Thumb Code    48  imu_thread.o(i.Temp_keep)
    UART7_IRQHandler                         0x080047ed   Thumb Code     6  stm32f4xx_it.o(i.UART7_IRQHandler)
    UART_RX_IDLE_IRQ                         0x080048b9   Thumb Code   108  bsp_uart.o(i.UART_RX_IDLE_IRQ)
    USART1_IRQHandler                        0x08004bed   Thumb Code     6  stm32f4xx_it.o(i.USART1_IRQHandler)
    USART_InitArgument                       0x08004bf9   Thumb Code    34  bsp_uart.o(i.USART_InitArgument)
    USER_DMA_INIT                            0x08004c35   Thumb Code    66  bsp_uart.o(i.USER_DMA_INIT)
    UpLiftPos_Ctrl                           0x08004c79   Thumb Code    24  fetch_ctrl.o(i.UpLiftPos_Ctrl)
    UsageFault_Handler                       0x08004ca1   Thumb Code     2  stm32f4xx_it.o(i.UsageFault_Handler)
    __0printf                                0x08004ca5   Thumb Code    22  printfa.o(i.__0printf)
    __1printf                                0x08004ca5   Thumb Code     0  printfa.o(i.__0printf)
    __2printf                                0x08004ca5   Thumb Code     0  printfa.o(i.__0printf)
    __c89printf                              0x08004ca5   Thumb Code     0  printfa.o(i.__0printf)
    printf                                   0x08004ca5   Thumb Code     0  printfa.o(i.__0printf)
    __ARM_fpclassify                         0x08004cc5   Thumb Code    48  fpclassify.o(i.__ARM_fpclassify)
    __hardfp_asin                            0x08004d19   Thumb Code   770  asin.o(i.__hardfp_asin)
    __hardfp_atan                            0x08005079   Thumb Code   622  atan.o(i.__hardfp_atan)
    __hardfp_atan2                           0x08005351   Thumb Code   432  atan2.o(i.__hardfp_atan2)
    __kernel_poly                            0x08005541   Thumb Code   248  poly.o(i.__kernel_poly)
    __mathlib_dbl_infnan                     0x08005639   Thumb Code    20  dunder.o(i.__mathlib_dbl_infnan)
    __mathlib_dbl_infnan2                    0x0800564d   Thumb Code    20  dunder.o(i.__mathlib_dbl_infnan2)
    __mathlib_dbl_invalid                    0x08005661   Thumb Code    24  dunder.o(i.__mathlib_dbl_invalid)
    __mathlib_dbl_underflow                  0x08005681   Thumb Code    24  dunder.o(i.__mathlib_dbl_underflow)
    __scatterload_copy                       0x080056a1   Thumb Code    14  handlers.o(i.__scatterload_copy)
    __scatterload_null                       0x080056af   Thumb Code     2  handlers.o(i.__scatterload_null)
    __scatterload_zeroinit                   0x080056b1   Thumb Code    14  handlers.o(i.__scatterload_zeroinit)
    __set_errno                              0x080056c1   Thumb Code     6  errno.o(i.__set_errno)
    atan                                     0x08005f5f   Thumb Code    16  atan.o(i.atan)
    can_device_init                          0x08005f71   Thumb Code    52  bsp_can.o(i.can_device_init)
    can_receive_start                        0x08005fad   Thumb Code    34  bsp_can.o(i.can_receive_start)
    chassis_pid_init                         0x0800612d   Thumb Code   214  chassis_thread.o(i.chassis_pid_init)
    chassis_state_init                       0x08006225   Thumb Code    76  fetch_ctrl.o(i.chassis_state_init)
    chassis_thread                           0x08006281   Thumb Code   328  chassis_thread.o(i.chassis_thread)
    cmd                                      0x080063ed   Thumb Code   270  stmgood.o(i.cmd)
    data_6020_handle                         0x080065a9   Thumb Code    76  bsp_can.o(i.data_6020_handle)
    debug_thread                             0x080065f9   Thumb Code   248  freertos.o(i.debug_thread)
    detect_thread                            0x0800688d   Thumb Code   296  detect_thread.o(i.detect_thread)
    detector_init                            0x080069e1   Thumb Code   102  detect_thread.o(i.detector_init)
    encoder_data_handle                      0x08006a4d   Thumb Code   132  bsp_can.o(i.encoder_data_handle)
    err_detector_hook                        0x08006ad9   Thumb Code    24  detect_thread.o(i.err_detector_hook)
    fabs                                     0x08006af5   Thumb Code    24  fabs.o(i.fabs)
    flip_to_max                              0x08006b0d   Thumb Code    36  fetch_ctrl.o(i.flip_to_max)
    flip_to_min                              0x08006b39   Thumb Code    36  fetch_ctrl.o(i.flip_to_min)
    float_constrain                          0x08006b61   Thumb Code    32  user_lib.o(i.float_constrain)
    flow_led_off                             0x08006b81   Thumb Code    14  bsp_io.o(i.flow_led_off)
    flow_led_tog                             0x08006b95   Thumb Code    12  bsp_io.o(i.flow_led_tog)
    fputc                                    0x08006ba5   Thumb Code    18  bsp_uart.o(i.fputc)
    gimbal_pid_init                          0x08006e61   Thumb Code   388  gimbal_thread.o(i.gimbal_pid_init)
    gimbal_thread                            0x080070dd   Thumb Code    86  gimbal_thread.o(i.gimbal_thread)
    go1                                      0x08007199   Thumb Code     6  stmgood.o(i.go1)
    imu_AHRS_update                          0x080071a9   Thumb Code   890  imu_thread.o(i.imu_AHRS_update)
    imu_cal_update                           0x0800753d   Thumb Code    22  imu_thread.o(i.imu_cal_update)
    imu_thread                               0x08007553   Thumb Code    12  imu_thread.o(i.imu_thread)
    invSqrt                                  0x0800756d   Thumb Code    40  user_lib.o(i.invSqrt)
    kernal_thread                            0x08007599   Thumb Code    40  kernal_thread.o(i.kernal_thread)
    main                                     0x080075c1   Thumb Code   142  main.o(i.main)
    multi1                                   0x080077ed   Thumb Code   118  stmgood.o(i.multi1)
    multi2                                   0x08007895   Thumb Code   118  stmgood.o(i.multi2)
    multi3                                   0x0800793d   Thumb Code    76  stmgood.o(i.multi3)
    multi4                                   0x080079bd   Thumb Code    22  stmgood.o(i.multi4)
    oled_clear                               0x080079dd   Thumb Code    60  oled.o(i.oled_clear)
    oled_init                                0x08007a1d   Thumb Code   286  oled.o(i.oled_init)
    oled_write_byte                          0x08007b6d   Thumb Code    36  oled.o(i.oled_write_byte)
    osDelay                                  0x08007b99   Thumb Code    14  cmsis_os.o(i.osDelay)
    osDelayUntil                             0x08007ba7   Thumb Code    14  cmsis_os.o(i.osDelayUntil)
    osKernelStart                            0x08007bb5   Thumb Code    10  cmsis_os.o(i.osKernelStart)
    osKernelSysTick                          0x08007bbf   Thumb Code    24  cmsis_os.o(i.osKernelSysTick)
    osThreadCreate                           0x08007bd7   Thumb Code    84  cmsis_os.o(i.osThreadCreate)
    pid_ast                                  0x08007c2d   Thumb Code   382  pid.o(i.pid_ast)
    pvPortMalloc                             0x080080f9   Thumb Code   210  heap_4.o(i.pvPortMalloc)
    pxPortInitialiseStack                    0x080081d1   Thumb Code    40  port.o(i.pxPortInitialiseStack)
    rc_callback_handle                       0x080081fd   Thumb Code   218  dr16_decode.o(i.rc_callback_handle)
    rc_init                                  0x080082dd   Thumb Code    20  dr16_decode.o(i.rc_init)
    send_can2_ms                             0x080082f5   Thumb Code    60  bsp_can.o(i.send_can2_ms)
    send_chassis_cur                         0x0800833d   Thumb Code    58  bsp_can.o(i.send_chassis_cur)
    send_gimbal_cur                          0x08008385   Thumb Code    58  bsp_can.o(i.send_gimbal_cur)
    slip_accuracy                            0x080083cd   Thumb Code    32  fetch_ctrl.o(i.slip_accuracy)
    slove_ms_send                            0x080083f1   Thumb Code    60  detect_thread.o(i.slove_ms_send)
    sqrt                                     0x08008431   Thumb Code   110  sqrt.o(i.sqrt)
    uplift_accuracy                          0x080084a1   Thumb Code    36  fetch_ctrl.o(i.uplift_accuracy)
    uxListRemove                             0x080084cd   Thumb Code    38  list.o(i.uxListRemove)
    vApplicationGetIdleTaskMemory            0x080084f5   Thumb Code    16  freertos.o(i.vApplicationGetIdleTaskMemory)
    vApplicationStackOverflowHook            0x08008509   Thumb Code     2  freertos.o(i.vApplicationStackOverflowHook)
    vListInitialise                          0x0800850b   Thumb Code    22  list.o(i.vListInitialise)
    vListInitialiseItem                      0x08008521   Thumb Code     6  list.o(i.vListInitialiseItem)
    vListInsert                              0x08008527   Thumb Code    48  list.o(i.vListInsert)
    vListInsertEnd                           0x08008557   Thumb Code    24  list.o(i.vListInsertEnd)
    vPortEnterCritical                       0x08008571   Thumb Code    54  port.o(i.vPortEnterCritical)
    vPortExitCritical                        0x080085b1   Thumb Code    34  port.o(i.vPortExitCritical)
    vPortFree                                0x080085d9   Thumb Code    88  heap_4.o(i.vPortFree)
    vPortSetupTimerInterrupt                 0x08008635   Thumb Code    32  port.o(i.vPortSetupTimerInterrupt)
    vPortValidateInterruptPriority           0x08008659   Thumb Code    74  port.o(i.vPortValidateInterruptPriority)
    vTaskDelay                               0x080086ad   Thumb Code    66  tasks.o(i.vTaskDelay)
    vTaskDelayUntil                          0x080086f9   Thumb Code   132  tasks.o(i.vTaskDelayUntil)
    vTaskStartScheduler                      0x08008785   Thumb Code    90  tasks.o(i.vTaskStartScheduler)
    vTaskSuspendAll                          0x080087f1   Thumb Code    10  tasks.o(i.vTaskSuspendAll)
    vTaskSwitchContext                       0x08008801   Thumb Code   106  tasks.o(i.vTaskSwitchContext)
    vcc_out_init                             0x08008875   Thumb Code    48  bsp_io.o(i.vcc_out_init)
    xPortStartScheduler                      0x080088a9   Thumb Code   222  port.o(i.xPortStartScheduler)
    xPortSysTickHandler                      0x0800899d   Thumb Code    38  port.o(i.xPortSysTickHandler)
    xTaskCreate                              0x080089c9   Thumb Code    90  tasks.o(i.xTaskCreate)
    xTaskCreateStatic                        0x08008a23   Thumb Code    86  tasks.o(i.xTaskCreateStatic)
    xTaskGetSchedulerState                   0x08008a79   Thumb Code    22  tasks.o(i.xTaskGetSchedulerState)
    xTaskGetTickCount                        0x08008a95   Thumb Code     6  tasks.o(i.xTaskGetTickCount)
    xTaskGetTickCountFromISR                 0x08008aa1   Thumb Code    12  tasks.o(i.xTaskGetTickCountFromISR)
    xTaskIncrementTick                       0x08008ab1   Thumb Code   192  tasks.o(i.xTaskIncrementTick)
    xTaskResumeAll                           0x08008b79   Thumb Code   182  tasks.o(i.xTaskResumeAll)
    AHBPrescTable                            0x08008cec   Data          16  system_stm32f4xx.o(.constdata)
    APBPrescTable                            0x08008cfc   Data           8  system_stm32f4xx.o(.constdata)
    __mathlib_zero                           0x08008df0   Data           8  qnan.o(.constdata)
    Region$$Table$$Base                      0x08008e4c   Number         0  anon$$obj.o(Region$$Table)
    Region$$Table$$Limit                     0x08008e6c   Number         0  anon$$obj.o(Region$$Table)
    Count                                    0x20000014   Data           1  stmgood.o(.data)
    _kp                                      0x20000018   Data           4  stmgood.o(.data)
    _ki                                      0x2000001c   Data           4  stmgood.o(.data)
    _kd                                      0x20000020   Data           4  stmgood.o(.data)
    _kkp                                     0x20000024   Data           4  stmgood.o(.data)
    _kki                                     0x20000028   Data           4  stmgood.o(.data)
    _kkd                                     0x2000002c   Data           4  stmgood.o(.data)
    maxout1                                  0x20000030   Data           4  stmgood.o(.data)
    maxout2                                  0x20000034   Data           4  stmgood.o(.data)
    ext_buff_musk                            0x2000003a   Data           1  bsp_can.o(.data)
    ext_robot_hurt                           0x2000003b   Data           1  bsp_can.o(.data)
    data2bytes                               0x2000003c   Data           2  bsp_can.o(.data)
    ext_game_state                           0x2000003e   Data           3  bsp_can.o(.data)
    data4bytes                               0x20000044   Data           4  bsp_can.o(.data)
    ext_shoot_data                           0x20000048   Data           6  bsp_can.o(.data)
    TxData                                   0x2000004e   Data           8  bsp_can.o(.data)
    detect_time_last                         0x20000058   Data           4  detect_thread.o(.data)
    detect_time_ms                           0x2000005c   Data           4  detect_thread.o(.data)
    q0                                       0x20000060   Data           4  imu_thread.o(.data)
    q1                                       0x20000064   Data           4  imu_thread.o(.data)
    q2                                       0x20000068   Data           4  imu_thread.o(.data)
    q3                                       0x2000006c   Data           4  imu_thread.o(.data)
    imu_init_ok                              0x20000070   Data           4  imu_thread.o(.data)
    Kp                                       0x20000074   Data           4  imu_thread.o(.data)
    Ki                                       0x20000078   Data           4  imu_thread.o(.data)
    imu_pitch                                0x200000c8   Data           4  imu_thread.o(.data)
    imu_roll                                 0x200000cc   Data           4  imu_thread.o(.data)
    halfT                                    0x200000d0   Data           4  imu_thread.o(.data)
    DEBUGTHREADHandle                        0x200000d8   Data           4  freertos.o(.data)
    CHASSISTHREADHandle                      0x200000dc   Data           4  freertos.o(.data)
    GIMBALTHREADHandle                       0x200000e0   Data           4  freertos.o(.data)
    KERNALTHREADHandle                       0x200000e4   Data           4  freertos.o(.data)
    DETECTHREADHandle                        0x200000e8   Data           4  freertos.o(.data)
    IMUTHREADHandle                          0x200000ec   Data           4  freertos.o(.data)
    TIM12_ARR                                0x200000f0   Data           4  tim.o(.data)
    uwTickFreq                               0x200000f4   Data           1  stm32f4xx_hal.o(.data)
    uwTickPrio                               0x200000f8   Data           4  stm32f4xx_hal.o(.data)
    uwTick                                   0x200000fc   Data           4  stm32f4xx_hal.o(.data)
    SystemCoreClock                          0x20000100   Data           4  system_stm32f4xx.o(.data)
    pxCurrentTCB                             0x20000104   Data           4  tasks.o(.data)
    __stdout                                 0x20000164   Data           4  stdout.o(.data)
    rc                                       0x2000016c   Data          20  dr16_decode.o(.bss)
    dbus_buf                                 0x20000180   Data          18  dr16_decode.o(.bss)
    imu_data                                 0x20000192   Data          20  mpu6500.o(.bss)
    imu_data_forcal                          0x200001a6   Data          20  mpu6500.o(.bss)
    imu_data_offset                          0x200001ba   Data          20  mpu6500.o(.bss)
    pid_out                                  0x200001d0   Data         468  pid.o(.bss)
    pid_in                                   0x200003a4   Data         468  pid.o(.bss)
    pid_chassis                              0x20000578   Data         312  pid.o(.bss)
    pid_fric                                 0x200006b0   Data         104  pid.o(.bss)
    Cmd1                                     0x20000718   Data          20  stmgood.o(.bss)
    Cmd2                                     0x2000072c   Data          80  stmgood.o(.bss)
    Data                                     0x2000077c   Data         100  stmgood.o(.bss)
    Str1                                     0x200007e0   Data         100  stmgood.o(.bss)
    xx                                       0x20000848   Data         800  stmgood.o(.bss)
    CAN_TxHeader                             0x20000f68   Data          24  bsp_can.o(.bss)
    moto_chassis                             0x20000f80   Data         256  bsp_can.o(.bss)
    moto_fric                                0x20001080   Data          64  bsp_can.o(.bss)
    moto_gimbal                              0x200010c0   Data         160  bsp_can.o(.bss)
    ext_game_robot_state                     0x20001160   Data          15  bsp_can.o(.bss)
    ext_power_heat_data                      0x2000116f   Data          14  bsp_can.o(.bss)
    ext_game_robot_pos                       0x2000117d   Data          16  bsp_can.o(.bss)
    bt_buf                                   0x2000118d   Data          50  bsp_uart.o(.bss)
    chassis                                  0x200011d8   Data          68  chassis_thread.o(.bss)
    g_err                                    0x2000121c   Data         176  detect_thread.o(.bss)
    g_fps                                    0x200012cc   Data         120  detect_thread.o(.bss)
    r_fps                                    0x20001344   Data         120  detect_thread.o(.bss)
    gimbal                                   0x2000141c   Data          12  gimbal_thread.o(.bss)
    kernal_ctrl                              0x20001428   Data          24  kernal_thread.o(.bss)
    imu_temp                                 0x20001440   Data          52  imu_thread.o(.bss)
    ADC_Value                                0x20001474   Data         200  adc.o(.bss)
    hadc1                                    0x2000153c   Data          72  adc.o(.bss)
    hdma_adc1                                0x20001584   Data          96  adc.o(.bss)
    hcan1                                    0x200015e4   Data          40  can.o(.bss)
    hcan2                                    0x2000160c   Data          40  can.o(.bss)
    hiwdg                                    0x20001888   Data          12  iwdg.o(.bss)
    hspi1                                    0x20001894   Data          88  spi.o(.bss)
    hspi5                                    0x200018ec   Data          88  spi.o(.bss)
    GPIO_InitStr                             0x20001944   Data          20  tim.o(.bss)
    htim3                                    0x20001958   Data          64  tim.o(.bss)
    htim4                                    0x20001998   Data          64  tim.o(.bss)
    htim12                                   0x200019d8   Data          64  tim.o(.bss)
    huart7                                   0x20001a18   Data          64  usart.o(.bss)
    huart8                                   0x20001a58   Data          64  usart.o(.bss)
    huart1                                   0x20001a98   Data          64  usart.o(.bss)
    huart2                                   0x20001ad8   Data          64  usart.o(.bss)
    hdma_uart7_rx                            0x20001b18   Data          96  usart.o(.bss)
    hdma_uart8_rx                            0x20001b78   Data          96  usart.o(.bss)
    hdma_usart1_rx                           0x20001bd8   Data          96  usart.o(.bss)
    __initial_sp                             0x20005d28   Data           0  startup_stm32f427xx.o(STACK)



==============================================================================

Memory Map of the image

  Image Entry point : 0x080001ad

  Load Region LR_IROM1 (Base: 0x08000000, Size: 0x00008fd8, Max: 0x00200000, ABSOLUTE, COMPRESSED[0x00008e8c])

    Execution Region ER_IROM1 (Base: 0x08000000, Size: 0x00008e6c, Max: 0x00200000, ABSOLUTE)

    Base Addr    Size         Type   Attr      Idx    E Section Name        Object

    0x08000000   0x000001ac   Data   RO            3    RESET               startup_stm32f427xx.o
    0x080001ac   0x00000000   Code   RO         7213  * .ARM.Collect$$$$00000000  mc_w.l(entry.o)
    0x080001ac   0x00000004   Code   RO         7552    .ARM.Collect$$$$00000001  mc_w.l(entry2.o)
    0x080001b0   0x00000004   Code   RO         7555    .ARM.Collect$$$$00000004  mc_w.l(entry5.o)
    0x080001b4   0x00000000   Code   RO         7557    .ARM.Collect$$$$00000008  mc_w.l(entry7b.o)
    0x080001b4   0x00000000   Code   RO         7559    .ARM.Collect$$$$0000000A  mc_w.l(entry8b.o)
    0x080001b4   0x00000008   Code   RO         7560    .ARM.Collect$$$$0000000B  mc_w.l(entry9a.o)
    0x080001bc   0x00000000   Code   RO         7562    .ARM.Collect$$$$0000000D  mc_w.l(entry10a.o)
    0x080001bc   0x00000000   Code   RO         7564    .ARM.Collect$$$$0000000F  mc_w.l(entry11a.o)
    0x080001bc   0x00000004   Code   RO         7553    .ARM.Collect$$$$00002712  mc_w.l(entry2.o)
    0x080001c0   0x000000be   Code   RO         7110    .emb_text           port.o
    0x0800027e   0x00000002   PAD
    0x08000280   0x00000024   Code   RO            4    .text               startup_stm32f427xx.o
    0x080002a4   0x00000062   Code   RO         7216    .text               mc_w.l(uldiv.o)
    0x08000306   0x00000024   Code   RO         7218    .text               mc_w.l(memcpya.o)
    0x0800032a   0x00000024   Code   RO         7222    .text               mc_w.l(memseta.o)
    0x0800034e   0x0000014e   Code   RO         7487    .text               mf_w.l(dadd.o)
    0x0800049c   0x000000e4   Code   RO         7489    .text               mf_w.l(dmul.o)
    0x08000580   0x000000de   Code   RO         7491    .text               mf_w.l(ddiv.o)
    0x0800065e   0x00000022   Code   RO         7495    .text               mf_w.l(dflti.o)
    0x08000680   0x00000026   Code   RO         7497    .text               mf_w.l(f2d.o)
    0x080006a6   0x00000038   Code   RO         7499    .text               mf_w.l(d2f.o)
    0x080006de   0x0000002c   Code   RO         7567    .text               mc_w.l(uidiv.o)
    0x0800070a   0x0000001e   Code   RO         7569    .text               mc_w.l(llshl.o)
    0x08000728   0x00000020   Code   RO         7571    .text               mc_w.l(llushr.o)
    0x08000748   0x00000024   Code   RO         7573    .text               mc_w.l(llsshr.o)
    0x0800076c   0x00000000   Code   RO         7582    .text               mc_w.l(iusefp.o)
    0x0800076c   0x0000006e   Code   RO         7583    .text               mf_w.l(fepilogue.o)
    0x080007da   0x000000ba   Code   RO         7585    .text               mf_w.l(depilogue.o)
    0x08000894   0x00000030   Code   RO         7587    .text               mf_w.l(dfixul.o)
    0x080008c4   0x00000030   Code   RO         7589    .text               mf_w.l(cdrcmple.o)
    0x080008f4   0x00000024   Code   RO         7591    .text               mc_w.l(init.o)
    0x08000918   0x000000a2   Code   RO         7593    .text               mf_w.l(dsqrt.o)
    0x080009ba   0x0000003a   Code   RO         7605    .text               mc_w.l(__dczerorl.o)
    0x080009f4   0x0000006e   Code   RO         2553    i.ADC_DMAConvCplt   stm32f4xx_hal_adc.o
    0x08000a62   0x00000016   Code   RO         2554    i.ADC_DMAError      stm32f4xx_hal_adc.o
    0x08000a78   0x0000000a   Code   RO         2555    i.ADC_DMAHalfConvCplt  stm32f4xx_hal_adc.o
    0x08000a82   0x00000002   PAD
    0x08000a84   0x00000128   Code   RO         2556    i.ADC_Init          stm32f4xx_hal_adc.o
    0x08000bac   0x00000020   Code   RO         1960    i.ADC_InitArgument  adc.o
    0x08000bcc   0x00000002   Code   RO         2405    i.BusFault_Handler  stm32f4xx_it.o
    0x08000bce   0x00000002   PAD
    0x08000bd0   0x0000000c   Code   RO         2406    i.CAN1_RX0_IRQHandler  stm32f4xx_it.o
    0x08000bdc   0x0000000c   Code   RO         2407    i.CAN1_TX_IRQHandler  stm32f4xx_it.o
    0x08000be8   0x0000000c   Code   RO         2408    i.CAN2_RX0_IRQHandler  stm32f4xx_it.o
    0x08000bf4   0x0000000c   Code   RO         2409    i.CAN2_TX_IRQHandler  stm32f4xx_it.o
    0x08000c00   0x0000000e   Code   RO         1224    i.CAN_InitArgument  bsp_can.o
    0x08000c0e   0x00000002   PAD
    0x08000c10   0x00000218   Code   RO          555    i.Command           stmgood.o
    0x08000e28   0x00000030   Code   RO          556    i.CompStr           stmgood.o
    0x08000e58   0x00000016   Code   RO          557    i.CopyStr           stmgood.o
    0x08000e6e   0x00000002   PAD
    0x08000e70   0x00000014   Code   RO         1539    i.DETECT_InitArgument  detect_thread.o
    0x08000e84   0x00000028   Code   RO         2410    i.DMA1_Stream3_IRQHandler  stm32f4xx_it.o
    0x08000eac   0x0000000c   Code   RO         2411    i.DMA1_Stream6_IRQHandler  stm32f4xx_it.o
    0x08000eb8   0x0000000c   Code   RO         2412    i.DMA2_Stream0_IRQHandler  stm32f4xx_it.o
    0x08000ec4   0x00000020   Code   RO         2413    i.DMA2_Stream2_IRQHandler  stm32f4xx_it.o
    0x08000ee4   0x00000028   Code   RO         3339    i.DMA_CalcBaseAndBitshift  stm32f4xx_hal_dma.o
    0x08000f0c   0x00000054   Code   RO         3340    i.DMA_CheckFifoParam  stm32f4xx_hal_dma.o
    0x08000f60   0x00000028   Code   RO         3341    i.DMA_SetConfig     stm32f4xx_hal_dma.o
    0x08000f88   0x00000088   Code   RO          558    i.DealStr           stmgood.o
    0x08001010   0x00000090   Code   RO          559    i.Dealdata          stmgood.o
    0x080010a0   0x00000002   Code   RO         2414    i.DebugMon_Handler  stm32f4xx_it.o
    0x080010a2   0x00000002   Code   RO         1896    i.Error_Handler     main.o
    0x080010a4   0x00000018   Code   RO          560    i.FirstSpace        stmgood.o
    0x080010bc   0x00000054   Code   RO         1342    i.GPIO_InitArgument  bsp_io.o
    0x08001110   0x00000164   Code   RO         2558    i.HAL_ADC_ConfigChannel  stm32f4xx_hal_adc.o
    0x08001274   0x00000002   Code   RO         2559    i.HAL_ADC_ConvCpltCallback  stm32f4xx_hal_adc.o
    0x08001276   0x00000002   Code   RO         2560    i.HAL_ADC_ConvHalfCpltCallback  stm32f4xx_hal_adc.o
    0x08001278   0x00000002   Code   RO         2562    i.HAL_ADC_ErrorCallback  stm32f4xx_hal_adc.o
    0x0800127a   0x00000054   Code   RO         2567    i.HAL_ADC_Init      stm32f4xx_hal_adc.o
    0x080012ce   0x00000002   PAD
    0x080012d0   0x00000098   Code   RO         1962    i.HAL_ADC_MspInit   adc.o
    0x08001368   0x000000ec   Code   RO         2573    i.HAL_ADC_Start     stm32f4xx_hal_adc.o
    0x08001454   0x00000130   Code   RO         2574    i.HAL_ADC_Start_DMA  stm32f4xx_hal_adc.o
    0x08001584   0x00000024   Code   RO         4040    i.HAL_CAN_ActivateNotification  stm32f4xx_hal_can.o
    0x080015a8   0x000000c8   Code   RO         4041    i.HAL_CAN_AddTxMessage  stm32f4xx_hal_can.o
    0x08001670   0x0000010c   Code   RO         4042    i.HAL_CAN_ConfigFilter  stm32f4xx_hal_can.o
    0x0800177c   0x00000002   Code   RO         4045    i.HAL_CAN_ErrorCallback  stm32f4xx_hal_can.o
    0x0800177e   0x000000e8   Code   RO         4048    i.HAL_CAN_GetRxMessage  stm32f4xx_hal_can.o
    0x08001866   0x000001fc   Code   RO         4052    i.HAL_CAN_IRQHandler  stm32f4xx_hal_can.o
    0x08001a62   0x0000011a   Code   RO         4053    i.HAL_CAN_Init      stm32f4xx_hal_can.o
    0x08001b7c   0x0000011c   Code   RO         2021    i.HAL_CAN_MspInit   can.o
    0x08001c98   0x00000002   Code   RO         4060    i.HAL_CAN_RxFifo0FullCallback  stm32f4xx_hal_can.o
    0x08001c9a   0x00000002   PAD
    0x08001c9c   0x000003b8   Code   RO         1225    i.HAL_CAN_RxFifo0MsgPendingCallback  bsp_can.o
    0x08002054   0x00000002   Code   RO         4062    i.HAL_CAN_RxFifo1FullCallback  stm32f4xx_hal_can.o
    0x08002056   0x00000002   Code   RO         4063    i.HAL_CAN_RxFifo1MsgPendingCallback  stm32f4xx_hal_can.o
    0x08002058   0x00000002   Code   RO         4064    i.HAL_CAN_SleepCallback  stm32f4xx_hal_can.o
    0x0800205a   0x00000002   PAD
    0x0800205c   0x00000058   Code   RO         4065    i.HAL_CAN_Start     stm32f4xx_hal_can.o
    0x080020b4   0x00000002   Code   RO         4067    i.HAL_CAN_TxMailbox0AbortCallback  stm32f4xx_hal_can.o
    0x080020b6   0x00000002   Code   RO         4068    i.HAL_CAN_TxMailbox0CompleteCallback  stm32f4xx_hal_can.o
    0x080020b8   0x00000002   Code   RO         4069    i.HAL_CAN_TxMailbox1AbortCallback  stm32f4xx_hal_can.o
    0x080020ba   0x00000002   Code   RO         4070    i.HAL_CAN_TxMailbox1CompleteCallback  stm32f4xx_hal_can.o
    0x080020bc   0x00000002   Code   RO         4071    i.HAL_CAN_TxMailbox2AbortCallback  stm32f4xx_hal_can.o
    0x080020be   0x00000002   Code   RO         4072    i.HAL_CAN_TxMailbox2CompleteCallback  stm32f4xx_hal_can.o
    0x080020c0   0x00000002   Code   RO         4074    i.HAL_CAN_WakeUpFromRxMsgCallback  stm32f4xx_hal_can.o
    0x080020c2   0x0000008e   Code   RO         3342    i.HAL_DMA_Abort     stm32f4xx_hal_dma.o
    0x08002150   0x000001a0   Code   RO         3347    i.HAL_DMA_IRQHandler  stm32f4xx_hal_dma.o
    0x080022f0   0x000000d4   Code   RO         3348    i.HAL_DMA_Init      stm32f4xx_hal_dma.o
    0x080023c4   0x00000078   Code   RO         3352    i.HAL_DMA_Start_IT  stm32f4xx_hal_dma.o
    0x0800243c   0x00000024   Code   RO         3779    i.HAL_Delay         stm32f4xx_hal.o
    0x08002460   0x000001cc   Code   RO         3235    i.HAL_GPIO_Init     stm32f4xx_hal_gpio.o
    0x0800262c   0x0000000a   Code   RO         3237    i.HAL_GPIO_ReadPin  stm32f4xx_hal_gpio.o
    0x08002636   0x0000000e   Code   RO         3238    i.HAL_GPIO_TogglePin  stm32f4xx_hal_gpio.o
    0x08002644   0x0000000a   Code   RO         3239    i.HAL_GPIO_WritePin  stm32f4xx_hal_gpio.o
    0x0800264e   0x00000002   PAD
    0x08002650   0x0000000c   Code   RO         3787    i.HAL_GetTick       stm32f4xx_hal.o
    0x0800265c   0x00000052   Code   RO         4273    i.HAL_IWDG_Init     stm32f4xx_hal_iwdg.o
    0x080026ae   0x0000000c   Code   RO         4274    i.HAL_IWDG_Refresh  stm32f4xx_hal_iwdg.o
    0x080026ba   0x00000002   PAD
    0x080026bc   0x00000010   Code   RO         3793    i.HAL_IncTick       stm32f4xx_hal.o
    0x080026cc   0x00000034   Code   RO         3794    i.HAL_Init          stm32f4xx_hal.o
    0x08002700   0x00000040   Code   RO         3795    i.HAL_InitTick      stm32f4xx_hal.o
    0x08002740   0x00000038   Code   RO         2529    i.HAL_MspInit       stm32f4xx_hal_msp.o
    0x08002778   0x0000001a   Code   RO         3642    i.HAL_NVIC_EnableIRQ  stm32f4xx_hal_cortex.o
    0x08002792   0x00000002   PAD
    0x08002794   0x00000040   Code   RO         3648    i.HAL_NVIC_SetPriority  stm32f4xx_hal_cortex.o
    0x080027d4   0x00000024   Code   RO         3649    i.HAL_NVIC_SetPriorityGrouping  stm32f4xx_hal_cortex.o
    0x080027f8   0x00000130   Code   RO         2829    i.HAL_RCC_ClockConfig  stm32f4xx_hal_rcc.o
    0x08002928   0x00000020   Code   RO         2836    i.HAL_RCC_GetPCLK1Freq  stm32f4xx_hal_rcc.o
    0x08002948   0x00000020   Code   RO         2837    i.HAL_RCC_GetPCLK2Freq  stm32f4xx_hal_rcc.o
    0x08002968   0x00000064   Code   RO         2838    i.HAL_RCC_GetSysClockFreq  stm32f4xx_hal_rcc.o
    0x080029cc   0x0000031c   Code   RO         2841    i.HAL_RCC_OscConfig  stm32f4xx_hal_rcc.o
    0x08002ce8   0x00000080   Code   RO         4314    i.HAL_SPI_Init      stm32f4xx_hal_spi.o
    0x08002d68   0x000000cc   Code   RO         2210    i.HAL_SPI_MspInit   spi.o
    0x08002e34   0x0000015c   Code   RO         4322    i.HAL_SPI_Transmit  stm32f4xx_hal_spi.o
    0x08002f90   0x000001e2   Code   RO         4323    i.HAL_SPI_TransmitReceive  stm32f4xx_hal_spi.o
    0x08003172   0x00000028   Code   RO         3653    i.HAL_SYSTICK_Config  stm32f4xx_hal_cortex.o
    0x0800319a   0x00000042   Code   RO         5320    i.HAL_TIMEx_MasterConfigSynchronization  stm32f4xx_hal_tim_ex.o
    0x080031dc   0x000000c0   Code   RO         2284    i.HAL_TIM_MspPostInit  tim.o
    0x0800329c   0x000000d0   Code   RO         4694    i.HAL_TIM_PWM_ConfigChannel  stm32f4xx_hal_tim.o
    0x0800336c   0x00000036   Code   RO         4697    i.HAL_TIM_PWM_Init  stm32f4xx_hal_tim.o
    0x080033a2   0x00000002   PAD
    0x080033a4   0x0000005c   Code   RO         2286    i.HAL_TIM_PWM_MspInit  tim.o
    0x08003400   0x00000044   Code   RO         4702    i.HAL_TIM_PWM_Start  stm32f4xx_hal_tim.o
    0x08003444   0x0000005c   Code   RO         4705    i.HAL_TIM_PWM_Stop  stm32f4xx_hal_tim.o
    0x080034a0   0x00000058   Code   RO         5572    i.HAL_UART_DMAStop  stm32f4xx_hal_uart.o
    0x080034f8   0x00000012   Code   RO         1417    i.HAL_UART_ErrorCallback  bsp_uart.o
    0x0800350a   0x00000062   Code   RO         5578    i.HAL_UART_Init     stm32f4xx_hal_uart.o
    0x0800356c   0x00000250   Code   RO         2346    i.HAL_UART_MspInit  usart.o
    0x080037bc   0x00000098   Code   RO         5582    i.HAL_UART_Receive_DMA  stm32f4xx_hal_uart.o
    0x08003854   0x00000002   Code   RO         5584    i.HAL_UART_RxCpltCallback  stm32f4xx_hal_uart.o
    0x08003856   0x00000002   Code   RO         5585    i.HAL_UART_RxHalfCpltCallback  stm32f4xx_hal_uart.o
    0x08003858   0x00000002   Code   RO         2415    i.HardFault_Handler  stm32f4xx_it.o
    0x0800385a   0x00000002   PAD
    0x0800385c   0x00000088   Code   RO          362    i.IMU_Get_Data      mpu6500.o
    0x080038e4   0x000001cc   Code   RO         1728    i.InfantryYawUpdate  imu_thread.o
    0x08003ab0   0x0000005c   Code   RO          368    i.MPU6500_Read_Regs  mpu6500.o
    0x08003b0c   0x00000064   Code   RO         1963    i.MX_ADC1_Init      adc.o
    0x08003b70   0x00000048   Code   RO         2022    i.MX_CAN1_Init      can.o
    0x08003bb8   0x00000044   Code   RO         2023    i.MX_CAN2_Init      can.o
    0x08003bfc   0x0000006c   Code   RO         2069    i.MX_DMA_Init       dma.o
    0x08003c68   0x00000094   Code   RO         2093    i.MX_FREERTOS_Init  freertos.o
    0x08003cfc   0x00000174   Code   RO         1935    i.MX_GPIO_Init      gpio.o
    0x08003e70   0x0000002c   Code   RO         2179    i.MX_IWDG_Init      iwdg.o
    0x08003e9c   0x00000048   Code   RO         2211    i.MX_SPI1_Init      spi.o
    0x08003ee4   0x00000048   Code   RO         2212    i.MX_SPI5_Init      spi.o
    0x08003f2c   0x00000060   Code   RO         2287    i.MX_TIM12_Init     tim.o
    0x08003f8c   0x0000006c   Code   RO         2288    i.MX_TIM3_Init      tim.o
    0x08003ff8   0x00000090   Code   RO         2289    i.MX_TIM4_Init      tim.o
    0x08004088   0x00000038   Code   RO         2347    i.MX_UART7_Init     usart.o
    0x080040c0   0x00000038   Code   RO         2348    i.MX_UART8_Init     usart.o
    0x080040f8   0x00000040   Code   RO         2349    i.MX_USART1_UART_Init  usart.o
    0x08004138   0x0000003c   Code   RO         2350    i.MX_USART2_UART_Init  usart.o
    0x08004174   0x00000002   Code   RO         2416    i.MemManage_Handler  stm32f4xx_it.o
    0x08004176   0x00000002   Code   RO         2417    i.NMI_Handler       stm32f4xx_it.o
    0x08004178   0x0000000e   Code   RO         1669    i.PID_InitArgument  kernal_thread.o
    0x08004186   0x0000001e   Code   RO          500    i.PID_struct_init   pid.o
    0x080041a4   0x00000058   Code   RO         4352    i.SPI_EndRxTxTransaction  stm32f4xx_hal_spi.o
    0x080041fc   0x00000094   Code   RO         4357    i.SPI_WaitFlagStateUntilTimeout  stm32f4xx_hal_spi.o
    0x08004290   0x00000050   Code   RO          561    i.SplitStr          stmgood.o
    0x080042e0   0x00000134   Code   RO          562    i.StrToFloat        stmgood.o
    0x08004414   0x00000010   Code   RO          564    i.Strlen            stmgood.o
    0x08004424   0x00000028   Code   RO          565    i.SubStr            stmgood.o
    0x0800444c   0x00000018   Code   RO         2418    i.SysTick_Handler   stm32f4xx_it.o
    0x08004464   0x0000008c   Code   RO         1897    i.SystemClock_Config  main.o
    0x080044f0   0x00000054   Code   RO         5880    i.SystemInit        system_stm32f4xx.o
    0x08004544   0x000000c8   Code   RO         4715    i.TIM_Base_SetConfig  stm32f4xx_hal_tim.o
    0x0800460c   0x0000001a   Code   RO         4716    i.TIM_CCxChannelCmd  stm32f4xx_hal_tim.o
    0x08004626   0x00000002   PAD
    0x08004628   0x00000060   Code   RO         4728    i.TIM_OC1_SetConfig  stm32f4xx_hal_tim.o
    0x08004688   0x0000006c   Code   RO         4729    i.TIM_OC2_SetConfig  stm32f4xx_hal_tim.o
    0x080046f4   0x00000068   Code   RO         4730    i.TIM_OC3_SetConfig  stm32f4xx_hal_tim.o
    0x0800475c   0x00000050   Code   RO         4731    i.TIM_OC4_SetConfig  stm32f4xx_hal_tim.o
    0x080047ac   0x00000040   Code   RO         1730    i.Temp_keep         imu_thread.o
    0x080047ec   0x0000000c   Code   RO         2419    i.UART7_IRQHandler  stm32f4xx_it.o
    0x080047f8   0x0000004a   Code   RO         5592    i.UART_DMAError     stm32f4xx_hal_uart.o
    0x08004842   0x0000003c   Code   RO         5593    i.UART_DMAReceiveCplt  stm32f4xx_hal_uart.o
    0x0800487e   0x0000000a   Code   RO         5595    i.UART_DMARxHalfCplt  stm32f4xx_hal_uart.o
    0x08004888   0x0000001c   Code   RO         5601    i.UART_EndRxTransfer  stm32f4xx_hal_uart.o
    0x080048a4   0x00000012   Code   RO         5602    i.UART_EndTxTransfer  stm32f4xx_hal_uart.o
    0x080048b6   0x00000002   PAD
    0x080048b8   0x00000088   Code   RO         1418    i.UART_RX_IDLE_IRQ  bsp_uart.o
    0x08004940   0x000002ac   Code   RO         5604    i.UART_SetConfig    stm32f4xx_hal_uart.o
    0x08004bec   0x0000000c   Code   RO         2420    i.USART1_IRQHandler  stm32f4xx_it.o
    0x08004bf8   0x0000003c   Code   RO         1419    i.USART_InitArgument  bsp_uart.o
    0x08004c34   0x00000042   Code   RO         1421    i.USER_DMA_INIT     bsp_uart.o
    0x08004c76   0x00000002   PAD
    0x08004c78   0x00000028   Code   RO         1800    i.UpLiftPos_Ctrl    fetch_ctrl.o
    0x08004ca0   0x00000002   Code   RO         2421    i.UsageFault_Handler  stm32f4xx_it.o
    0x08004ca2   0x00000002   PAD
    0x08004ca4   0x00000020   Code   RO         7459    i.__0printf         mc_w.l(printfa.o)
    0x08004cc4   0x00000030   Code   RO         7535    i.__ARM_fpclassify  m_wm.l(fpclassify.o)
    0x08004cf4   0x00000020   Code   RO         3655    i.__NVIC_SetPriority  stm32f4xx_hal_cortex.o
    0x08004d14   0x00000004   PAD
    0x08004d18   0x00000360   Code   RO         7187    i.__hardfp_asin     m_wm.l(asin.o)
    0x08005078   0x000002d8   Code   RO         7501    i.__hardfp_atan     m_wm.l(atan.o)
    0x08005350   0x000001f0   Code   RO         7201    i.__hardfp_atan2    m_wm.l(atan2.o)
    0x08005540   0x000000f8   Code   RO         7537    i.__kernel_poly     m_wm.l(poly.o)
    0x08005638   0x00000014   Code   RO         7516    i.__mathlib_dbl_infnan  m_wm.l(dunder.o)
    0x0800564c   0x00000014   Code   RO         7517    i.__mathlib_dbl_infnan2  m_wm.l(dunder.o)
    0x08005660   0x00000020   Code   RO         7518    i.__mathlib_dbl_invalid  m_wm.l(dunder.o)
    0x08005680   0x00000020   Code   RO         7521    i.__mathlib_dbl_underflow  m_wm.l(dunder.o)
    0x080056a0   0x0000000e   Code   RO         7599    i.__scatterload_copy  mc_w.l(handlers.o)
    0x080056ae   0x00000002   Code   RO         7600    i.__scatterload_null  mc_w.l(handlers.o)
    0x080056b0   0x0000000e   Code   RO         7601    i.__scatterload_zeroinit  mc_w.l(handlers.o)
    0x080056be   0x00000002   PAD
    0x080056c0   0x0000000c   Code   RO         7577    i.__set_errno       mc_w.l(errno.o)
    0x080056cc   0x00000164   Code   RO         7466    i._fp_digits        mc_w.l(printfa.o)
    0x08005830   0x000006dc   Code   RO         7467    i._printf_core      mc_w.l(printfa.o)
    0x08005f0c   0x00000024   Code   RO         7468    i._printf_post_padding  mc_w.l(printfa.o)
    0x08005f30   0x0000002e   Code   RO         7469    i._printf_pre_padding  mc_w.l(printfa.o)
    0x08005f5e   0x00000010   Code   RO         7503    i.atan              m_wm.l(atan.o)
    0x08005f6e   0x00000002   PAD
    0x08005f70   0x0000003c   Code   RO         1226    i.can_device_init   bsp_can.o
    0x08005fac   0x0000002c   Code   RO         1227    i.can_receive_start  bsp_can.o
    0x08005fd8   0x000000ac   Code   RO         1488    i.chassis_link_handle  chassis_thread.o
    0x08006084   0x000000a8   Code   RO         1670    i.chassis_mode_handle  kernal_thread.o
    0x0800612c   0x000000f8   Code   RO         1489    i.chassis_pid_init  chassis_thread.o
    0x08006224   0x0000005c   Code   RO         1801    i.chassis_state_init  fetch_ctrl.o
    0x08006280   0x0000016c   Code   RO         1490    i.chassis_thread    chassis_thread.o
    0x080063ec   0x0000014c   Code   RO          572    i.cmd               stmgood.o
    0x08006538   0x00000070   Code   RO         1491    i.corgi_mode_ctrl   chassis_thread.o
    0x080065a8   0x00000050   Code   RO         1228    i.data_6020_handle  bsp_can.o
    0x080065f8   0x00000294   Code   RO         2095    i.debug_thread      freertos.o
    0x0800688c   0x00000154   Code   RO         1541    i.detect_thread     detect_thread.o
    0x080069e0   0x0000006c   Code   RO         1542    i.detector_init     detect_thread.o
    0x08006a4c   0x0000008c   Code   RO         1229    i.encoder_data_handle  bsp_can.o
    0x08006ad8   0x0000001c   Code   RO         1543    i.err_detector_hook  detect_thread.o
    0x08006af4   0x00000018   Code   RO         7531    i.fabs              m_wm.l(fabs.o)
    0x08006b0c   0x0000002c   Code   RO         1802    i.flip_to_max       fetch_ctrl.o
    0x08006b38   0x00000028   Code   RO         1803    i.flip_to_min       fetch_ctrl.o
    0x08006b60   0x00000020   Code   RO          948    i.float_constrain   user_lib.o
    0x08006b80   0x00000014   Code   RO         1345    i.flow_led_off      bsp_io.o
    0x08006b94   0x00000010   Code   RO         1347    i.flow_led_tog      bsp_io.o
    0x08006ba4   0x00000018   Code   RO         1422    i.fputc             bsp_uart.o
    0x08006bbc   0x0000005c   Code   RO         1671    i.get_main_ctrl_mode  kernal_thread.o
    0x08006c18   0x00000248   Code   RO         1623    i.gimbal_pid_handle  gimbal_thread.o
    0x08006e60   0x000001a4   Code   RO         1624    i.gimbal_pid_init   gimbal_thread.o
    0x08007004   0x000000d8   Code   RO         1625    i.gimbal_target_handle  gimbal_thread.o
    0x080070dc   0x00000070   Code   RO         1626    i.gimbal_thread     gimbal_thread.o
    0x0800714c   0x0000004c   Code   RO         1672    i.global_mode_handle  kernal_thread.o
    0x08007198   0x00000010   Code   RO          574    i.go1               stmgood.o
    0x080071a8   0x00000394   Code   RO         1731    i.imu_AHRS_update   imu_thread.o
    0x0800753c   0x00000016   Code   RO         1732    i.imu_cal_update    imu_thread.o
    0x08007552   0x0000000c   Code   RO         1733    i.imu_thread        imu_thread.o
    0x0800755e   0x0000000c   Code   RO         6680    i.inHandlerMode     cmsis_os.o
    0x0800756a   0x00000002   PAD
    0x0800756c   0x0000002c   Code   RO          952    i.invSqrt           user_lib.o
    0x08007598   0x00000028   Code   RO         1673    i.kernal_thread     kernal_thread.o
    0x080075c0   0x00000094   Code   RO         1898    i.main              main.o
    0x08007654   0x0000000c   Code   RO         6682    i.makeFreeRtosPriority  cmsis_os.o
    0x08007660   0x00000088   Code   RO         1492    i.mecanum_algorithm  chassis_thread.o
    0x080076e8   0x000000a4   Code   RO         1544    i.module_offline_callback  detect_thread.o
    0x0800778c   0x00000060   Code   RO         1545    i.module_offline_detect  detect_thread.o
    0x080077ec   0x000000a8   Code   RO          581    i.multi1            stmgood.o
    0x08007894   0x000000a8   Code   RO          582    i.multi2            stmgood.o
    0x0800793c   0x00000080   Code   RO          583    i.multi3            stmgood.o
    0x080079bc   0x00000020   Code   RO          584    i.multi4            stmgood.o
    0x080079dc   0x00000040   Code   RO         1100    i.oled_clear        oled.o
    0x08007a1c   0x00000124   Code   RO         1105    i.oled_init         oled.o
    0x08007b40   0x0000002a   Code   RO         1108    i.oled_set_pos      oled.o
    0x08007b6a   0x00000002   PAD
    0x08007b6c   0x0000002c   Code   RO         1112    i.oled_write_byte   oled.o
    0x08007b98   0x0000000e   Code   RO         6684    i.osDelay           cmsis_os.o
    0x08007ba6   0x0000000e   Code   RO         6685    i.osDelayUntil      cmsis_os.o
    0x08007bb4   0x0000000a   Code   RO         6687    i.osKernelStart     cmsis_os.o
    0x08007bbe   0x00000018   Code   RO         6688    i.osKernelSysTick   cmsis_os.o
    0x08007bd6   0x00000054   Code   RO         6721    i.osThreadCreate    cmsis_os.o
    0x08007c2a   0x00000002   PAD
    0x08007c2c   0x00000188   Code   RO          502    i.pid_ast           pid.o
    0x08007db4   0x00000070   Code   RO         6373    i.prvAddCurrentTaskToDelayedList  tasks.o
    0x08007e24   0x000000d0   Code   RO         6374    i.prvAddNewTaskToReadyList  tasks.o
    0x08007ef4   0x00000034   Code   RO         6375    i.prvDeleteTCB      tasks.o
    0x08007f28   0x0000004c   Code   RO         7049    i.prvHeapInit       heap_4.o
    0x08007f74   0x00000060   Code   RO         6376    i.prvIdleTask       tasks.o
    0x08007fd4   0x0000008e   Code   RO         6377    i.prvInitialiseNewTask  tasks.o
    0x08008062   0x00000002   PAD
    0x08008064   0x0000004c   Code   RO         7050    i.prvInsertBlockIntoFreeList  heap_4.o
    0x080080b0   0x00000020   Code   RO         6378    i.prvResetNextTaskUnblockTime  tasks.o
    0x080080d0   0x00000028   Code   RO         7111    i.prvTaskExitError  port.o
    0x080080f8   0x000000d8   Code   RO         7051    i.pvPortMalloc      heap_4.o
    0x080081d0   0x0000002c   Code   RO         7112    i.pxPortInitialiseStack  port.o
    0x080081fc   0x000000e0   Code   RO           13    i.rc_callback_handle  dr16_decode.o
    0x080082dc   0x00000018   Code   RO           14    i.rc_init           dr16_decode.o
    0x080082f4   0x00000048   Code   RO         1231    i.send_can2_ms      bsp_can.o
    0x0800833c   0x00000048   Code   RO         1232    i.send_chassis_cur  bsp_can.o
    0x08008384   0x00000048   Code   RO         1233    i.send_gimbal_cur   bsp_can.o
    0x080083cc   0x00000024   Code   RO         1805    i.slip_accuracy     fetch_ctrl.o
    0x080083f0   0x00000040   Code   RO         1546    i.slove_ms_send     detect_thread.o
    0x08008430   0x0000006e   Code   RO         7542    i.sqrt              m_wm.l(sqrt.o)
    0x0800849e   0x00000002   PAD
    0x080084a0   0x0000002c   Code   RO         1806    i.uplift_accuracy   fetch_ctrl.o
    0x080084cc   0x00000026   Code   RO         6018    i.uxListRemove      list.o
    0x080084f2   0x00000002   PAD
    0x080084f4   0x00000014   Code   RO         2100    i.vApplicationGetIdleTaskMemory  freertos.o
    0x08008508   0x00000002   Code   RO         2101    i.vApplicationStackOverflowHook  freertos.o
    0x0800850a   0x00000016   Code   RO         6019    i.vListInitialise   list.o
    0x08008520   0x00000006   Code   RO         6020    i.vListInitialiseItem  list.o
    0x08008526   0x00000030   Code   RO         6021    i.vListInsert       list.o
    0x08008556   0x00000018   Code   RO         6022    i.vListInsertEnd    list.o
    0x0800856e   0x00000002   PAD
    0x08008570   0x00000040   Code   RO         7114    i.vPortEnterCritical  port.o
    0x080085b0   0x00000028   Code   RO         7115    i.vPortExitCritical  port.o
    0x080085d8   0x0000005c   Code   RO         7052    i.vPortFree         heap_4.o
    0x08008634   0x00000024   Code   RO         7116    i.vPortSetupTimerInterrupt  port.o
    0x08008658   0x00000054   Code   RO         7117    i.vPortValidateInterruptPriority  port.o
    0x080086ac   0x0000004c   Code   RO         6386    i.vTaskDelay        tasks.o
    0x080086f8   0x0000008c   Code   RO         6387    i.vTaskDelayUntil   tasks.o
    0x08008784   0x0000006c   Code   RO         6400    i.vTaskStartScheduler  tasks.o
    0x080087f0   0x00000010   Code   RO         6402    i.vTaskSuspendAll   tasks.o
    0x08008800   0x00000074   Code   RO         6403    i.vTaskSwitchContext  tasks.o
    0x08008874   0x00000034   Code   RO         1349    i.vcc_out_init      bsp_io.o
    0x080088a8   0x000000f4   Code   RO         7118    i.xPortStartScheduler  port.o
    0x0800899c   0x0000002c   Code   RO         7119    i.xPortSysTickHandler  port.o
    0x080089c8   0x0000005a   Code   RO         6405    i.xTaskCreate       tasks.o
    0x08008a22   0x00000056   Code   RO         6406    i.xTaskCreateStatic  tasks.o
    0x08008a78   0x0000001c   Code   RO         6410    i.xTaskGetSchedulerState  tasks.o
    0x08008a94   0x0000000c   Code   RO         6411    i.xTaskGetTickCount  tasks.o
    0x08008aa0   0x00000010   Code   RO         6412    i.xTaskGetTickCountFromISR  tasks.o
    0x08008ab0   0x000000c8   Code   RO         6413    i.xTaskIncrementTick  tasks.o
    0x08008b78   0x000000c4   Code   RO         6419    i.xTaskResumeAll    tasks.o
    0x08008c3c   0x000000a8   Data   RO         2103    .constdata          freertos.o
    0x08008ce4   0x00000008   Data   RO         3354    .constdata          stm32f4xx_hal_dma.o
    0x08008cec   0x00000010   Data   RO         5881    .constdata          system_stm32f4xx.o
    0x08008cfc   0x00000008   Data   RO         5882    .constdata          system_stm32f4xx.o
    0x08008d04   0x00000004   PAD
    0x08008d08   0x00000050   Data   RO         7190    .constdata          m_wm.l(asin.o)
    0x08008d58   0x00000098   Data   RO         7504    .constdata          m_wm.l(atan.o)
    0x08008df0   0x00000008   Data   RO         7539    .constdata          m_wm.l(qnan.o)
    0x08008df8   0x00000052   Data   RO         2104    .conststring        freertos.o
    0x08008e4a   0x00000002   PAD
    0x08008e4c   0x00000020   Data   RO         7597    Region$$Table       anon$$obj.o


    Execution Region RW_IRAM1 (Base: 0x20000000, Size: 0x00005d28, Max: 0x00030000, ABSOLUTE, COMPRESSED[0x00000020])

    Base Addr    Size         Type   Attr      Idx    E Section Name        Object

    0x20000000   0x00000014   Data   RW          377    .data               mpu6500.o
    0x20000014   0x00000024   Data   RW          620    .data               stmgood.o
    0x20000038   0x0000001e   Data   RW         1236    .data               bsp_can.o
    0x20000056   0x00000002   PAD
    0x20000058   0x00000008   Data   RW         1549    .data               detect_thread.o
    0x20000060   0x00000074   Data   RW         1736    .data               imu_thread.o
    0x200000d4   0x00000004   Data   RW         2025    .data               can.o
    0x200000d8   0x00000018   Data   RW         2105    .data               freertos.o
    0x200000f0   0x00000004   Data   RW         2291    .data               tim.o
    0x200000f4   0x0000000c   Data   RW         3801    .data               stm32f4xx_hal.o
    0x20000100   0x00000004   Data   RW         5883    .data               system_stm32f4xx.o
    0x20000104   0x0000003c   Data   RW         6422    .data               tasks.o
    0x20000140   0x00000018   Data   RW         7057    .data               heap_4.o
    0x20000158   0x0000000c   Data   RW         7120    .data               port.o
    0x20000164   0x00000004   Data   RW         7566    .data               mc_w.l(stdout.o)
    0x20000168   0x00000004   Data   RW         7578    .data               mc_w.l(errno.o)
    0x2000016c   0x00000014   Zero   RW           15    .bss                dr16_decode.o
    0x20000180   0x00000012   Zero   RW           17    .bss                dr16_decode.o
    0x20000192   0x0000003c   Zero   RW          374    .bss                mpu6500.o
    0x200001ce   0x00000002   PAD
    0x200001d0   0x000001d4   Zero   RW          503    .bss                pid.o
    0x200003a4   0x000001d4   Zero   RW          504    .bss                pid.o
    0x20000578   0x00000138   Zero   RW          505    .bss                pid.o
    0x200006b0   0x00000068   Zero   RW          506    .bss                pid.o
    0x20000718   0x00000450   Zero   RW          619    .bss                stmgood.o
    0x20000b68   0x00000400   Zero   RW         1113    .bss                oled.o
    0x20000f68   0x00000225   Zero   RW         1234    .bss                bsp_can.o
    0x2000118d   0x00000032   Zero   RW         1426    .bss                bsp_uart.o
    0x200011bf   0x00000001   PAD
    0x200011c0   0x0000005c   Zero   RW         1493    .bss                chassis_thread.o
    0x2000121c   0x00000200   Zero   RW         1547    .bss                detect_thread.o
    0x2000141c   0x0000000c   Zero   RW         1627    .bss                gimbal_thread.o
    0x20001428   0x00000018   Zero   RW         1674    .bss                kernal_thread.o
    0x20001440   0x00000034   Zero   RW         1735    .bss                imu_thread.o
    0x20001474   0x00000170   Zero   RW         1965    .bss                adc.o
    0x200015e4   0x00000050   Zero   RW         2024    .bss                can.o
    0x20001634   0x00000254   Zero   RW         2102    .bss                freertos.o
    0x20001888   0x0000000c   Zero   RW         2180    .bss                iwdg.o
    0x20001894   0x000000b0   Zero   RW         2213    .bss                spi.o
    0x20001944   0x000000d4   Zero   RW         2290    .bss                tim.o
    0x20001a18   0x00000220   Zero   RW         2351    .bss                usart.o
    0x20001c38   0x000000f0   Zero   RW         6421    .bss                tasks.o
    0x20001d28   0x00003c00   Zero   RW         7056    .bss                heap_4.o
    0x20005928   0x00000400   Zero   RW            1    STACK               startup_stm32f427xx.o


==============================================================================

Image component sizes


      Code (inc. data)   RO Data    RW Data    ZI Data      Debug   Object Name

       284         40          0          0        368       2262   adc.o
      1506        114          0         30        549      36741   bsp_can.o
       172         30          0          0          0       2435   bsp_io.o
       304         60          0          0         50       3612   bsp_uart.o
       424         42          0          4         80       2386   can.o
      1032        108          0          0         92       5806   chassis_thread.o
       170          0          0          0          0      28650   cmsis_os.o
       820         82          0          8        512       7170   detect_thread.o
       108          4          0          0          0        798   dma.o
       248         10          0          0         38     776505   dr16_decode.o
         0          0          0          0          0      18052   event_groups.o
       296         56          0          0          0       3850   fetch_ctrl.o
       830        424        250         24        596       3638   freertos.o
      1332        150          0          0         12       5239   gimbal_thread.o
       372         28          0          0          0       1139   gpio.o
       460         24          0         24      15360       7035   heap_4.o
      1474         74          0        116         52       4730   imu_thread.o
        44          8          0          0         12        691   iwdg.o
       390         66          0          0         24       4473   kernal_thread.o
       138          0          0          0          0       3318   list.o
       290         16          0          0          0       2324   main.o
       228         22          0         20         60       9411   mpu6500.o
       442         18          0          0       1024       4141   oled.o
       422         10          0          0       1352       2601   pid.o
       786         82          0         12          0      11793   port.o
       348         42          0          0        176       2290   spi.o
        36          8        428          0       1024        828   startup_stm32f427xx.o
       180         28          0         12          0       4453   stm32f4xx_hal.o
      1424         96          0          0          0       7737   stm32f4xx_hal_adc.o
      1638          6          0          0          0      13195   stm32f4xx_hal_can.o
       198         14          0          0          0      33547   stm32f4xx_hal_cortex.o
      1054         16          8          0          0       5867   stm32f4xx_hal_dma.o
       494         52          0          0          0       3368   stm32f4xx_hal_gpio.o
        94          0          0          0          0       1655   stm32f4xx_hal_iwdg.o
        56          4          0          0          0        822   stm32f4xx_hal_msp.o
      1264         80          0          0          0       4900   stm32f4xx_hal_rcc.o
      1194          8          0          0          0       4956   stm32f4xx_hal_spi.o
      1036         98          0          0          0       8141   stm32f4xx_hal_tim.o
        66          0          0          0          0       1252   stm32f4xx_hal_tim_ex.o
      1216         22          0          0          0       7238   stm32f4xx_hal_uart.o
       204         72          0          0          0       8424   stm32f4xx_it.o
      2198        412          0         36       1104      12108   stmgood.o
         0          0          0          0          0        384   stream_buffer.o
        84         18         24          4          0       1135   system_stm32f4xx.o
      1726        134          0         60        240      18324   tasks.o
       632         80          0          4        212       3766   tim.o
       828         92          0          0        544       3980   usart.o
        76          4          0          0          0       1124   user_lib.o

    ----------------------------------------------------------------------
     28668       2754        748        356      23484    1098294   Object Totals
         0          0         32          0          0          0   (incl. Generated)
        50          0          6          2          3          0   (incl. Padding)

    ----------------------------------------------------------------------

      Code (inc. data)   RO Data    RW Data    ZI Data      Debug   Library Member Name

       864         94         80          0          0        280   asin.o
       744        106        152          0          0        352   atan.o
       496         64          0          0          0        192   atan2.o
       104         16          0          0          0        496   dunder.o
        24          0          0          0          0        124   fabs.o
        48          0          0          0          0        124   fpclassify.o
       248          0          0          0          0        152   poly.o
         0          0          8          0          0          0   qnan.o
       110          0          0          0          0        148   sqrt.o
        58          0          0          0          0          0   __dczerorl.o
         0          0          0          0          0          0   entry.o
         0          0          0          0          0          0   entry10a.o
         0          0          0          0          0          0   entry11a.o
         8          4          0          0          0          0   entry2.o
         4          0          0          0          0          0   entry5.o
         0          0          0          0          0          0   entry7b.o
         0          0          0          0          0          0   entry8b.o
         8          4          0          0          0          0   entry9a.o
        12          6          0          4          0         68   errno.o
        30          0          0          0          0          0   handlers.o
        36          8          0          0          0         68   init.o
         0          0          0          0          0          0   iusefp.o
        30          0          0          0          0         68   llshl.o
        36          0          0          0          0         68   llsshr.o
        32          0          0          0          0         68   llushr.o
        36          0          0          0          0         68   memcpya.o
        36          0          0          0          0        108   memseta.o
      2226         90          0          0          0        444   printfa.o
         0          0          0          4          0          0   stdout.o
        44          0          0          0          0         80   uidiv.o
        98          0          0          0          0         92   uldiv.o
        48          0          0          0          0         68   cdrcmple.o
        56          0          0          0          0         88   d2f.o
       334          0          0          0          0        148   dadd.o
       222          0          0          0          0        100   ddiv.o
       186          0          0          0          0        176   depilogue.o
        48          0          0          0          0         68   dfixul.o
        34          0          0          0          0         76   dflti.o
       228          0          0          0          0         96   dmul.o
       162          0          0          0          0        100   dsqrt.o
        38          0          0          0          0         68   f2d.o
       110          0          0          0          0        168   fepilogue.o

    ----------------------------------------------------------------------
      6804        392        240          8          0       4156   Library Totals
         6          0          0          0          0          0   (incl. Padding)

    ----------------------------------------------------------------------

      Code (inc. data)   RO Data    RW Data    ZI Data      Debug   Library Name

      2638        280        240          0          0       1868   m_wm.l
      2694        112          0          8          0       1132   mc_w.l
      1466          0          0          0          0       1156   mf_w.l

    ----------------------------------------------------------------------
      6804        392        240          8          0       4156   Library Totals

    ----------------------------------------------------------------------

==============================================================================


      Code (inc. data)   RO Data    RW Data    ZI Data      Debug   

     35472       3146        988        364      23484    1076590   Grand Totals
     35472       3146        988         32      23484    1076590   ELF Image Totals (compressed)
     35472       3146        988         32          0          0   ROM Totals

==============================================================================

    Total RO  Size (Code + RO Data)                36460 (  35.61kB)
    Total RW  Size (RW Data + ZI Data)             23848 (  23.29kB)
    Total ROM Size (Code + RO Data + RW Data)      36492 (  35.64kB)

==============================================================================

