<html>
<body>
<pre>
<h1>µVision Build Log</h1>
<h2>Tool Versions:</h2>
IDE-Version: ¦ÌVision V5.14.0.0
Copyright (C) 2015 ARM Ltd and ARM Germany GmbH. All rights reserved.
License Information: TI 1010024850@qq.com, TI, LIC=GE7X7-EZXKD-654TW-Q39KG-IYFS7-VUVRC
 
Tool Versions:
Toolchain:       MDK-ARM Professional  Version: 5.14.0.0
Toolchain Path:  E:\Keil\ARM\ARMCC\Bin
C Compiler:      Armcc.exe V5.05 update 1 (build 106)
Assembler:       Armasm.exe V5.05 update 1 (build 106)
Linker/Locator:  ArmLink.exe V5.05 update 1 (build 106)
Library Manager: ArmAr.exe V5.05 update 1 (build 106)
Hex Converter:   FromElf.exe V5.05 update 1 (build 106)
CPU DLL:         SARMCM3.DLL V5.14.0.0
Dialog DLL:      DCM.DLL V1.13.1.0
Target DLL:      STLink\ST-LINKIII-KEIL_SWO.dll V2.0.14.0_KEIL
Dialog DLL:      TCM.DLL V1.14.4.0
 
<h2>Project:</h2>
E:\RM2020\RM_ENGINEER\TOE_ENG\MDK-ARM\TOE_ENG.uvprojx
Project File Date:  12/25/2019

<h2>Output:</h2>
Build target 'TOE_ENG'
compiling bsp_can.c...
..\MainTasks\detect_thread.h(120): warning:  #1-D: last line of file ends without a newline
  #endif
..\MainTasks\kernal_thread.h(45): warning:  #1-D: last line of file ends without a newline
  #endif
..\UserBsp\bsp_can.c: 2 warnings, 0 errors
compiling bsp_uart.c...
..\MainTasks\detect_thread.h(120): warning:  #1-D: last line of file ends without a newline
  #endif
..\UserBsp\bsp_uart.c: 1 warning, 0 errors
compiling chassis_thread.c...
..\MainTasks\chassis_thread.h(66): warning:  #1-D: last line of file ends without a newline
  #endif
..\MainTasks\detect_thread.h(120): warning:  #1-D: last line of file ends without a newline
  #endif
..\MainTasks\kernal_thread.h(45): warning:  #1-D: last line of file ends without a newline
  #endif
..\MainTasks\chassis_thread.c(146): warning:  #177-D: variable "atan_angle" was declared but never referenced
        static float atan_angle = 0.0f; 
..\MainTasks\chassis_thread.c(148): warning:  #177-D: variable "diff_angle" was declared but never referenced
        static float diff_angle = 0.0f; 
..\MainTasks\chassis_thread.c(150): warning:  #177-D: variable "merge_spd" was declared but never referenced
        static float merge_spd = 0.0f; 
..\MainTasks\chassis_thread.c(204): warning:  #550-D: parameter "Corgi_Angle" was set but never used
  static void corgi_mode_ctrl(int16_t Corgi_Angle, \
..\MainTasks\chassis_thread.c(205): warning:  #550-D: parameter "sRevolMax" was set but never used
                                          int16_t sRevolMax, \
..\MainTasks\chassis_thread.c: 8 warnings, 0 errors
compiling detect_thread.c...
..\MainTasks\detect_thread.h(120): warning:  #1-D: last line of file ends without a newline
  #endif
..\MainTasks\kernal_thread.h(45): warning:  #1-D: last line of file ends without a newline
  #endif
..\MainTasks\detect_thread.c: 2 warnings, 0 errors
compiling gimbal_thread.c...
..\MainTasks\gimbal_thread.h(46): warning:  #1-D: last line of file ends without a newline
  #endif
..\MainTasks\detect_thread.h(120): warning:  #1-D: last line of file ends without a newline
  #endif
..\MainTasks\kernal_thread.h(45): warning:  #1-D: last line of file ends without a newline
  #endif
..\MainTasks\gimbal_thread.c(95): warning:  #177-D: function "gimbal_pid_handle" was declared but never referenced
  static void gimbal_pid_handle(void)
..\MainTasks\gimbal_thread.c(89): warning:  #177-D: function "gimbal_mode_switch" was declared but never referenced
  static void gimbal_mode_switch(void)
..\MainTasks\gimbal_thread.c: 5 warnings, 0 errors
compiling kernal_thread.c...
..\MainTasks\kernal_thread.h(45): warning:  #1-D: last line of file ends without a newline
  #endif
..\MainTasks\chassis_thread.h(66): warning:  #1-D: last line of file ends without a newline
  #endif
..\MainTasks\gimbal_thread.h(46): warning:  #1-D: last line of file ends without a newline
  #endif
..\MainTasks\kernal_thread.c(190): warning:  #177-D: function "fric_speed_ctrl" was declared but never referenced
  static void fric_speed_ctrl(void)
..\MainTasks\kernal_thread.c(254): warning:  #177-D: function "stir_freq_ctrl" was declared but never referenced
  static void stir_freq_ctrl(void)
..\MainTasks\kernal_thread.c(180): warning:  #177-D: function "kb_enable_hook" was declared but never referenced
  static void kb_enable_hook(void)
..\MainTasks\kernal_thread.c(222): warning:  #177-D: function "servo_postion_ctrl" was declared but never referenced
  static void servo_postion_ctrl(uint8_t flag)
..\MainTasks\kernal_thread.c: 7 warnings, 0 errors
compiling imu_thread.c...
..\MainTasks\imu_thread.h(34): warning:  #1-D: last line of file ends without a newline
  #endif
..\MainTasks\detect_thread.h(120): warning:  #1-D: last line of file ends without a newline
  #endif
..\MainTasks\imu_thread.c(210): warning:  #177-D: variable "hx" was declared but never referenced
    float hx, hy, hz, bx, bz;
..\MainTasks\imu_thread.c(210): warning:  #177-D: variable "hy" was declared but never referenced
    float hx, hy, hz, bx, bz;
..\MainTasks\imu_thread.c(210): warning:  #177-D: variable "hz" was declared but never referenced
    float hx, hy, hz, bx, bz;
..\MainTasks\imu_thread.c(297): warning:  #550-D: variable "imu_first" was set but never used
        static float imulast,imunow,imu_first;
..\MainTasks\imu_thread.c: 6 warnings, 0 errors
compiling main.c...
..\MainTasks\chassis_thread.h(66): warning:  #1-D: last line of file ends without a newline
  #endif
..\MainTasks\kernal_thread.h(45): warning:  #1-D: last line of file ends without a newline
  #endif
..\MainTasks\detect_thread.h(120): warning:  #1-D: last line of file ends without a newline
  #endif
../Src/main.c: 3 warnings, 0 errors
compiling freertos.c...
..\MainTasks\detect_thread.h(120): warning:  #1-D: last line of file ends without a newline
  #endif
..\MainTasks\gimbal_thread.h(46): warning:  #1-D: last line of file ends without a newline
  #endif
..\MainTasks\chassis_thread.h(66): warning:  #1-D: last line of file ends without a newline
  #endif
../Src/freertos.c: 3 warnings, 0 errors
linking...
Program Size: Code=34512 RO-data=988 RW-data=368 ZI-data=22984  
FromELF: creating hex file...
"TOE_ENG\TOE_ENG.axf" - 0 Error(s), 37 Warning(s).

<h2>Software Packages used:</h2>

Package Vendor: ARM
                http://www.keil.com/pack/ARM.CMSIS.4.2.0.pack
                ARM::CMSIS:CORE:3.40.0
                CMSIS (Cortex Microcontroller Software Interface Standard)
   * Component: CORE Version: 3.40.0

<h2>Collection of Component include folders:</h2>
  E:\RM2020\RM_ENGINEER\TOE_ENG\MDK-ARM\RTE
  E:\Keil\ARM\PACK\ARM\CMSIS\4.2.0\CMSIS\Include
  E:\Keil\ARM\PACK\Keil\STM32F4xx_DFP\1.0.8\Device\Include

<h2>Collection of Component Files used:</h2>

   * Component: ARM::CMSIS:CORE:3.40.0
      Source file:   CMSIS\UserCodeTemplates\ARM\ITM_Retarget.c
</pre>
</body>
</html>
