Component: ARM Compiler 5.05 update 1 (build 106) Tool: armlink [4d0efa]

==============================================================================

Section Cross References

    startup_stm32f427xx.o(RESET) refers to startup_stm32f427xx.o(STACK) for __initial_sp
    startup_stm32f427xx.o(RESET) refers to startup_stm32f427xx.o(.text) for Reset_Handler
    startup_stm32f427xx.o(RESET) refers to stm32f4xx_it.o(i.NMI_Handler) for NMI_Handler
    startup_stm32f427xx.o(RESET) refers to stm32f4xx_it.o(i.HardFault_Handler) for HardFault_Handler
    startup_stm32f427xx.o(RESET) refers to stm32f4xx_it.o(i.MemManage_Handler) for MemManage_Handler
    startup_stm32f427xx.o(RESET) refers to stm32f4xx_it.o(i.BusFault_Handler) for BusFault_Handler
    startup_stm32f427xx.o(RESET) refers to stm32f4xx_it.o(i.UsageFault_Handler) for UsageFault_Handler
    startup_stm32f427xx.o(RESET) refers to port.o(.emb_text) for SVC_Handler
    startup_stm32f427xx.o(RESET) refers to stm32f4xx_it.o(i.DebugMon_Handler) for DebugMon_Handler
    startup_stm32f427xx.o(RESET) refers to stm32f4xx_it.o(i.SysTick_Handler) for SysTick_Handler
    startup_stm32f427xx.o(RESET) refers to stm32f4xx_it.o(i.DMA1_Stream5_IRQHandler) for DMA1_Stream5_IRQHandler
    startup_stm32f427xx.o(RESET) refers to stm32f4xx_it.o(i.CAN1_TX_IRQHandler) for CAN1_TX_IRQHandler
    startup_stm32f427xx.o(RESET) refers to stm32f4xx_it.o(i.CAN1_RX0_IRQHandler) for CAN1_RX0_IRQHandler
    startup_stm32f427xx.o(RESET) refers to stm32f4xx_it.o(i.USART1_IRQHandler) for USART1_IRQHandler
    startup_stm32f427xx.o(RESET) refers to stm32f4xx_it.o(i.USART2_IRQHandler) for USART2_IRQHandler
    startup_stm32f427xx.o(RESET) refers to stm32f4xx_it.o(i.DMA2_Stream2_IRQHandler) for DMA2_Stream2_IRQHandler
    startup_stm32f427xx.o(RESET) refers to stm32f4xx_it.o(i.CAN2_TX_IRQHandler) for CAN2_TX_IRQHandler
    startup_stm32f427xx.o(RESET) refers to stm32f4xx_it.o(i.CAN2_RX0_IRQHandler) for CAN2_RX0_IRQHandler
    startup_stm32f427xx.o(.text) refers to system_stm32f4xx.o(i.SystemInit) for SystemInit
    startup_stm32f427xx.o(.text) refers to entry.o(.ARM.Collect$$$$00000000) for __main
    dr16_decode.o(i.rc_callback_handle) refers to usart.o(.bss) for huart1
    dr16_decode.o(i.rc_init) refers to memseta.o(.text) for __aeabi_memclr
    dr16_decode.o(i.rc_init) refers to dr16_decode.o(.bss) for .bss
    ano_dt.o(i.ANO_DT_Data_Exchange) refers to ano_dt.o(.data) for .data
    ano_dt.o(i.ANO_DT_Data_Exchange) refers to ano_dt.o(.bss) for .bss
    ano_dt.o(i.ANO_DT_Send_Data) refers to stm32f4xx_hal_uart.o(i.HAL_UART_Transmit) for HAL_UART_Transmit
    ano_dt.o(i.ANO_DT_Send_Data) refers to usart.o(.bss) for huart2
    ano_dt.o(i.ANO_DT_Send_MotoPWM) refers to ano_dt.o(i.ANO_DT_Send_Data) for ANO_DT_Send_Data
    ano_dt.o(i.ANO_DT_Send_MotoPWM) refers to ano_dt.o(.bss) for .bss
    ano_dt.o(i.ANO_DT_Send_PID) refers to ano_dt.o(i.ANO_DT_Send_Data) for ANO_DT_Send_Data
    ano_dt.o(i.ANO_DT_Send_PID) refers to ano_dt.o(.bss) for .bss
    ano_dt.o(i.ANO_DT_Send_Power) refers to ano_dt.o(i.ANO_DT_Send_Data) for ANO_DT_Send_Data
    ano_dt.o(i.ANO_DT_Send_Power) refers to ano_dt.o(.bss) for .bss
    ano_dt.o(i.ANO_DT_Send_RCData) refers to ano_dt.o(i.ANO_DT_Send_Data) for ANO_DT_Send_Data
    ano_dt.o(i.ANO_DT_Send_RCData) refers to ano_dt.o(.bss) for .bss
    ano_dt.o(i.ANO_DT_Send_Senser) refers to ano_dt.o(i.ANO_DT_Send_Data) for ANO_DT_Send_Data
    ano_dt.o(i.ANO_DT_Send_Senser) refers to ano_dt.o(.bss) for .bss
    ano_dt.o(i.ANO_DT_Send_Status) refers to ano_dt.o(i.ANO_DT_Send_Data) for ANO_DT_Send_Data
    ano_dt.o(i.ANO_DT_Send_Status) refers to ano_dt.o(.bss) for .bss
    ano_dt.o(i.ANO_DT_Send_Version) refers to ano_dt.o(i.ANO_DT_Send_Data) for ANO_DT_Send_Data
    ano_dt.o(i.ANO_DT_Send_Version) refers to ano_dt.o(.bss) for .bss
    crc_check.o(i.Append_CRC16_Check_Sum) refers to crc_check.o(i.Get_CRC16_Check_Sum) for Get_CRC16_Check_Sum
    crc_check.o(i.Append_CRC16_Check_Sum) refers to crc_check.o(.data) for .data
    crc_check.o(i.Append_CRC8_Check_Sum) refers to crc_check.o(i.Get_CRC8_Check_Sum) for Get_CRC8_Check_Sum
    crc_check.o(i.Get_CRC16_Check_Sum) refers to crc_check.o(.constdata) for .constdata
    crc_check.o(i.Get_CRC8_Check_Sum) refers to crc_check.o(.constdata) for .constdata
    crc_check.o(i.Verify_CRC16_Check_Sum) refers to crc_check.o(i.Get_CRC16_Check_Sum) for Get_CRC16_Check_Sum
    crc_check.o(i.Verify_CRC16_Check_Sum) refers to crc_check.o(.data) for .data
    crc_check.o(i.Verify_CRC8_Check_Sum) refers to crc_check.o(i.Get_CRC8_Check_Sum) for Get_CRC8_Check_Sum
    mpu6500.o(i.IMU_Get_Data) refers to mpu6500.o(i.MPU6500_Read_Regs) for MPU6500_Read_Regs
    mpu6500.o(i.IMU_Get_Data) refers to mpu6500.o(.bss) for .bss
    mpu6500.o(i.IST8310_Init) refers to mpu6500.o(i.MPU6500_Write_Reg) for MPU6500_Write_Reg
    mpu6500.o(i.IST8310_Init) refers to stm32f4xx_hal.o(i.HAL_Delay) for HAL_Delay
[...]
    ../Drivers/STM32F4xx_HAL_Driver/Src/stm32f4xx_hal_flash_ramfunc.c 0x00000000   Number         0  stm32f4xx_hal_flash_ramfunc.o ABSOLUTE
    ../Drivers/STM32F4xx_HAL_Driver/Src/stm32f4xx_hal_gpio.c 0x00000000   Number         0  stm32f4xx_hal_gpio.o ABSOLUTE
    ../Drivers/STM32F4xx_HAL_Driver/Src/stm32f4xx_hal_pwr.c 0x00000000   Number         0  stm32f4xx_hal_pwr.o ABSOLUTE
    ../Drivers/STM32F4xx_HAL_Driver/Src/stm32f4xx_hal_pwr_ex.c 0x00000000   Number         0  stm32f4xx_hal_pwr_ex.o ABSOLUTE
    ../Drivers/STM32F4xx_HAL_Driver/Src/stm32f4xx_hal_rcc.c 0x00000000   Number         0  stm32f4xx_hal_rcc.o ABSOLUTE
    ../Drivers/STM32F4xx_HAL_Driver/Src/stm32f4xx_hal_rcc_ex.c 0x00000000   Number         0  stm32f4xx_hal_rcc_ex.o ABSOLUTE
    ../Drivers/STM32F4xx_HAL_Driver/Src/stm32f4xx_hal_spi.c 0x00000000   Number         0  stm32f4xx_hal_spi.o ABSOLUTE
    ../Drivers/STM32F4xx_HAL_Driver/Src/stm32f4xx_hal_tim.c 0x00000000   Number         0  stm32f4xx_hal_tim.o ABSOLUTE
    ../Drivers/STM32F4xx_HAL_Driver/Src/stm32f4xx_hal_tim_ex.c 0x00000000   Number         0  stm32f4xx_hal_tim_ex.o ABSOLUTE
    ../Drivers/STM32F4xx_HAL_Driver/Src/stm32f4xx_hal_uart.c 0x00000000   Number         0  stm32f4xx_hal_uart.o ABSOLUTE
    ../Middlewares/Third_Party/FreeRTOS/Source/CMSIS_RTOS/cmsis_os.c 0x00000000   Number         0  cmsis_os.o ABSOLUTE
    ../Middlewares/Third_Party/FreeRTOS/Source/croutine.c 0x00000000   Number         0  croutine.o ABSOLUTE
    ../Middlewares/Third_Party/FreeRTOS/Source/event_groups.c 0x00000000   Number         0  event_groups.o ABSOLUTE
    ../Middlewares/Third_Party/FreeRTOS/Source/list.c 0x00000000   Number         0  list.o ABSOLUTE
    ../Middlewares/Third_Party/FreeRTOS/Source/portable/MemMang/heap_4.c 0x00000000   Number         0  heap_4.o ABSOLUTE
    ../Middlewares/Third_Party/FreeRTOS/Source/portable/RVDS/ARM_CM4F/port.c 0x00000000   Number         0  port.o ABSOLUTE
    ../Middlewares/Third_Party/FreeRTOS/Source/queue.c 0x00000000   Number         0  queue.o ABSOLUTE
    ../Middlewares/Third_Party/FreeRTOS/Source/stream_buffer.c 0x00000000   Number         0  stream_buffer.o ABSOLUTE
    ../Middlewares/Third_Party/FreeRTOS/Source/tasks.c 0x00000000   Number         0  tasks.o ABSOLUTE
    ../Middlewares/Third_Party/FreeRTOS/Source/timers.c 0x00000000   Number         0  timers.o ABSOLUTE
    ../Src/can.c                             0x00000000   Number         0  can.o ABSOLUTE
    ../Src/dma.c                             0x00000000   Number         0  dma.o ABSOLUTE
    ../Src/freertos.c                        0x00000000   Number         0  freertos.o ABSOLUTE
    ../Src/gpio.c                            0x00000000   Number         0  gpio.o ABSOLUTE
    ../Src/main.c                            0x00000000   Number         0  main.o ABSOLUTE
    ../Src/spi.c                             0x00000000   Number         0  spi.o ABSOLUTE
    ../Src/stm32f4xx_hal_msp.c               0x00000000   Number         0  stm32f4xx_hal_msp.o ABSOLUTE
    ../Src/stm32f4xx_it.c                    0x00000000   Number         0  stm32f4xx_it.o ABSOLUTE
    ../Src/sys.c                             0x00000000   Number         0  sys.o ABSOLUTE
    ../Src/system_stm32f4xx.c                0x00000000   Number         0  system_stm32f4xx.o ABSOLUTE
    ../Src/tim.c                             0x00000000   Number         0  tim.o ABSOLUTE
    ../Src/usart.c                           0x00000000   Number         0  usart.o ABSOLUTE
    ../clib/microlib/division.c              0x00000000   Number         0  uidiv.o ABSOLUTE
    ../clib/microlib/division.c              0x00000000   Number         0  uldiv.o ABSOLUTE
    ../clib/microlib/errno.c                 0x00000000   Number         0  errno.o ABSOLUTE
    ../clib/microlib/init/entry.s            0x00000000   Number         0  entry11b.o ABSOLUTE
    ../clib/microlib/init/entry.s            0x00000000   Number         0  entry10b.o ABSOLUTE
    ../clib/microlib/init/entry.s            0x00000000   Number         0  entry10a.o ABSOLUTE
    ../clib/microlib/init/entry.s            0x00000000   Number         0  entry9b.o ABSOLUTE
    ../clib/microlib/init/entry.s            0x00000000   Number         0  entry9a.o ABSOLUTE
    ../clib/microlib/init/entry.s            0x00000000   Number         0  entry8b.o ABSOLUTE
    ../clib/microlib/init/entry.s            0x00000000   Number         0  entry.o ABSOLUTE
    ../clib/microlib/init/entry.s            0x00000000   Number         0  entry7b.o ABSOLUTE
    ../clib/microlib/init/entry.s            0x00000000   Number         0  entry7a.o ABSOLUTE
    ../clib/microlib/init/entry.s            0x00000000   Number         0  entry5.o ABSOLUTE
    ../clib/microlib/init/entry.s            0x00000000   Number         0  entry2.o ABSOLUTE
    ../clib/microlib/init/entry.s            0x00000000   Number         0  entry8a.o ABSOLUTE
    ../clib/microlib/init/entry.s            0x00000000   Number         0  entry11a.o ABSOLUTE
    ../clib/microlib/longlong.c              0x00000000   Number         0  llushr.o ABSOLUTE
    ../clib/microlib/longlong.c              0x00000000   Number         0  llsshr.o ABSOLUTE
    ../clib/microlib/longlong.c              0x00000000   Number         0  llshl.o ABSOLUTE
    ../clib/microlib/printf/printf.c         0x00000000   Number         0  printf5.o ABSOLUTE
    ../clib/microlib/printf/printf.c         0x00000000   Number         0  printf4.o ABSOLUTE
    ../clib/microlib/printf/printf.c         0x00000000   Number         0  printf3.o ABSOLUTE
    ../clib/microlib/printf/printf.c         0x00000000   Number         0  printf1.o ABSOLUTE
    ../clib/microlib/printf/printf.c         0x00000000   Number         0  printf0.o ABSOLUTE
    ../clib/microlib/printf/printf.c         0x00000000   Number         0  printfb.o ABSOLUTE
    ../clib/microlib/printf/printf.c         0x00000000   Number         0  printfa.o ABSOLUTE
    ../clib/microlib/printf/printf.c         0x00000000   Number         0  printf8.o ABSOLUTE
    ../clib/microlib/printf/printf.c         0x00000000   Number         0  printf7.o ABSOLUTE
    ../clib/microlib/printf/printf.c         0x00000000   Number         0  printf2.o ABSOLUTE
    ../clib/microlib/printf/printf.c         0x00000000   Number         0  printf6.o ABSOLUTE
    ../clib/microlib/printf/stubs.s          0x00000000   Number         0  stubs.o ABSOLUTE
    ../clib/microlib/stdio/streams.c         0x00000000   Number         0  stdout.o ABSOLUTE
    ../clib/microlib/string/memcpy.c         0x00000000   Number         0  memcpyb.o ABSOLUTE
    ../clib/microlib/string/memcpy.c         0x00000000   Number         0  memcpya.o ABSOLUTE
    ../clib/microlib/string/memset.c         0x00000000   Number         0  memseta.o ABSOLUTE
    ../clib/microlib/string/memset.c         0x00000000   Number         0  memset.o ABSOLUTE
    ../clib/microlib/stubs.s                 0x00000000   Number         0  iusefp.o ABSOLUTE
    ../fplib/microlib/d2f.c                  0x00000000   Number         0  d2f.o ABSOLUTE
    ../fplib/microlib/f2d.c                  0x00000000   Number         0  f2d.o ABSOLUTE
    ../fplib/microlib/fpadd.c                0x00000000   Number         0  dadd.o ABSOLUTE
    ../fplib/microlib/fpdiv.c                0x00000000   Number         0  ddiv.o ABSOLUTE
    ../fplib/microlib/fpepilogue.c           0x00000000   Number         0  fepilogue.o ABSOLUTE
    ../fplib/microlib/fpepilogue.c           0x00000000   Number         0  depilogue.o ABSOLUTE
    ../fplib/microlib/fpfix.c                0x00000000   Number         0  dfixul.o ABSOLUTE
    ../fplib/microlib/fpflt.c                0x00000000   Number         0  dflti.o ABSOLUTE
    ../fplib/microlib/fpmul.c                0x00000000   Number         0  dmul.o ABSOLUTE
    ../fplib/microlib/fpneg.c                0x00000000   Number         0  dneg.o ABSOLUTE
    ../fplib/microlib/fpsqrt.c               0x00000000   Number         0  dsqrt.o ABSOLUTE
    ../mathlib/asin.c                        0x00000000   Number         0  asin_x.o ABSOLUTE
    ../mathlib/asin.c                        0x00000000   Number         0  asin.o ABSOLUTE
    ../mathlib/atan.c                        0x00000000   Number         0  atan.o ABSOLUTE
    ../mathlib/atan.c                        0x00000000   Number         0  atan_x.o ABSOLUTE
    ../mathlib/atan2.c                       0x00000000   Number         0  atan2_x.o ABSOLUTE
    ../mathlib/atan2.c                       0x00000000   Number         0  atan2.o ABSOLUTE
    ../mathlib/dunder.c                      0x00000000   Number         0  dunder.o ABSOLUTE
    ../mathlib/fabs.c                        0x00000000   Number         0  fabs.o ABSOLUTE
    ../mathlib/fpclassify.c                  0x00000000   Number         0  fpclassify.o ABSOLUTE
    ../mathlib/poly.c                        0x00000000   Number         0  poly.o ABSOLUTE
    ../mathlib/qnan.c                        0x00000000   Number         0  qnan.o ABSOLUTE
    ../mathlib/sqrt.c                        0x00000000   Number         0  sqrt.o ABSOLUTE
    ../mathlib/sqrt.c                        0x00000000   Number         0  sqrt_x.o ABSOLUTE
    ..\DeCode\DR16_decode.c                  0x00000000   Number         0  dr16_decode.o ABSOLUTE
    ..\Drivers\STM32F4xx_HAL_Driver\Src\stm32f4xx_hal.c 0x00000000   Number         0  stm32f4xx_hal.o ABSOLUTE
    ..\Drivers\STM32F4xx_HAL_Driver\Src\stm32f4xx_hal_can.c 0x00000000   Number         0  stm32f4xx_hal_can.o ABSOLUTE
    ..\Drivers\STM32F4xx_HAL_Driver\Src\stm32f4xx_hal_cortex.c 0x00000000   Number         0  stm32f4xx_hal_cortex.o ABSOLUTE
    ..\Drivers\STM32F4xx_HAL_Driver\Src\stm32f4xx_hal_dma.c 0x00000000   Number         0  stm32f4xx_hal_dma.o ABSOLUTE
    ..\Drivers\STM32F4xx_HAL_Driver\Src\stm32f4xx_hal_dma_ex.c 0x00000000   Number         0  stm32f4xx_hal_dma_ex.o ABSOLUTE
    ..\Drivers\STM32F4xx_HAL_Driver\Src\stm32f4xx_hal_exti.c 0x00000000   Number         0  stm32f4xx_hal_exti.o ABSOLUTE
    ..\Drivers\STM32F4xx_HAL_Driver\Src\stm32f4xx_hal_flash.c 0x00000000   Number         0  stm32f4xx_hal_flash.o ABSOLUTE
    ..\Drivers\STM32F4xx_HAL_Driver\Src\stm32f4xx_hal_flash_ex.c 0x00000000   Number         0  stm32f4xx_hal_flash_ex.o ABSOLUTE
    ..\Drivers\STM32F4xx_HAL_Driver\Src\stm32f4xx_hal_flash_ramfunc.c 0x00000000   Number         0  stm32f4xx_hal_flash_ramfunc.o ABSOLUTE
    ..\Drivers\STM32F4xx_HAL_Driver\Src\stm32f4xx_hal_gpio.c 0x00000000   Number         0  stm32f4xx_hal_gpio.o ABSOLUTE
    ..\Drivers\STM32F4xx_HAL_Driver\Src\stm32f4xx_hal_pwr.c 0x00000000   Number         0  stm32f4xx_hal_pwr.o ABSOLUTE
    ..\Drivers\STM32F4xx_HAL_Driver\Src\stm32f4xx_hal_pwr_ex.c 0x00000000   Number         0  stm32f4xx_hal_pwr_ex.o ABSOLUTE
    ..\Drivers\STM32F4xx_HAL_Driver\Src\stm32f4xx_hal_rcc.c 0x00000000   Number         0  stm32f4xx_hal_rcc.o ABSOLUTE
    ..\Drivers\STM32F4xx_HAL_Driver\Src\stm32f4xx_hal_rcc_ex.c 0x00000000   Number         0  stm32f4xx_hal_rcc_ex.o ABSOLUTE
    ..\Drivers\STM32F4xx_HAL_Driver\Src\stm32f4xx_hal_spi.c 0x00000000   Number         0  stm32f4xx_hal_spi.o ABSOLUTE
    ..\Drivers\STM32F4xx_HAL_Driver\Src\stm32f4xx_hal_tim.c 0x00000000   Number         0  stm32f4xx_hal_tim.o ABSOLUTE
    ..\Drivers\STM32F4xx_HAL_Driver\Src\stm32f4xx_hal_tim_ex.c 0x00000000   Number         0  stm32f4xx_hal_tim_ex.o ABSOLUTE
    ..\Drivers\STM32F4xx_HAL_Driver\Src\stm32f4xx_hal_uart.c 0x00000000   Number         0  stm32f4xx_hal_uart.o ABSOLUTE
    ..\MainTasks\detect_task.c               0x00000000   Number         0  detect_task.o ABSOLUTE
    ..\Middlewares\Third_Party\FreeRTOS\Source\CMSIS_RTOS\cmsis_os.c 0x00000000   Number         0  cmsis_os.o ABSOLUTE
    ..\Middlewares\Third_Party\FreeRTOS\Source\portable\RVDS\ARM_CM4F\port.c 0x00000000   Number         0  port.o ABSOLUTE
    ..\RmLib\CRC_Check.c                     0x00000000   Number         0  crc_check.o ABSOLUTE
    ..\RmLib\Mpu6500.c                       0x00000000   Number         0  mpu6500.o ABSOLUTE
    ..\RmLib\STMGood.c                       0x00000000   Number         0  stmgood.o ABSOLUTE
    ..\RmLib\ano_dt.c                        0x00000000   Number         0  ano_dt.o ABSOLUTE
    ..\RmLib\imu_handle.c                    0x00000000   Number         0  imu_handle.o ABSOLUTE
    ..\RmLib\kalman_filter.c                 0x00000000   Number         0  kalman_filter.o ABSOLUTE
    ..\RmLib\pid.c                           0x00000000   Number         0  pid.o ABSOLUTE
    ..\RmLib\ramp.c                          0x00000000   Number         0  ramp.o ABSOLUTE
    ..\Src\can.c                             0x00000000   Number         0  can.o ABSOLUTE
    ..\Src\dma.c                             0x00000000   Number         0  dma.o ABSOLUTE
    ..\Src\freertos.c                        0x00000000   Number         0  freertos.o ABSOLUTE
    ..\Src\gpio.c                            0x00000000   Number         0  gpio.o ABSOLUTE
    ..\Src\main.c                            0x00000000   Number         0  main.o ABSOLUTE
    ..\Src\spi.c                             0x00000000   Number         0  spi.o ABSOLUTE
    ..\Src\stm32f4xx_hal_msp.c               0x00000000   Number         0  stm32f4xx_hal_msp.o ABSOLUTE
    ..\Src\stm32f4xx_it.c                    0x00000000   Number         0  stm32f4xx_it.o ABSOLUTE
    ..\Src\sys.c                             0x00000000   Number         0  sys.o ABSOLUTE
    ..\Src\system_stm32f4xx.c                0x00000000   Number         0  system_stm32f4xx.o ABSOLUTE
    ..\Src\tim.c                             0x00000000   Number         0  tim.o ABSOLUTE
    ..\Src\usart.c                           0x00000000   Number         0  usart.o ABSOLUTE
    ..\UserBsp\bsp_can.c                     0x00000000   Number         0  bsp_can.o ABSOLUTE
    ..\UserBsp\bsp_io.c                      0x00000000   Number         0  bsp_io.o ABSOLUTE
    ..\UserBsp\bsp_uart.c                    0x00000000   Number         0  bsp_uart.o ABSOLUTE
    ..\\DeCode\\DR16_decode.c                0x00000000   Number         0  dr16_decode.o ABSOLUTE
    ..\\MainTasks\\detect_task.c             0x00000000   Number         0  detect_task.o ABSOLUTE
    ..\\RmLib\\CRC_Check.c                   0x00000000   Number         0  crc_check.o ABSOLUTE
    ..\\RmLib\\Mpu6500.c                     0x00000000   Number         0  mpu6500.o ABSOLUTE
    ..\\RmLib\\STMGood.c                     0x00000000   Number         0  stmgood.o ABSOLUTE
    ..\\RmLib\\ano_dt.c                      0x00000000   Number         0  ano_dt.o ABSOLUTE
    ..\\RmLib\\imu_handle.c                  0x00000000   Number         0  imu_handle.o ABSOLUTE
    ..\\RmLib\\pid.c                         0x00000000   Number         0  pid.o ABSOLUTE
    ..\\RmLib\\ramp.c                        0x00000000   Number         0  ramp.o ABSOLUTE
    ..\\UserBsp\\bsp_can.c                   0x00000000   Number         0  bsp_can.o ABSOLUTE
    ..\\UserBsp\\bsp_io.c                    0x00000000   Number         0  bsp_io.o ABSOLUTE
    ..\\UserBsp\\bsp_uart.c                  0x00000000   Number         0  bsp_uart.o ABSOLUTE
    cdcmple.s                                0x00000000   Number         0  cdcmple.o ABSOLUTE
    cdrcmple.s                               0x00000000   Number         0  cdrcmple.o ABSOLUTE
    dc.s                                     0x00000000   Number         0  dc.o ABSOLUTE
    handlers.s                               0x00000000   Number         0  handlers.o ABSOLUTE
    init.s                                   0x00000000   Number         0  init.o ABSOLUTE
    startup_stm32f427xx.s                    0x00000000   Number         0  startup_stm32f427xx.o ABSOLUTE
    RESET                                    0x08000000   Section      428  startup_stm32f427xx.o(RESET)
    .ARM.Collect$$$$00000000                 0x080001ac   Section        0  entry.o(.ARM.Collect$$$$00000000)
    .ARM.Collect$$$$00000001                 0x080001ac   Section        4  entry2.o(.ARM.Collect$$$$00000001)
    .ARM.Collect$$$$00000004                 0x080001b0   Section        4  entry5.o(.ARM.Collect$$$$00000004)
    .ARM.Collect$$$$00000008                 0x080001b4   Section        0  entry7b.o(.ARM.Collect$$$$00000008)
    .ARM.Collect$$$$0000000A                 0x080001b4   Section        0  entry8b.o(.ARM.Collect$$$$0000000A)
    .ARM.Collect$$$$0000000B                 0x080001b4   Section        8  entry9a.o(.ARM.Collect$$$$0000000B)
    .ARM.Collect$$$$0000000D                 0x080001bc   Section        0  entry10a.o(.ARM.Collect$$$$0000000D)
    .ARM.Collect$$$$0000000F                 0x080001bc   Section        0  entry11a.o(.ARM.Collect$$$$0000000F)
    .ARM.Collect$$$$00002712                 0x080001bc   Section        4  entry2.o(.ARM.Collect$$$$00002712)
    __lit__00000000                          0x080001bc   Data           4  entry2.o(.ARM.Collect$$$$00002712)
    .emb_text                                0x080001c0   Section      190  port.o(.emb_text)
    $v0                                      0x080001c0   Number         0  port.o(.emb_text)
    .text                                    0x08000280   Section       36  startup_stm32f427xx.o(.text)
    $v0                                      0x08000280   Number         0  startup_stm32f427xx.o(.text)
    .text                                    0x080002a4   Section        0  uldiv.o(.text)
    .text                                    0x08000306   Section        0  memcpya.o(.text)
    .text                                    0x0800032a   Section        0  memseta.o(.text)
    .text                                    0x0800034e   Section        0  llshl.o(.text)
    .text                                    0x0800036c   Section        0  llushr.o(.text)
    .text                                    0x0800038c   Section       36  init.o(.text)
    i.BusFault_Handler                       0x080003b0   Section        0  stm32f4xx_it.o(i.BusFault_Handler)
    i.CAN1_RX0_IRQHandler                    0x080003b4   Section        0  stm32f4xx_it.o(i.CAN1_RX0_IRQHandler)
    i.CAN1_TX_IRQHandler                     0x080003c0   Section        0  stm32f4xx_it.o(i.CAN1_TX_IRQHandler)
    i.CAN2_RX0_IRQHandler                    0x080003cc   Section        0  stm32f4xx_it.o(i.CAN2_RX0_IRQHandler)
    i.CAN2_TX_IRQHandler                     0x080003d8   Section        0  stm32f4xx_it.o(i.CAN2_TX_IRQHandler)
    i.DMA1_Stream5_IRQHandler                0x080003e4   Section        0  stm32f4xx_it.o(i.DMA1_Stream5_IRQHandler)
    i.DMA2_Stream2_IRQHandler                0x080003f0   Section        0  stm32f4xx_it.o(i.DMA2_Stream2_IRQHandler)
    i.DMA_CalcBaseAndBitshift                0x080003fc   Section        0  stm32f4xx_hal_dma.o(i.DMA_CalcBaseAndBitshift)
    DMA_CalcBaseAndBitshift                  0x080003fd   Thumb Code    34  stm32f4xx_hal_dma.o(i.DMA_CalcBaseAndBitshift)
    i.DMA_CheckFifoParam                     0x08000424   Section        0  stm32f4xx_hal_dma.o(i.DMA_CheckFifoParam)
    DMA_CheckFifoParam                       0x08000425   Thumb Code    84  stm32f4xx_hal_dma.o(i.DMA_CheckFifoParam)
    i.DebugMon_Handler                       0x08000478   Section        0  stm32f4xx_it.o(i.DebugMon_Handler)
    i.Error_Handler                          0x0800047a   Section        0  main.o(i.Error_Handler)
    i.HAL_CAN_ErrorCallback                  0x0800047c   Section        0  stm32f4xx_hal_can.o(i.HAL_CAN_ErrorCallback)
    i.HAL_CAN_GetRxMessage                   0x0800047e   Section        0  stm32f4xx_hal_can.o(i.HAL_CAN_GetRxMessage)
    i.HAL_CAN_IRQHandler                     0x08000566   Section        0  stm32f4xx_hal_can.o(i.HAL_CAN_IRQHandler)
    i.HAL_CAN_Init                           0x08000762   Section        0  stm32f4xx_hal_can.o(i.HAL_CAN_Init)
    i.HAL_CAN_MspInit                        0x0800087c   Section        0  can.o(i.HAL_CAN_MspInit)
    i.HAL_CAN_RxFifo0FullCallback            0x08000998   Section        0  stm32f4xx_hal_can.o(i.HAL_CAN_RxFifo0FullCallback)
    i.HAL_CAN_RxFifo0MsgPendingCallback      0x0800099c   Section        0  bsp_can.o(i.HAL_CAN_RxFifo0MsgPendingCallback)
    i.HAL_CAN_RxFifo1FullCallback            0x08000a38   Section        0  stm32f4xx_hal_can.o(i.HAL_CAN_RxFifo1FullCallback)
    i.HAL_CAN_RxFifo1MsgPendingCallback      0x08000a3a   Section        0  stm32f4xx_hal_can.o(i.HAL_CAN_RxFifo1MsgPendingCallback)
    i.HAL_CAN_SleepCallback                  0x08000a3c   Section        0  stm32f4xx_hal_can.o(i.HAL_CAN_SleepCallback)
    i.HAL_CAN_TxMailbox0AbortCallback        0x08000a3e   Section        0  stm32f4xx_hal_can.o(i.HAL_CAN_TxMailbox0AbortCallback)
    i.HAL_CAN_TxMailbox0CompleteCallback     0x08000a40   Section        0  stm32f4xx_hal_can.o(i.HAL_CAN_TxMailbox0CompleteCallback)
    i.HAL_CAN_TxMailbox1AbortCallback        0x08000a42   Section        0  stm32f4xx_hal_can.o(i.HAL_CAN_TxMailbox1AbortCallback)
    i.HAL_CAN_TxMailbox1CompleteCallback     0x08000a44   Section        0  stm32f4xx_hal_can.o(i.HAL_CAN_TxMailbox1CompleteCallback)
    i.HAL_CAN_TxMailbox2AbortCallback        0x08000a46   Section        0  stm32f4xx_hal_can.o(i.HAL_CAN_TxMailbox2AbortCallback)
    i.HAL_CAN_TxMailbox2CompleteCallback     0x08000a48   Section        0  stm32f4xx_hal_can.o(i.HAL_CAN_TxMailbox2CompleteCallback)
    i.HAL_CAN_WakeUpFromRxMsgCallback        0x08000a4a   Section        0  stm32f4xx_hal_can.o(i.HAL_CAN_WakeUpFromRxMsgCallback)
    i.HAL_DMA_Abort_IT                       0x08000a4c   Section        0  stm32f4xx_hal_dma.o(i.HAL_DMA_Abort_IT)
    i.HAL_DMA_IRQHandler                     0x08000a70   Section        0  stm32f4xx_hal_dma.o(i.HAL_DMA_IRQHandler)
    i.HAL_DMA_Init                           0x08000c10   Section        0  stm32f4xx_hal_dma.o(i.HAL_DMA_Init)
    i.HAL_GPIO_Init                          0x08000ce4   Section        0  stm32f4xx_hal_gpio.o(i.HAL_GPIO_Init)
    i.HAL_GPIO_ReadPin                       0x08000eb0   Section        0  stm32f4xx_hal_gpio.o(i.HAL_GPIO_ReadPin)
    i.HAL_GPIO_TogglePin                     0x08000eba   Section        0  stm32f4xx_hal_gpio.o(i.HAL_GPIO_TogglePin)
    i.HAL_GPIO_WritePin                      0x08000ec8   Section        0  stm32f4xx_hal_gpio.o(i.HAL_GPIO_WritePin)
    i.HAL_GetTick                            0x08000ed4   Section        0  stm32f4xx_hal.o(i.HAL_GetTick)
    i.HAL_IncTick                            0x08000ee0   Section        0  stm32f4xx_hal.o(i.HAL_IncTick)
    i.HAL_Init                               0x08000ef0   Section        0  stm32f4xx_hal.o(i.HAL_Init)
    i.HAL_InitTick                           0x08000f24   Section        0  stm32f4xx_hal.o(i.HAL_InitTick)
    i.HAL_MspInit                            0x08000f64   Section        0  stm32f4xx_hal_msp.o(i.HAL_MspInit)
    i.HAL_NVIC_EnableIRQ                     0x08000f9c   Section        0  stm32f4xx_hal_cortex.o(i.HAL_NVIC_EnableIRQ)
    i.HAL_NVIC_SetPriority                   0x08000fb8   Section        0  stm32f4xx_hal_cortex.o(i.HAL_NVIC_SetPriority)
    i.HAL_NVIC_SetPriorityGrouping           0x08000ff8   Section        0  stm32f4xx_hal_cortex.o(i.HAL_NVIC_SetPriorityGrouping)
    i.HAL_RCC_ClockConfig                    0x0800101c   Section        0  stm32f4xx_hal_rcc.o(i.HAL_RCC_ClockConfig)
    i.HAL_RCC_GetPCLK1Freq                   0x0800114c   Section        0  stm32f4xx_hal_rcc.o(i.HAL_RCC_GetPCLK1Freq)
    i.HAL_RCC_GetPCLK2Freq                   0x0800116c   Section        0  stm32f4xx_hal_rcc.o(i.HAL_RCC_GetPCLK2Freq)
    i.HAL_RCC_GetSysClockFreq                0x0800118c   Section        0  stm32f4xx_hal_rcc.o(i.HAL_RCC_GetSysClockFreq)
    i.HAL_RCC_OscConfig                      0x080011f0   Section        0  stm32f4xx_hal_rcc.o(i.HAL_RCC_OscConfig)
    i.HAL_SPI_Init                           0x0800150c   Section        0  stm32f4xx_hal_spi.o(i.HAL_SPI_Init)
    i.HAL_SPI_MspInit                        0x0800158c   Section        0  spi.o(i.HAL_SPI_MspInit)
    i.HAL_SYSTICK_Config                     0x080015f8   Section        0  stm32f4xx_hal_cortex.o(i.HAL_SYSTICK_Config)
    i.HAL_TIM_MspPostInit                    0x08001620   Section        0  tim.o(i.HAL_TIM_MspPostInit)
    i.HAL_TIM_PWM_ConfigChannel              0x08001674   Section        0  stm32f4xx_hal_tim.o(i.HAL_TIM_PWM_ConfigChannel)
    i.HAL_TIM_PWM_Init                       0x08001744   Section        0  stm32f4xx_hal_tim.o(i.HAL_TIM_PWM_Init)
    i.HAL_TIM_PWM_MspInit                    0x0800177c   Section        0  tim.o(i.HAL_TIM_PWM_MspInit)
    i.HAL_UART_ErrorCallback                 0x080017a4   Section        0  bsp_uart.o(i.HAL_UART_ErrorCallback)
    i.HAL_UART_IRQHandler                    0x080017b8   Section        0  stm32f4xx_hal_uart.o(i.HAL_UART_IRQHandler)
    i.HAL_UART_Init                          0x080018c8   Section        0  stm32f4xx_hal_uart.o(i.HAL_UART_Init)
    i.HAL_UART_MspInit                       0x0800192c   Section        0  usart.o(i.HAL_UART_MspInit)
    i.HAL_UART_RxCpltCallback                0x08001a90   Section        0  stm32f4xx_hal_uart.o(i.HAL_UART_RxCpltCallback)
    i.HAL_UART_TxCpltCallback                0x08001a92   Section        0  stm32f4xx_hal_uart.o(i.HAL_UART_TxCpltCallback)
    i.HardFault_Handler                      0x08001a94   Section        0  stm32f4xx_it.o(i.HardFault_Handler)
    i.MX_CAN1_Init                           0x08001a98   Section        0  can.o(i.MX_CAN1_Init)
    i.MX_CAN2_Init                           0x08001ae0   Section        0  can.o(i.MX_CAN2_Init)
    i.MX_DMA_Init                            0x08001b28   Section        0  dma.o(i.MX_DMA_Init)
    i.MX_FREERTOS_Init                       0x08001b74   Section        0  freertos.o(i.MX_FREERTOS_Init)
    i.MX_GPIO_Init                           0x08001b9c   Section        0  gpio.o(i.MX_GPIO_Init)
    i.MX_SPI5_Init                           0x08001cf0   Section        0  spi.o(i.MX_SPI5_Init)
    i.MX_TIM12_Init                          0x08001d38   Section        0  tim.o(i.MX_TIM12_Init)
    i.MX_USART1_UART_Init                    0x08001d8c   Section        0  usart.o(i.MX_USART1_UART_Init)
    i.MX_USART2_UART_Init                    0x08001dcc   Section        0  usart.o(i.MX_USART2_UART_Init)
    i.MemManage_Handler                      0x08001e04   Section        0  stm32f4xx_it.o(i.MemManage_Handler)
    i.NMI_Handler                            0x08001e06   Section        0  stm32f4xx_it.o(i.NMI_Handler)
    i.StartDefaultTask                       0x08001e08   Section        0  freertos.o(i.StartDefaultTask)
    i.SysTick_Handler                        0x08001e5c   Section        0  stm32f4xx_it.o(i.SysTick_Handler)
    i.SystemClock_Config                     0x08001e74   Section        0  main.o(i.SystemClock_Config)
    i.SystemInit                             0x08001ef8   Section        0  system_stm32f4xx.o(i.SystemInit)
    i.TIM_Base_SetConfig                     0x08001f4c   Section        0  stm32f4xx_hal_tim.o(i.TIM_Base_SetConfig)
    i.TIM_OC1_SetConfig                      0x08002014   Section        0  stm32f4xx_hal_tim.o(i.TIM_OC1_SetConfig)
    TIM_OC1_SetConfig                        0x08002015   Thumb Code    88  stm32f4xx_hal_tim.o(i.TIM_OC1_SetConfig)
    i.TIM_OC2_SetConfig                      0x08002074   Section        0  stm32f4xx_hal_tim.o(i.TIM_OC2_SetConfig)
    i.TIM_OC3_SetConfig                      0x080020e0   Section        0  stm32f4xx_hal_tim.o(i.TIM_OC3_SetConfig)
    TIM_OC3_SetConfig                        0x080020e1   Thumb Code    96  stm32f4xx_hal_tim.o(i.TIM_OC3_SetConfig)
    i.TIM_OC4_SetConfig                      0x08002148   Section        0  stm32f4xx_hal_tim.o(i.TIM_OC4_SetConfig)
    TIM_OC4_SetConfig                        0x08002149   Thumb Code    70  stm32f4xx_hal_tim.o(i.TIM_OC4_SetConfig)
    i.UART_DMAAbortOnError                   0x08002198   Section        0  stm32f4xx_hal_uart.o(i.UART_DMAAbortOnError)
    UART_DMAAbortOnError                     0x08002199   Thumb Code    16  stm32f4xx_hal_uart.o(i.UART_DMAAbortOnError)
    i.UART_EndRxTransfer                     0x080021a8   Section        0  stm32f4xx_hal_uart.o(i.UART_EndRxTransfer)
    UART_EndRxTransfer                       0x080021a9   Thumb Code    28  stm32f4xx_hal_uart.o(i.UART_EndRxTransfer)
    i.UART_Receive_IT                        0x080021c4   Section        0  stm32f4xx_hal_uart.o(i.UART_Receive_IT)
    UART_Receive_IT                          0x080021c5   Thumb Code   150  stm32f4xx_hal_uart.o(i.UART_Receive_IT)
    i.UART_SetConfig                         0x0800225c   Section        0  stm32f4xx_hal_uart.o(i.UART_SetConfig)
    UART_SetConfig                           0x0800225d   Thumb Code   676  stm32f4xx_hal_uart.o(i.UART_SetConfig)
    i.UART_Transmit_IT                       0x08002508   Section        0  stm32f4xx_hal_uart.o(i.UART_Transmit_IT)
    UART_Transmit_IT                         0x08002509   Thumb Code    98  stm32f4xx_hal_uart.o(i.UART_Transmit_IT)
    i.USART1_IRQHandler                      0x0800256c   Section        0  stm32f4xx_it.o(i.USART1_IRQHandler)
    i.USART2_IRQHandler                      0x08002578   Section        0  stm32f4xx_it.o(i.USART2_IRQHandler)
    i.UsageFault_Handler                     0x08002584   Section        0  stm32f4xx_it.o(i.UsageFault_Handler)
    i.__NVIC_SetPriority                     0x08002586   Section        0  stm32f4xx_hal_cortex.o(i.__NVIC_SetPriority)
    __NVIC_SetPriority                       0x08002587   Thumb Code    32  stm32f4xx_hal_cortex.o(i.__NVIC_SetPriority)
    i.__scatterload_copy                     0x080025a6   Section       14  handlers.o(i.__scatterload_copy)
    i.__scatterload_null                     0x080025b4   Section        2  handlers.o(i.__scatterload_null)
    i.__scatterload_zeroinit                 0x080025b6   Section       14  handlers.o(i.__scatterload_zeroinit)
    i.encoder_data_handle                    0x080025c4   Section        0  bsp_can.o(i.encoder_data_handle)
    i.main                                   0x08002634   Section        0  main.o(i.main)
    i.makeFreeRtosPriority                   0x08002666   Section        0  cmsis_os.o(i.makeFreeRtosPriority)
    makeFreeRtosPriority                     0x08002667   Thumb Code    12  cmsis_os.o(i.makeFreeRtosPriority)
    i.osDelay                                0x08002672   Section        0  cmsis_os.o(i.osDelay)
    i.osKernelStart                          0x08002680   Section        0  cmsis_os.o(i.osKernelStart)
    i.osThreadCreate                         0x0800268a   Section        0  cmsis_os.o(i.osThreadCreate)
    i.prvAddCurrentTaskToDelayedList         0x080026e0   Section        0  tasks.o(i.prvAddCurrentTaskToDelayedList)
    prvAddCurrentTaskToDelayedList           0x080026e1   Thumb Code   102  tasks.o(i.prvAddCurrentTaskToDelayedList)
    i.prvAddNewTaskToReadyList               0x08002750   Section        0  tasks.o(i.prvAddNewTaskToReadyList)
    prvAddNewTaskToReadyList                 0x08002751   Thumb Code   194  tasks.o(i.prvAddNewTaskToReadyList)
    i.prvDeleteTCB                           0x08002820   Section        0  tasks.o(i.prvDeleteTCB)
    prvDeleteTCB                             0x08002821   Thumb Code    52  tasks.o(i.prvDeleteTCB)
    i.prvHeapInit                            0x08002854   Section        0  heap_4.o(i.prvHeapInit)
    prvHeapInit                              0x08002855   Thumb Code    66  heap_4.o(i.prvHeapInit)
    i.prvIdleTask                            0x080028a0   Section        0  tasks.o(i.prvIdleTask)
    prvIdleTask                              0x080028a1   Thumb Code    82  tasks.o(i.prvIdleTask)
    i.prvInitialiseNewTask                   0x08002900   Section        0  tasks.o(i.prvInitialiseNewTask)
    prvInitialiseNewTask                     0x08002901   Thumb Code   142  tasks.o(i.prvInitialiseNewTask)
    i.prvInsertBlockIntoFreeList             0x08002990   Section        0  heap_4.o(i.prvInsertBlockIntoFreeList)
    prvInsertBlockIntoFreeList               0x08002991   Thumb Code    72  heap_4.o(i.prvInsertBlockIntoFreeList)
    i.prvResetNextTaskUnblockTime            0x080029dc   Section        0  tasks.o(i.prvResetNextTaskUnblockTime)
    prvResetNextTaskUnblockTime              0x080029dd   Thumb Code    26  tasks.o(i.prvResetNextTaskUnblockTime)
    i.prvTaskExitError                       0x080029fc   Section        0  port.o(i.prvTaskExitError)
    prvTaskExitError                         0x080029fd   Thumb Code    36  port.o(i.prvTaskExitError)
    i.pvPortMalloc                           0x08002a24   Section        0  heap_4.o(i.pvPortMalloc)
    i.pxPortInitialiseStack                  0x08002afc   Section        0  port.o(i.pxPortInitialiseStack)
    i.uxListRemove                           0x08002b28   Section        0  list.o(i.uxListRemove)
    i.vApplicationGetIdleTaskMemory          0x08002b50   Section        0  freertos.o(i.vApplicationGetIdleTaskMemory)
    i.vApplicationStackOverflowHook          0x08002b64   Section        0  freertos.o(i.vApplicationStackOverflowHook)
    i.vListInitialise                        0x08002b66   Section        0  list.o(i.vListInitialise)
    i.vListInitialiseItem                    0x08002b7c   Section        0  list.o(i.vListInitialiseItem)
    i.vListInsert                            0x08002b82   Section        0  list.o(i.vListInsert)
    i.vListInsertEnd                         0x08002bb2   Section        0  list.o(i.vListInsertEnd)
    i.vPortEnterCritical                     0x08002bcc   Section        0  port.o(i.vPortEnterCritical)
    i.vPortExitCritical                      0x08002c0c   Section        0  port.o(i.vPortExitCritical)
    i.vPortFree                              0x08002c34   Section        0  heap_4.o(i.vPortFree)
    i.vPortSetupTimerInterrupt               0x08002c90   Section        0  port.o(i.vPortSetupTimerInterrupt)
    i.vTaskDelay                             0x08002cb4   Section        0  tasks.o(i.vTaskDelay)
    i.vTaskStartScheduler                    0x08002d00   Section        0  tasks.o(i.vTaskStartScheduler)
    i.vTaskSuspendAll                        0x08002d6c   Section        0  tasks.o(i.vTaskSuspendAll)
    i.vTaskSwitchContext                     0x08002d7c   Section        0  tasks.o(i.vTaskSwitchContext)
    i.xPortStartScheduler                    0x08002df0   Section        0  port.o(i.xPortStartScheduler)
    i.xPortSysTickHandler                    0x08002ee4   Section        0  port.o(i.xPortSysTickHandler)
    i.xTaskCreate                            0x08002f10   Section        0  tasks.o(i.xTaskCreate)
    i.xTaskCreateStatic                      0x08002f6a   Section        0  tasks.o(i.xTaskCreateStatic)
    i.xTaskGetSchedulerState                 0x08002fc0   Section        0  tasks.o(i.xTaskGetSchedulerState)
    i.xTaskIncrementTick                     0x08002fdc   Section        0  tasks.o(i.xTaskIncrementTick)
    i.xTaskResumeAll                         0x080030a4   Section        0  tasks.o(i.xTaskResumeAll)
    .constdata                               0x08003168   Section       28  freertos.o(.constdata)
    .constdata                               0x08003184   Section        8  stm32f4xx_hal_dma.o(.constdata)
    flagBitshiftOffset                       0x08003184   Data           8  stm32f4xx_hal_dma.o(.constdata)
    .constdata                               0x0800318c   Section       16  system_stm32f4xx.o(.constdata)
    .constdata                               0x0800319c   Section        8  system_stm32f4xx.o(.constdata)
    .conststring                             0x080031a4   Section       12  freertos.o(.conststring)
    .data                                    0x20000000   Section        9  bsp_can.o(.data)
    i                                        0x20000000   Data           1  bsp_can.o(.data)
    .data                                    0x2000000c   Section        4  can.o(.data)
    HAL_RCC_CAN1_CLK_ENABLED                 0x2000000c   Data           4  can.o(.data)
    .data                                    0x20000010   Section        4  freertos.o(.data)
    .data                                    0x20000014   Section       12  stm32f4xx_hal.o(.data)
    .data                                    0x20000020   Section        4  system_stm32f4xx.o(.data)
    .data                                    0x20000024   Section       60  tasks.o(.data)
    pxDelayedTaskList                        0x20000028   Data           4  tasks.o(.data)
    pxOverflowDelayedTaskList                0x2000002c   Data           4  tasks.o(.data)
    uxDeletedTasksWaitingCleanUp             0x20000030   Data           4  tasks.o(.data)
    uxCurrentNumberOfTasks                   0x20000034   Data           4  tasks.o(.data)
    xTickCount                               0x20000038   Data           4  tasks.o(.data)
    uxTopReadyPriority                       0x2000003c   Data           4  tasks.o(.data)
    xSchedulerRunning                        0x20000040   Data           4  tasks.o(.data)
    uxPendedTicks                            0x20000044   Data           4  tasks.o(.data)
    xYieldPending                            0x20000048   Data           4  tasks.o(.data)
    xNumOfOverflows                          0x2000004c   Data           4  tasks.o(.data)
    uxTaskNumber                             0x20000050   Data           4  tasks.o(.data)
    xNextTaskUnblockTime                     0x20000054   Data           4  tasks.o(.data)
    xIdleTaskHandle                          0x20000058   Data           4  tasks.o(.data)
    uxSchedulerSuspended                     0x2000005c   Data           4  tasks.o(.data)
    .data                                    0x20000060   Section       24  heap_4.o(.data)
    pxEnd                                    0x20000060   Data           4  heap_4.o(.data)
    xFreeBytesRemaining                      0x20000064   Data           4  heap_4.o(.data)
    xMinimumEverFreeBytesRemaining           0x20000068   Data           4  heap_4.o(.data)
    xBlockAllocatedBit                       0x2000006c   Data           4  heap_4.o(.data)
    xStart                                   0x20000070   Data           8  heap_4.o(.data)
    .data                                    0x20000078   Section       12  port.o(.data)
    ucMaxSysCallPriority                     0x20000078   Data           1  port.o(.data)
    uxCriticalNesting                        0x2000007c   Data           4  port.o(.data)
    ulMaxPRIGROUPValue                       0x20000080   Data           4  port.o(.data)
    .bss                                     0x20000084   Section      456  bsp_can.o(.bss)
    .bss                                     0x2000024c   Section       80  can.o(.bss)
    .bss                                     0x2000029c   Section      596  freertos.o(.bss)
    xIdleTaskTCBBuffer                       0x2000029c   Data          84  freertos.o(.bss)
    xIdleStack                               0x200002f0   Data         512  freertos.o(.bss)
    .bss                                     0x200004f0   Section       88  spi.o(.bss)
    .bss                                     0x20000548   Section       64  tim.o(.bss)
    .bss                                     0x20000588   Section      320  usart.o(.bss)
    .bss                                     0x200006c8   Section      240  tasks.o(.bss)
    pxReadyTasksLists                        0x200006c8   Data         140  tasks.o(.bss)
    xDelayedTaskList1                        0x20000754   Data          20  tasks.o(.bss)
    xDelayedTaskList2                        0x20000768   Data          20  tasks.o(.bss)
    xPendingReadyList                        0x2000077c   Data          20  tasks.o(.bss)
    xTasksWaitingTermination                 0x20000790   Data          20  tasks.o(.bss)
    xSuspendedTaskList                       0x200007a4   Data          20  tasks.o(.bss)
    .bss                                     0x200007b8   Section    15360  heap_4.o(.bss)
    ucHeap                                   0x200007b8   Data       15360  heap_4.o(.bss)
    STACK                                    0x200043b8   Section     1024  startup_stm32f427xx.o(STACK)

    Global Symbols

    Symbol Name                              Value     Ov Type        Size  Object(Section)

    BuildAttributes$$THM_ISAv4$E$P$D$K$B$S$7EM$VFPi3$EXTD16$VFPS$VFMA$PE$A:L22UL41UL21$X:L11$S22US41US21$IEEE1$IW$USESV6$~STKCKD$USESV7$~SHL$OTIME$ROPI$IEEEX$EBA8$MICROLIB$REQ8$PRES8$EABIv2 0x00000000   Number         0  anon$$obj.o ABSOLUTE
    __ARM_use_no_argv                        0x00000000   Number         0  main.o ABSOLUTE
    _printf_a                                0x00000000   Number         0  stubs.o ABSOLUTE
    _printf_c                                0x00000000   Number         0  stubs.o ABSOLUTE
    _printf_charcount                        0x00000000   Number         0  stubs.o ABSOLUTE
    _printf_d                                0x00000000   Number         0  stubs.o ABSOLUTE
    _printf_e                                0x00000000   Number         0  stubs.o ABSOLUTE
    _printf_f                                0x00000000   Number         0  stubs.o ABSOLUTE
    _printf_flags                            0x00000000   Number         0  stubs.o ABSOLUTE
    _printf_fp_dec                           0x00000000   Number         0  stubs.o ABSOLUTE
    _printf_fp_hex                           0x00000000   Number         0  stubs.o ABSOLUTE
    _printf_g                                0x00000000   Number         0  stubs.o ABSOLUTE
    _printf_i                                0x00000000   Number         0  stubs.o ABSOLUTE
    _printf_int_dec                          0x00000000   Number         0  stubs.o ABSOLUTE
    _printf_l                                0x00000000   Number         0  stubs.o ABSOLUTE
    _printf_lc                               0x00000000   Number         0  stubs.o ABSOLUTE
    _printf_ll                               0x00000000   Number         0  stubs.o ABSOLUTE
    _printf_lld                              0x00000000   Number         0  stubs.o ABSOLUTE
    _printf_lli                              0x00000000   Number         0  stubs.o ABSOLUTE
    _printf_llo                              0x00000000   Number         0  stubs.o ABSOLUTE
    _printf_llu                              0x00000000   Number         0  stubs.o ABSOLUTE
    _printf_llx                              0x00000000   Number         0  stubs.o ABSOLUTE
    _printf_longlong_dec                     0x00000000   Number         0  stubs.o ABSOLUTE
    _printf_longlong_hex                     0x00000000   Number         0  stubs.o ABSOLUTE
    _printf_longlong_oct                     0x00000000   Number         0  stubs.o ABSOLUTE
    _printf_ls                               0x00000000   Number         0  stubs.o ABSOLUTE
    _printf_mbtowc                           0x00000000   Number         0  stubs.o ABSOLUTE
    _printf_n                                0x00000000   Number         0  stubs.o ABSOLUTE
    _printf_o                                0x00000000   Number         0  stubs.o ABSOLUTE
    _printf_p                                0x00000000   Number         0  stubs.o ABSOLUTE
    _printf_percent                          0x00000000   Number         0  stubs.o ABSOLUTE
    _printf_pre_padding                      0x00000000   Number         0  stubs.o ABSOLUTE
    _printf_return_value                     0x00000000   Number         0  stubs.o ABSOLUTE
    _printf_s                                0x00000000   Number         0  stubs.o ABSOLUTE
    _printf_sizespec                         0x00000000   Number         0  stubs.o ABSOLUTE
    _printf_str                              0x00000000   Number         0  stubs.o ABSOLUTE
    _printf_truncate_signed                  0x00000000   Number         0  stubs.o ABSOLUTE
    _printf_truncate_unsigned                0x00000000   Number         0  stubs.o ABSOLUTE
    _printf_u                                0x00000000   Number         0  stubs.o ABSOLUTE
    _printf_wc                               0x00000000   Number         0  stubs.o ABSOLUTE
    _printf_wctomb                           0x00000000   Number         0  stubs.o ABSOLUTE
    _printf_widthprec                        0x00000000   Number         0  stubs.o ABSOLUTE
    _printf_x                                0x00000000   Number         0  stubs.o ABSOLUTE
    __cpp_initialize__aeabi_                  - Undefined Weak Reference
    __cxa_finalize                            - Undefined Weak Reference
    __decompress                              - Undefined Weak Reference
    _clock_init                               - Undefined Weak Reference
    _microlib_exit                            - Undefined Weak Reference
    __Vectors_Size                           0x000001ac   Number         0  startup_stm32f427xx.o ABSOLUTE
    __Vectors                                0x08000000   Data           4  startup_stm32f427xx.o(RESET)
    __Vectors_End                            0x080001ac   Data           0  startup_stm32f427xx.o(RESET)
    __main                                   0x080001ad   Thumb Code     0  entry.o(.ARM.Collect$$$$00000000)
    _main_stk                                0x080001ad   Thumb Code     0  entry2.o(.ARM.Collect$$$$00000001)
    _main_scatterload                        0x080001b1   Thumb Code     0  entry5.o(.ARM.Collect$$$$00000004)
    __main_after_scatterload                 0x080001b5   Thumb Code     0  entry5.o(.ARM.Collect$$$$00000004)
    _main_clock                              0x080001b5   Thumb Code     0  entry7b.o(.ARM.Collect$$$$00000008)
    _main_cpp_init                           0x080001b5   Thumb Code     0  entry8b.o(.ARM.Collect$$$$0000000A)
    _main_init                               0x080001b5   Thumb Code     0  entry9a.o(.ARM.Collect$$$$0000000B)
    __rt_final_cpp                           0x080001bd   Thumb Code     0  entry10a.o(.ARM.Collect$$$$0000000D)
    __rt_final_exit                          0x080001bd   Thumb Code     0  entry11a.o(.ARM.Collect$$$$0000000F)
    SVC_Handler                              0x080001c1   Thumb Code    28  port.o(.emb_text)
    __asm___6_port_c_39a90d8d__prvStartFirstTask 0x080001e1   Thumb Code    36  port.o(.emb_text)
    __asm___6_port_c_39a90d8d__prvEnableVFP  0x08000209   Thumb Code    16  port.o(.emb_text)
    PendSV_Handler                           0x0800021d   Thumb Code    88  port.o(.emb_text)
    vPortGetIPSR                             0x08000279   Thumb Code     6  port.o(.emb_text)
    Reset_Handler                            0x08000281   Thumb Code     8  startup_stm32f427xx.o(.text)
    ADC_IRQHandler                           0x0800029b   Thumb Code     0  startup_stm32f427xx.o(.text)
    CAN1_RX1_IRQHandler                      0x0800029b   Thumb Code     0  startup_stm32f427xx.o(.text)
    CAN1_SCE_IRQHandler                      0x0800029b   Thumb Code     0  startup_stm32f427xx.o(.text)
    CAN2_RX1_IRQHandler                      0x0800029b   Thumb Code     0  startup_stm32f427xx.o(.text)
    CAN2_SCE_IRQHandler                      0x0800029b   Thumb Code     0  startup_stm32f427xx.o(.text)
    DCMI_IRQHandler                          0x0800029b   Thumb Code     0  startup_stm32f427xx.o(.text)
    DMA1_Stream0_IRQHandler                  0x0800029b   Thumb Code     0  startup_stm32f427xx.o(.text)
    DMA1_Stream1_IRQHandler                  0x0800029b   Thumb Code     0  startup_stm32f427xx.o(.text)
    DMA1_Stream2_IRQHandler                  0x0800029b   Thumb Code     0  startup_stm32f427xx.o(.text)
    DMA1_Stream3_IRQHandler                  0x0800029b   Thumb Code     0  startup_stm32f427xx.o(.text)
    DMA1_Stream4_IRQHandler                  0x0800029b   Thumb Code     0  startup_stm32f427xx.o(.text)
    DMA1_Stream6_IRQHandler                  0x0800029b   Thumb Code     0  startup_stm32f427xx.o(.text)
    DMA1_Stream7_IRQHandler                  0x0800029b   Thumb Code     0  startup_stm32f427xx.o(.text)
    DMA2D_IRQHandler                         0x0800029b   Thumb Code     0  startup_stm32f427xx.o(.text)
    DMA2_Stream0_IRQHandler                  0x0800029b   Thumb Code     0  startup_stm32f427xx.o(.text)
    DMA2_Stream1_IRQHandler                  0x0800029b   Thumb Code     0  startup_stm32f427xx.o(.text)
    DMA2_Stream3_IRQHandler                  0x0800029b   Thumb Code     0  startup_stm32f427xx.o(.text)
    DMA2_Stream4_IRQHandler                  0x0800029b   Thumb Code     0  startup_stm32f427xx.o(.text)
    DMA2_Stream5_IRQHandler                  0x0800029b   Thumb Code     0  startup_stm32f427xx.o(.text)
    DMA2_Stream6_IRQHandler                  0x0800029b   Thumb Code     0  startup_stm32f427xx.o(.text)
    DMA2_Stream7_IRQHandler                  0x0800029b   Thumb Code     0  startup_stm32f427xx.o(.text)
    ETH_IRQHandler                           0x0800029b   Thumb Code     0  startup_stm32f427xx.o(.text)
    ETH_WKUP_IRQHandler                      0x0800029b   Thumb Code     0  startup_stm32f427xx.o(.text)
    EXTI0_IRQHandler                         0x0800029b   Thumb Code     0  startup_stm32f427xx.o(.text)
    EXTI15_10_IRQHandler                     0x0800029b   Thumb Code     0  startup_stm32f427xx.o(.text)
    EXTI1_IRQHandler                         0x0800029b   Thumb Code     0  startup_stm32f427xx.o(.text)
    EXTI2_IRQHandler                         0x0800029b   Thumb Code     0  startup_stm32f427xx.o(.text)
    EXTI3_IRQHandler                         0x0800029b   Thumb Code     0  startup_stm32f427xx.o(.text)
    EXTI4_IRQHandler                         0x0800029b   Thumb Code     0  startup_stm32f427xx.o(.text)
    EXTI9_5_IRQHandler                       0x0800029b   Thumb Code     0  startup_stm32f427xx.o(.text)
    FLASH_IRQHandler                         0x0800029b   Thumb Code     0  startup_stm32f427xx.o(.text)
    FMC_IRQHandler                           0x0800029b   Thumb Code     0  startup_stm32f427xx.o(.text)
    FPU_IRQHandler                           0x0800029b   Thumb Code     0  startup_stm32f427xx.o(.text)
    HASH_RNG_IRQHandler                      0x0800029b   Thumb Code     0  startup_stm32f427xx.o(.text)
    I2C1_ER_IRQHandler                       0x0800029b   Thumb Code     0  startup_stm32f427xx.o(.text)
    I2C1_EV_IRQHandler                       0x0800029b   Thumb Code     0  startup_stm32f427xx.o(.text)
    I2C2_ER_IRQHandler                       0x0800029b   Thumb Code     0  startup_stm32f427xx.o(.text)
    I2C2_EV_IRQHandler                       0x0800029b   Thumb Code     0  startup_stm32f427xx.o(.text)
    I2C3_ER_IRQHandler                       0x0800029b   Thumb Code     0  startup_stm32f427xx.o(.text)
    I2C3_EV_IRQHandler                       0x0800029b   Thumb Code     0  startup_stm32f427xx.o(.text)
    OTG_FS_IRQHandler                        0x0800029b   Thumb Code     0  startup_stm32f427xx.o(.text)
    OTG_FS_WKUP_IRQHandler                   0x0800029b   Thumb Code     0  startup_stm32f427xx.o(.text)
    OTG_HS_EP1_IN_IRQHandler                 0x0800029b   Thumb Code     0  startup_stm32f427xx.o(.text)
    OTG_HS_EP1_OUT_IRQHandler                0x0800029b   Thumb Code     0  startup_stm32f427xx.o(.text)
    OTG_HS_IRQHandler                        0x0800029b   Thumb Code     0  startup_stm32f427xx.o(.text)
    OTG_HS_WKUP_IRQHandler                   0x0800029b   Thumb Code     0  startup_stm32f427xx.o(.text)
    PVD_IRQHandler                           0x0800029b   Thumb Code     0  startup_stm32f427xx.o(.text)
    RCC_IRQHandler                           0x0800029b   Thumb Code     0  startup_stm32f427xx.o(.text)
    RTC_Alarm_IRQHandler                     0x0800029b   Thumb Code     0  startup_stm32f427xx.o(.text)
    RTC_WKUP_IRQHandler                      0x0800029b   Thumb Code     0  startup_stm32f427xx.o(.text)
    SAI1_IRQHandler                          0x0800029b   Thumb Code     0  startup_stm32f427xx.o(.text)
    SDIO_IRQHandler                          0x0800029b   Thumb Code     0  startup_stm32f427xx.o(.text)
    SPI1_IRQHandler                          0x0800029b   Thumb Code     0  startup_stm32f427xx.o(.text)
    SPI2_IRQHandler                          0x0800029b   Thumb Code     0  startup_stm32f427xx.o(.text)
    SPI3_IRQHandler                          0x0800029b   Thumb Code     0  startup_stm32f427xx.o(.text)
    SPI4_IRQHandler                          0x0800029b   Thumb Code     0  startup_stm32f427xx.o(.text)
    SPI5_IRQHandler                          0x0800029b   Thumb Code     0  startup_stm32f427xx.o(.text)
    SPI6_IRQHandler                          0x0800029b   Thumb Code     0  startup_stm32f427xx.o(.text)
    TAMP_STAMP_IRQHandler                    0x0800029b   Thumb Code     0  startup_stm32f427xx.o(.text)
    TIM1_BRK_TIM9_IRQHandler                 0x0800029b   Thumb Code     0  startup_stm32f427xx.o(.text)
    TIM1_CC_IRQHandler                       0x0800029b   Thumb Code     0  startup_stm32f427xx.o(.text)
    TIM1_TRG_COM_TIM11_IRQHandler            0x0800029b   Thumb Code     0  startup_stm32f427xx.o(.text)
    TIM1_UP_TIM10_IRQHandler                 0x0800029b   Thumb Code     0  startup_stm32f427xx.o(.text)
    TIM2_IRQHandler                          0x0800029b   Thumb Code     0  startup_stm32f427xx.o(.text)
    TIM3_IRQHandler                          0x0800029b   Thumb Code     0  startup_stm32f427xx.o(.text)
    TIM4_IRQHandler                          0x0800029b   Thumb Code     0  startup_stm32f427xx.o(.text)
    TIM5_IRQHandler                          0x0800029b   Thumb Code     0  startup_stm32f427xx.o(.text)
    TIM6_DAC_IRQHandler                      0x0800029b   Thumb Code     0  startup_stm32f427xx.o(.text)
    TIM7_IRQHandler                          0x0800029b   Thumb Code     0  startup_stm32f427xx.o(.text)
    TIM8_BRK_TIM12_IRQHandler                0x0800029b   Thumb Code     0  startup_stm32f427xx.o(.text)
    TIM8_CC_IRQHandler                       0x0800029b   Thumb Code     0  startup_stm32f427xx.o(.text)
    TIM8_TRG_COM_TIM14_IRQHandler            0x0800029b   Thumb Code     0  startup_stm32f427xx.o(.text)
    TIM8_UP_TIM13_IRQHandler                 0x0800029b   Thumb Code     0  startup_stm32f427xx.o(.text)
    UART4_IRQHandler                         0x0800029b   Thumb Code     0  startup_stm32f427xx.o(.text)
    UART5_IRQHandler                         0x0800029b   Thumb Code     0  startup_stm32f427xx.o(.text)
    UART7_IRQHandler                         0x0800029b   Thumb Code     0  startup_stm32f427xx.o(.text)
    UART8_IRQHandler                         0x0800029b   Thumb Code     0  startup_stm32f427xx.o(.text)
    USART3_IRQHandler                        0x0800029b   Thumb Code     0  startup_stm32f427xx.o(.text)
    USART6_IRQHandler                        0x0800029b   Thumb Code     0  startup_stm32f427xx.o(.text)
    WWDG_IRQHandler                          0x0800029b   Thumb Code     0  startup_stm32f427xx.o(.text)
    __aeabi_uldivmod                         0x080002a5   Thumb Code    98  uldiv.o(.text)
    __aeabi_memcpy                           0x08000307   Thumb Code    36  memcpya.o(.text)
    __aeabi_memcpy4                          0x08000307   Thumb Code     0  memcpya.o(.text)
    __aeabi_memcpy8                          0x08000307   Thumb Code     0  memcpya.o(.text)
    __aeabi_memset                           0x0800032b   Thumb Code    14  memseta.o(.text)
    __aeabi_memset4                          0x0800032b   Thumb Code     0  memseta.o(.text)
    __aeabi_memset8                          0x0800032b   Thumb Code     0  memseta.o(.text)
    __aeabi_memclr                           0x08000339   Thumb Code     4  memseta.o(.text)
    __aeabi_memclr4                          0x08000339   Thumb Code     0  memseta.o(.text)
    __aeabi_memclr8                          0x08000339   Thumb Code     0  memseta.o(.text)
    memset                                   0x0800033d   Thumb Code    18  memseta.o(.text)
    __aeabi_llsl                             0x0800034f   Thumb Code    30  llshl.o(.text)
    _ll_shift_l                              0x0800034f   Thumb Code     0  llshl.o(.text)
    __aeabi_llsr                             0x0800036d   Thumb Code    32  llushr.o(.text)
    _ll_ushift_r                             0x0800036d   Thumb Code     0  llushr.o(.text)
    __scatterload                            0x0800038d   Thumb Code    28  init.o(.text)
    __scatterload_rt2                        0x0800038d   Thumb Code     0  init.o(.text)
    BusFault_Handler                         0x080003b1   Thumb Code     2  stm32f4xx_it.o(i.BusFault_Handler)
    CAN1_RX0_IRQHandler                      0x080003b5   Thumb Code     6  stm32f4xx_it.o(i.CAN1_RX0_IRQHandler)
    CAN1_TX_IRQHandler                       0x080003c1   Thumb Code     6  stm32f4xx_it.o(i.CAN1_TX_IRQHandler)
    CAN2_RX0_IRQHandler                      0x080003cd   Thumb Code     6  stm32f4xx_it.o(i.CAN2_RX0_IRQHandler)
    CAN2_TX_IRQHandler                       0x080003d9   Thumb Code     6  stm32f4xx_it.o(i.CAN2_TX_IRQHandler)
    DMA1_Stream5_IRQHandler                  0x080003e5   Thumb Code     6  stm32f4xx_it.o(i.DMA1_Stream5_IRQHandler)
    DMA2_Stream2_IRQHandler                  0x080003f1   Thumb Code     6  stm32f4xx_it.o(i.DMA2_Stream2_IRQHandler)
    DebugMon_Handler                         0x08000479   Thumb Code     2  stm32f4xx_it.o(i.DebugMon_Handler)
    Error_Handler                            0x0800047b   Thumb Code     2  main.o(i.Error_Handler)
    HAL_CAN_ErrorCallback                    0x0800047d   Thumb Code     2  stm32f4xx_hal_can.o(i.HAL_CAN_ErrorCallback)
    HAL_CAN_GetRxMessage                     0x0800047f   Thumb Code   232  stm32f4xx_hal_can.o(i.HAL_CAN_GetRxMessage)
    HAL_CAN_IRQHandler                       0x08000567   Thumb Code   508  stm32f4xx_hal_can.o(i.HAL_CAN_IRQHandler)
    HAL_CAN_Init                             0x08000763   Thumb Code   282  stm32f4xx_hal_can.o(i.HAL_CAN_Init)
    HAL_CAN_MspInit                          0x0800087d   Thumb Code   258  can.o(i.HAL_CAN_MspInit)
    HAL_CAN_RxFifo0FullCallback              0x08000999   Thumb Code     2  stm32f4xx_hal_can.o(i.HAL_CAN_RxFifo0FullCallback)
    HAL_CAN_RxFifo0MsgPendingCallback        0x0800099d   Thumb Code   126  bsp_can.o(i.HAL_CAN_RxFifo0MsgPendingCallback)
    HAL_CAN_RxFifo1FullCallback              0x08000a39   Thumb Code     2  stm32f4xx_hal_can.o(i.HAL_CAN_RxFifo1FullCallback)
    HAL_CAN_RxFifo1MsgPendingCallback        0x08000a3b   Thumb Code     2  stm32f4xx_hal_can.o(i.HAL_CAN_RxFifo1MsgPendingCallback)
    HAL_CAN_SleepCallback                    0x08000a3d   Thumb Code     2  stm32f4xx_hal_can.o(i.HAL_CAN_SleepCallback)
    HAL_CAN_TxMailbox0AbortCallback          0x08000a3f   Thumb Code     2  stm32f4xx_hal_can.o(i.HAL_CAN_TxMailbox0AbortCallback)
    HAL_CAN_TxMailbox0CompleteCallback       0x08000a41   Thumb Code     2  stm32f4xx_hal_can.o(i.HAL_CAN_TxMailbox0CompleteCallback)
    HAL_CAN_TxMailbox1AbortCallback          0x08000a43   Thumb Code     2  stm32f4xx_hal_can.o(i.HAL_CAN_TxMailbox1AbortCallback)
    HAL_CAN_TxMailbox1CompleteCallback       0x08000a45   Thumb Code     2  stm32f4xx_hal_can.o(i.HAL_CAN_TxMailbox1CompleteCallback)
    HAL_CAN_TxMailbox2AbortCallback          0x08000a47   Thumb Code     2  stm32f4xx_hal_can.o(i.HAL_CAN_TxMailbox2AbortCallback)
    HAL_CAN_TxMailbox2CompleteCallback       0x08000a49   Thumb Code     2  stm32f4xx_hal_can.o(i.HAL_CAN_TxMailbox2CompleteCallback)
    HAL_CAN_WakeUpFromRxMsgCallback          0x08000a4b   Thumb Code     2  stm32f4xx_hal_can.o(i.HAL_CAN_WakeUpFromRxMsgCallback)
    HAL_DMA_Abort_IT                         0x08000a4d   Thumb Code    36  stm32f4xx_hal_dma.o(i.HAL_DMA_Abort_IT)
    HAL_DMA_IRQHandler                       0x08000a71   Thumb Code   412  stm32f4xx_hal_dma.o(i.HAL_DMA_IRQHandler)
    HAL_DMA_Init                             0x08000c11   Thumb Code   206  stm32f4xx_hal_dma.o(i.HAL_DMA_Init)
    HAL_GPIO_Init                            0x08000ce5   Thumb Code   408  stm32f4xx_hal_gpio.o(i.HAL_GPIO_Init)
    HAL_GPIO_ReadPin                         0x08000eb1   Thumb Code    10  stm32f4xx_hal_gpio.o(i.HAL_GPIO_ReadPin)
    HAL_GPIO_TogglePin                       0x08000ebb   Thumb Code    14  stm32f4xx_hal_gpio.o(i.HAL_GPIO_TogglePin)
    HAL_GPIO_WritePin                        0x08000ec9   Thumb Code    10  stm32f4xx_hal_gpio.o(i.HAL_GPIO_WritePin)
    HAL_GetTick                              0x08000ed5   Thumb Code     6  stm32f4xx_hal.o(i.HAL_GetTick)
    HAL_IncTick                              0x08000ee1   Thumb Code    12  stm32f4xx_hal.o(i.HAL_IncTick)
    HAL_Init                                 0x08000ef1   Thumb Code    48  stm32f4xx_hal.o(i.HAL_Init)
    HAL_InitTick                             0x08000f25   Thumb Code    54  stm32f4xx_hal.o(i.HAL_InitTick)
    HAL_MspInit                              0x08000f65   Thumb Code    52  stm32f4xx_hal_msp.o(i.HAL_MspInit)
    HAL_NVIC_EnableIRQ                       0x08000f9d   Thumb Code    26  stm32f4xx_hal_cortex.o(i.HAL_NVIC_EnableIRQ)
    HAL_NVIC_SetPriority                     0x08000fb9   Thumb Code    60  stm32f4xx_hal_cortex.o(i.HAL_NVIC_SetPriority)
    HAL_NVIC_SetPriorityGrouping             0x08000ff9   Thumb Code    26  stm32f4xx_hal_cortex.o(i.HAL_NVIC_SetPriorityGrouping)
    HAL_RCC_ClockConfig                      0x0800101d   Thumb Code   286  stm32f4xx_hal_rcc.o(i.HAL_RCC_ClockConfig)
    HAL_RCC_GetPCLK1Freq                     0x0800114d   Thumb Code    20  stm32f4xx_hal_rcc.o(i.HAL_RCC_GetPCLK1Freq)
    HAL_RCC_GetPCLK2Freq                     0x0800116d   Thumb Code    20  stm32f4xx_hal_rcc.o(i.HAL_RCC_GetPCLK2Freq)
    HAL_RCC_GetSysClockFreq                  0x0800118d   Thumb Code    88  stm32f4xx_hal_rcc.o(i.HAL_RCC_GetSysClockFreq)
    HAL_RCC_OscConfig                        0x080011f1   Thumb Code   770  stm32f4xx_hal_rcc.o(i.HAL_RCC_OscConfig)
    HAL_SPI_Init                             0x0800150d   Thumb Code   128  stm32f4xx_hal_spi.o(i.HAL_SPI_Init)
    HAL_SPI_MspInit                          0x0800158d   Thumb Code    94  spi.o(i.HAL_SPI_MspInit)
    HAL_SYSTICK_Config                       0x080015f9   Thumb Code    40  stm32f4xx_hal_cortex.o(i.HAL_SYSTICK_Config)
    HAL_TIM_MspPostInit                      0x08001621   Thumb Code    70  tim.o(i.HAL_TIM_MspPostInit)
    HAL_TIM_PWM_ConfigChannel                0x08001675   Thumb Code   208  stm32f4xx_hal_tim.o(i.HAL_TIM_PWM_ConfigChannel)
    HAL_TIM_PWM_Init                         0x08001745   Thumb Code    54  stm32f4xx_hal_tim.o(i.HAL_TIM_PWM_Init)
    HAL_TIM_PWM_MspInit                      0x0800177d   Thumb Code    30  tim.o(i.HAL_TIM_PWM_MspInit)
    HAL_UART_ErrorCallback                   0x080017a5   Thumb Code    18  bsp_uart.o(i.HAL_UART_ErrorCallback)
    HAL_UART_IRQHandler                      0x080017b9   Thumb Code   266  stm32f4xx_hal_uart.o(i.HAL_UART_IRQHandler)
    HAL_UART_Init                            0x080018c9   Thumb Code    98  stm32f4xx_hal_uart.o(i.HAL_UART_Init)
    HAL_UART_MspInit                         0x0800192d   Thumb Code   320  usart.o(i.HAL_UART_MspInit)
    HAL_UART_RxCpltCallback                  0x08001a91   Thumb Code     2  stm32f4xx_hal_uart.o(i.HAL_UART_RxCpltCallback)
    HAL_UART_TxCpltCallback                  0x08001a93   Thumb Code     2  stm32f4xx_hal_uart.o(i.HAL_UART_TxCpltCallback)
    HardFault_Handler                        0x08001a95   Thumb Code     2  stm32f4xx_it.o(i.HardFault_Handler)
    MX_CAN1_Init                             0x08001a99   Thumb Code    62  can.o(i.MX_CAN1_Init)
    MX_CAN2_Init                             0x08001ae1   Thumb Code    62  can.o(i.MX_CAN2_Init)
    MX_DMA_Init                              0x08001b29   Thumb Code    72  dma.o(i.MX_DMA_Init)
    MX_FREERTOS_Init                         0x08001b75   Thumb Code    30  freertos.o(i.MX_FREERTOS_Init)
    MX_GPIO_Init                             0x08001b9d   Thumb Code   316  gpio.o(i.MX_GPIO_Init)
    MX_SPI5_Init                             0x08001cf1   Thumb Code    62  spi.o(i.MX_SPI5_Init)
    MX_TIM12_Init                            0x08001d39   Thumb Code    76  tim.o(i.MX_TIM12_Init)
    MX_USART1_UART_Init                      0x08001d8d   Thumb Code    50  usart.o(i.MX_USART1_UART_Init)
    MX_USART2_UART_Init                      0x08001dcd   Thumb Code    48  usart.o(i.MX_USART2_UART_Init)
    MemManage_Handler                        0x08001e05   Thumb Code     2  stm32f4xx_it.o(i.MemManage_Handler)
    NMI_Handler                              0x08001e07   Thumb Code     2  stm32f4xx_it.o(i.NMI_Handler)
    StartDefaultTask                         0x08001e09   Thumb Code    72  freertos.o(i.StartDefaultTask)
    SysTick_Handler                          0x08001e5d   Thumb Code    24  stm32f4xx_it.o(i.SysTick_Handler)
    SystemClock_Config                       0x08001e75   Thumb Code   124  main.o(i.SystemClock_Config)
    SystemInit                               0x08001ef9   Thumb Code    66  system_stm32f4xx.o(i.SystemInit)
    TIM_Base_SetConfig                       0x08001f4d   Thumb Code   156  stm32f4xx_hal_tim.o(i.TIM_Base_SetConfig)
    TIM_OC2_SetConfig                        0x08002075   Thumb Code    98  stm32f4xx_hal_tim.o(i.TIM_OC2_SetConfig)
    USART1_IRQHandler                        0x0800256d   Thumb Code     6  stm32f4xx_it.o(i.USART1_IRQHandler)
    USART2_IRQHandler                        0x08002579   Thumb Code     6  stm32f4xx_it.o(i.USART2_IRQHandler)
    UsageFault_Handler                       0x08002585   Thumb Code     2  stm32f4xx_it.o(i.UsageFault_Handler)
    __scatterload_copy                       0x080025a7   Thumb Code    14  handlers.o(i.__scatterload_copy)
    __scatterload_null                       0x080025b5   Thumb Code     2  handlers.o(i.__scatterload_null)
    __scatterload_zeroinit                   0x080025b7   Thumb Code    14  handlers.o(i.__scatterload_zeroinit)
    encoder_data_handle                      0x080025c5   Thumb Code   104  bsp_can.o(i.encoder_data_handle)
    main                                     0x08002635   Thumb Code    50  main.o(i.main)
    osDelay                                  0x08002673   Thumb Code    14  cmsis_os.o(i.osDelay)
    osKernelStart                            0x08002681   Thumb Code    10  cmsis_os.o(i.osKernelStart)
    osThreadCreate                           0x0800268b   Thumb Code    84  cmsis_os.o(i.osThreadCreate)
    pvPortMalloc                             0x08002a25   Thumb Code   210  heap_4.o(i.pvPortMalloc)
    pxPortInitialiseStack                    0x08002afd   Thumb Code    40  port.o(i.pxPortInitialiseStack)
    uxListRemove                             0x08002b29   Thumb Code    38  list.o(i.uxListRemove)
    vApplicationGetIdleTaskMemory            0x08002b51   Thumb Code    16  freertos.o(i.vApplicationGetIdleTaskMemory)
    vApplicationStackOverflowHook            0x08002b65   Thumb Code     2  freertos.o(i.vApplicationStackOverflowHook)
    vListInitialise                          0x08002b67   Thumb Code    22  list.o(i.vListInitialise)
    vListInitialiseItem                      0x08002b7d   Thumb Code     6  list.o(i.vListInitialiseItem)
    vListInsert                              0x08002b83   Thumb Code    48  list.o(i.vListInsert)
    vListInsertEnd                           0x08002bb3   Thumb Code    24  list.o(i.vListInsertEnd)
    vPortEnterCritical                       0x08002bcd   Thumb Code    54  port.o(i.vPortEnterCritical)
    vPortExitCritical                        0x08002c0d   Thumb Code    34  port.o(i.vPortExitCritical)
    vPortFree                                0x08002c35   Thumb Code    88  heap_4.o(i.vPortFree)
    vPortSetupTimerInterrupt                 0x08002c91   Thumb Code    32  port.o(i.vPortSetupTimerInterrupt)
    vTaskDelay                               0x08002cb5   Thumb Code    66  tasks.o(i.vTaskDelay)
    vTaskStartScheduler                      0x08002d01   Thumb Code    90  tasks.o(i.vTaskStartScheduler)
    vTaskSuspendAll                          0x08002d6d   Thumb Code    10  tasks.o(i.vTaskSuspendAll)
    vTaskSwitchContext                       0x08002d7d   Thumb Code   106  tasks.o(i.vTaskSwitchContext)
    xPortStartScheduler                      0x08002df1   Thumb Code   222  port.o(i.xPortStartScheduler)
    xPortSysTickHandler                      0x08002ee5   Thumb Code    38  port.o(i.xPortSysTickHandler)
    xTaskCreate                              0x08002f11   Thumb Code    90  tasks.o(i.xTaskCreate)
    xTaskCreateStatic                        0x08002f6b   Thumb Code    86  tasks.o(i.xTaskCreateStatic)
    xTaskGetSchedulerState                   0x08002fc1   Thumb Code    22  tasks.o(i.xTaskGetSchedulerState)
    xTaskIncrementTick                       0x08002fdd   Thumb Code   192  tasks.o(i.xTaskIncrementTick)
    xTaskResumeAll                           0x080030a5   Thumb Code   182  tasks.o(i.xTaskResumeAll)
    AHBPrescTable                            0x0800318c   Data          16  system_stm32f4xx.o(.constdata)
    APBPrescTable                            0x0800319c   Data           8  system_stm32f4xx.o(.constdata)
    Region$$Table$$Base                      0x080031b0   Number         0  anon$$obj.o(Region$$Table)
    Region$$Table$$Limit                     0x080031d0   Number         0  anon$$obj.o(Region$$Table)
    TxData                                   0x20000001   Data           8  bsp_can.o(.data)
    defaultTaskHandle                        0x20000010   Data           4  freertos.o(.data)
    uwTickFreq                               0x20000014   Data           1  stm32f4xx_hal.o(.data)
    uwTickPrio                               0x20000018   Data           4  stm32f4xx_hal.o(.data)
    uwTick                                   0x2000001c   Data           4  stm32f4xx_hal.o(.data)
    SystemCoreClock                          0x20000020   Data           4  system_stm32f4xx.o(.data)
    pxCurrentTCB                             0x20000024   Data           4  tasks.o(.data)
    CAN_TxHeader                             0x20000084   Data          24  bsp_can.o(.bss)
    moto_chassis                             0x2000009c   Data         432  bsp_can.o(.bss)
    hcan1                                    0x2000024c   Data          40  can.o(.bss)
    hcan2                                    0x20000274   Data          40  can.o(.bss)
    hspi5                                    0x200004f0   Data          88  spi.o(.bss)
    htim12                                   0x20000548   Data          64  tim.o(.bss)
    huart1                                   0x20000588   Data          64  usart.o(.bss)
    huart2                                   0x200005c8   Data          64  usart.o(.bss)
    hdma_usart1_rx                           0x20000608   Data          96  usart.o(.bss)
    hdma_usart2_rx                           0x20000668   Data          96  usart.o(.bss)
    __initial_sp                             0x200047b8   Data           0  startup_stm32f427xx.o(STACK)



==============================================================================

Memory Map of the image

  Image Entry point : 0x080001ad

  Load Region LR_IROM1 (Base: 0x08000000, Size: 0x00003254, Max: 0x00200000, ABSOLUTE)

    Execution Region ER_IROM1 (Base: 0x08000000, Size: 0x000031d0, Max: 0x00200000, ABSOLUTE)

    Base Addr    Size         Type   Attr      Idx    E Section Name        Object

    0x08000000   0x000001ac   Data   RO            3    RESET               startup_stm32f427xx.o
    0x080001ac   0x00000000   Code   RO         6147  * .ARM.Collect$$$$00000000  mc_w.l(entry.o)
    0x080001ac   0x00000004   Code   RO         6486    .ARM.Collect$$$$00000001  mc_w.l(entry2.o)
    0x080001b0   0x00000004   Code   RO         6489    .ARM.Collect$$$$00000004  mc_w.l(entry5.o)
    0x080001b4   0x00000000   Code   RO         6491    .ARM.Collect$$$$00000008  mc_w.l(entry7b.o)
    0x080001b4   0x00000000   Code   RO         6493    .ARM.Collect$$$$0000000A  mc_w.l(entry8b.o)
    0x080001b4   0x00000008   Code   RO         6494    .ARM.Collect$$$$0000000B  mc_w.l(entry9a.o)
    0x080001bc   0x00000000   Code   RO         6496    .ARM.Collect$$$$0000000D  mc_w.l(entry10a.o)
    0x080001bc   0x00000000   Code   RO         6498    .ARM.Collect$$$$0000000F  mc_w.l(entry11a.o)
    0x080001bc   0x00000004   Code   RO         6487    .ARM.Collect$$$$00002712  mc_w.l(entry2.o)
    0x080001c0   0x000000be   Code   RO         6044    .emb_text           port.o
    0x0800027e   0x00000002   PAD
    0x08000280   0x00000024   Code   RO            4    .text               startup_stm32f427xx.o
    0x080002a4   0x00000062   Code   RO         6150    .text               mc_w.l(uldiv.o)
    0x08000306   0x00000024   Code   RO         6152    .text               mc_w.l(memcpya.o)
    0x0800032a   0x00000024   Code   RO         6156    .text               mc_w.l(memseta.o)
    0x0800034e   0x0000001e   Code   RO         6503    .text               mc_w.l(llshl.o)
    0x0800036c   0x00000020   Code   RO         6505    .text               mc_w.l(llushr.o)
    0x0800038c   0x00000024   Code   RO         6525    .text               mc_w.l(init.o)
    0x080003b0   0x00000002   Code   RO         1656    i.BusFault_Handler  stm32f4xx_it.o
    0x080003b2   0x00000002   PAD
    0x080003b4   0x0000000c   Code   RO         1657    i.CAN1_RX0_IRQHandler  stm32f4xx_it.o
    0x080003c0   0x0000000c   Code   RO         1658    i.CAN1_TX_IRQHandler  stm32f4xx_it.o
    0x080003cc   0x0000000c   Code   RO         1659    i.CAN2_RX0_IRQHandler  stm32f4xx_it.o
    0x080003d8   0x0000000c   Code   RO         1660    i.CAN2_TX_IRQHandler  stm32f4xx_it.o
    0x080003e4   0x0000000c   Code   RO         1661    i.DMA1_Stream5_IRQHandler  stm32f4xx_it.o
    0x080003f0   0x0000000c   Code   RO         1662    i.DMA2_Stream2_IRQHandler  stm32f4xx_it.o
    0x080003fc   0x00000028   Code   RO         2537    i.DMA_CalcBaseAndBitshift  stm32f4xx_hal_dma.o
    0x08000424   0x00000054   Code   RO         2538    i.DMA_CheckFifoParam  stm32f4xx_hal_dma.o
    0x08000478   0x00000002   Code   RO         1663    i.DebugMon_Handler  stm32f4xx_it.o
    0x0800047a   0x00000002   Code   RO         1299    i.Error_Handler     main.o
    0x0800047c   0x00000002   Code   RO         1798    i.HAL_CAN_ErrorCallback  stm32f4xx_hal_can.o
    0x0800047e   0x000000e8   Code   RO         1801    i.HAL_CAN_GetRxMessage  stm32f4xx_hal_can.o
    0x08000566   0x000001fc   Code   RO         1805    i.HAL_CAN_IRQHandler  stm32f4xx_hal_can.o
    0x08000762   0x0000011a   Code   RO         1806    i.HAL_CAN_Init      stm32f4xx_hal_can.o
    0x0800087c   0x0000011c   Code   RO         1363    i.HAL_CAN_MspInit   can.o
    0x08000998   0x00000002   Code   RO         1813    i.HAL_CAN_RxFifo0FullCallback  stm32f4xx_hal_can.o
    0x0800099a   0x00000002   PAD
    0x0800099c   0x0000009c   Code   RO         1035    i.HAL_CAN_RxFifo0MsgPendingCallback  bsp_can.o
    0x08000a38   0x00000002   Code   RO         1815    i.HAL_CAN_RxFifo1FullCallback  stm32f4xx_hal_can.o
    0x08000a3a   0x00000002   Code   RO         1816    i.HAL_CAN_RxFifo1MsgPendingCallback  stm32f4xx_hal_can.o
    0x08000a3c   0x00000002   Code   RO         1817    i.HAL_CAN_SleepCallback  stm32f4xx_hal_can.o
    0x08000a3e   0x00000002   Code   RO         1820    i.HAL_CAN_TxMailbox0AbortCallback  stm32f4xx_hal_can.o
    0x08000a40   0x00000002   Code   RO         1821    i.HAL_CAN_TxMailbox0CompleteCallback  stm32f4xx_hal_can.o
    0x08000a42   0x00000002   Code   RO         1822    i.HAL_CAN_TxMailbox1AbortCallback  stm32f4xx_hal_can.o
    0x08000a44   0x00000002   Code   RO         1823    i.HAL_CAN_TxMailbox1CompleteCallback  stm32f4xx_hal_can.o
    0x08000a46   0x00000002   Code   RO         1824    i.HAL_CAN_TxMailbox2AbortCallback  stm32f4xx_hal_can.o
    0x08000a48   0x00000002   Code   RO         1825    i.HAL_CAN_TxMailbox2CompleteCallback  stm32f4xx_hal_can.o
    0x08000a4a   0x00000002   Code   RO         1827    i.HAL_CAN_WakeUpFromRxMsgCallback  stm32f4xx_hal_can.o
    0x08000a4c   0x00000024   Code   RO         2541    i.HAL_DMA_Abort_IT  stm32f4xx_hal_dma.o
    0x08000a70   0x000001a0   Code   RO         2545    i.HAL_DMA_IRQHandler  stm32f4xx_hal_dma.o
    0x08000c10   0x000000d4   Code   RO         2546    i.HAL_DMA_Init      stm32f4xx_hal_dma.o
    0x08000ce4   0x000001cc   Code   RO         2433    i.HAL_GPIO_Init     stm32f4xx_hal_gpio.o
    0x08000eb0   0x0000000a   Code   RO         2435    i.HAL_GPIO_ReadPin  stm32f4xx_hal_gpio.o
    0x08000eba   0x0000000e   Code   RO         2436    i.HAL_GPIO_TogglePin  stm32f4xx_hal_gpio.o
    0x08000ec8   0x0000000a   Code   RO         2437    i.HAL_GPIO_WritePin  stm32f4xx_hal_gpio.o
    0x08000ed2   0x00000002   PAD
    0x08000ed4   0x0000000c   Code   RO         2985    i.HAL_GetTick       stm32f4xx_hal.o
    0x08000ee0   0x00000010   Code   RO         2991    i.HAL_IncTick       stm32f4xx_hal.o
    0x08000ef0   0x00000034   Code   RO         2992    i.HAL_Init          stm32f4xx_hal.o
    0x08000f24   0x00000040   Code   RO         2993    i.HAL_InitTick      stm32f4xx_hal.o
    0x08000f64   0x00000038   Code   RO         1768    i.HAL_MspInit       stm32f4xx_hal_msp.o
    0x08000f9c   0x0000001a   Code   RO         2840    i.HAL_NVIC_EnableIRQ  stm32f4xx_hal_cortex.o
    0x08000fb6   0x00000002   PAD
    0x08000fb8   0x00000040   Code   RO         2846    i.HAL_NVIC_SetPriority  stm32f4xx_hal_cortex.o
    0x08000ff8   0x00000024   Code   RO         2847    i.HAL_NVIC_SetPriorityGrouping  stm32f4xx_hal_cortex.o
    0x0800101c   0x00000130   Code   RO         2027    i.HAL_RCC_ClockConfig  stm32f4xx_hal_rcc.o
    0x0800114c   0x00000020   Code   RO         2034    i.HAL_RCC_GetPCLK1Freq  stm32f4xx_hal_rcc.o
    0x0800116c   0x00000020   Code   RO         2035    i.HAL_RCC_GetPCLK2Freq  stm32f4xx_hal_rcc.o
    0x0800118c   0x00000064   Code   RO         2036    i.HAL_RCC_GetSysClockFreq  stm32f4xx_hal_rcc.o
    0x080011f0   0x0000031c   Code   RO         2039    i.HAL_RCC_OscConfig  stm32f4xx_hal_rcc.o
    0x0800150c   0x00000080   Code   RO         3248    i.HAL_SPI_Init      stm32f4xx_hal_spi.o
    0x0800158c   0x0000006c   Code   RO         1492    i.HAL_SPI_MspInit   spi.o
    0x080015f8   0x00000028   Code   RO         2851    i.HAL_SYSTICK_Config  stm32f4xx_hal_cortex.o
    0x08001620   0x00000054   Code   RO         1560    i.HAL_TIM_MspPostInit  tim.o
    0x08001674   0x000000d0   Code   RO         3628    i.HAL_TIM_PWM_ConfigChannel  stm32f4xx_hal_tim.o
    0x08001744   0x00000036   Code   RO         3631    i.HAL_TIM_PWM_Init  stm32f4xx_hal_tim.o
    0x0800177a   0x00000002   PAD
    0x0800177c   0x00000028   Code   RO         1562    i.HAL_TIM_PWM_MspInit  tim.o
    0x080017a4   0x00000012   Code   RO         1178    i.HAL_UART_ErrorCallback  bsp_uart.o
    0x080017b6   0x00000002   PAD
    0x080017b8   0x00000110   Code   RO         4511    i.HAL_UART_IRQHandler  stm32f4xx_hal_uart.o
    0x080018c8   0x00000062   Code   RO         4512    i.HAL_UART_Init     stm32f4xx_hal_uart.o
    0x0800192a   0x00000002   PAD
    0x0800192c   0x00000164   Code   RO         1609    i.HAL_UART_MspInit  usart.o
    0x08001a90   0x00000002   Code   RO         4518    i.HAL_UART_RxCpltCallback  stm32f4xx_hal_uart.o
    0x08001a92   0x00000002   Code   RO         4523    i.HAL_UART_TxCpltCallback  stm32f4xx_hal_uart.o
    0x08001a94   0x00000002   Code   RO         1664    i.HardFault_Handler  stm32f4xx_it.o
    0x08001a96   0x00000002   PAD
    0x08001a98   0x00000048   Code   RO         1364    i.MX_CAN1_Init      can.o
    0x08001ae0   0x00000048   Code   RO         1365    i.MX_CAN2_Init      can.o
    0x08001b28   0x0000004c   Code   RO         1411    i.MX_DMA_Init       dma.o
    0x08001b74   0x00000028   Code   RO         1435    i.MX_FREERTOS_Init  freertos.o
    0x08001b9c   0x00000154   Code   RO         1338    i.MX_GPIO_Init      gpio.o
    0x08001cf0   0x00000048   Code   RO         1493    i.MX_SPI5_Init      spi.o
    0x08001d38   0x00000054   Code   RO         1563    i.MX_TIM12_Init     tim.o
    0x08001d8c   0x00000040   Code   RO         1610    i.MX_USART1_UART_Init  usart.o
    0x08001dcc   0x00000038   Code   RO         1611    i.MX_USART2_UART_Init  usart.o
    0x08001e04   0x00000002   Code   RO         1665    i.MemManage_Handler  stm32f4xx_it.o
    0x08001e06   0x00000002   Code   RO         1666    i.NMI_Handler       stm32f4xx_it.o
    0x08001e08   0x00000054   Code   RO         1436    i.StartDefaultTask  freertos.o
    0x08001e5c   0x00000018   Code   RO         1667    i.SysTick_Handler   stm32f4xx_it.o
    0x08001e74   0x00000084   Code   RO         1300    i.SystemClock_Config  main.o
    0x08001ef8   0x00000054   Code   RO         4814    i.SystemInit        system_stm32f4xx.o
    0x08001f4c   0x000000c8   Code   RO         3649    i.TIM_Base_SetConfig  stm32f4xx_hal_tim.o
    0x08002014   0x00000060   Code   RO         3662    i.TIM_OC1_SetConfig  stm32f4xx_hal_tim.o
    0x08002074   0x0000006c   Code   RO         3663    i.TIM_OC2_SetConfig  stm32f4xx_hal_tim.o
    0x080020e0   0x00000068   Code   RO         3664    i.TIM_OC3_SetConfig  stm32f4xx_hal_tim.o
    0x08002148   0x00000050   Code   RO         3665    i.TIM_OC4_SetConfig  stm32f4xx_hal_tim.o
    0x08002198   0x00000010   Code   RO         4525    i.UART_DMAAbortOnError  stm32f4xx_hal_uart.o
    0x080021a8   0x0000001c   Code   RO         4535    i.UART_EndRxTransfer  stm32f4xx_hal_uart.o
    0x080021c4   0x00000096   Code   RO         4537    i.UART_Receive_IT   stm32f4xx_hal_uart.o
    0x0800225a   0x00000002   PAD
    0x0800225c   0x000002ac   Code   RO         4538    i.UART_SetConfig    stm32f4xx_hal_uart.o
    0x08002508   0x00000062   Code   RO         4539    i.UART_Transmit_IT  stm32f4xx_hal_uart.o
    0x0800256a   0x00000002   PAD
    0x0800256c   0x0000000c   Code   RO         1668    i.USART1_IRQHandler  stm32f4xx_it.o
    0x08002578   0x0000000c   Code   RO         1669    i.USART2_IRQHandler  stm32f4xx_it.o
    0x08002584   0x00000002   Code   RO         1670    i.UsageFault_Handler  stm32f4xx_it.o
    0x08002586   0x00000020   Code   RO         2853    i.__NVIC_SetPriority  stm32f4xx_hal_cortex.o
    0x080025a6   0x0000000e   Code   RO         6533    i.__scatterload_copy  mc_w.l(handlers.o)
    0x080025b4   0x00000002   Code   RO         6534    i.__scatterload_null  mc_w.l(handlers.o)
    0x080025b6   0x0000000e   Code   RO         6535    i.__scatterload_zeroinit  mc_w.l(handlers.o)
    0x080025c4   0x00000070   Code   RO         1038    i.encoder_data_handle  bsp_can.o
    0x08002634   0x00000032   Code   RO         1301    i.main              main.o
    0x08002666   0x0000000c   Code   RO         5616    i.makeFreeRtosPriority  cmsis_os.o
    0x08002672   0x0000000e   Code   RO         5618    i.osDelay           cmsis_os.o
    0x08002680   0x0000000a   Code   RO         5621    i.osKernelStart     cmsis_os.o
    0x0800268a   0x00000054   Code   RO         5655    i.osThreadCreate    cmsis_os.o
    0x080026de   0x00000002   PAD
    0x080026e0   0x00000070   Code   RO         5307    i.prvAddCurrentTaskToDelayedList  tasks.o
    0x08002750   0x000000d0   Code   RO         5308    i.prvAddNewTaskToReadyList  tasks.o
    0x08002820   0x00000034   Code   RO         5309    i.prvDeleteTCB      tasks.o
    0x08002854   0x0000004c   Code   RO         5983    i.prvHeapInit       heap_4.o
    0x080028a0   0x00000060   Code   RO         5310    i.prvIdleTask       tasks.o
    0x08002900   0x0000008e   Code   RO         5311    i.prvInitialiseNewTask  tasks.o
    0x0800298e   0x00000002   PAD
    0x08002990   0x0000004c   Code   RO         5984    i.prvInsertBlockIntoFreeList  heap_4.o
    0x080029dc   0x00000020   Code   RO         5312    i.prvResetNextTaskUnblockTime  tasks.o
    0x080029fc   0x00000028   Code   RO         6045    i.prvTaskExitError  port.o
    0x08002a24   0x000000d8   Code   RO         5985    i.pvPortMalloc      heap_4.o
    0x08002afc   0x0000002c   Code   RO         6046    i.pxPortInitialiseStack  port.o
    0x08002b28   0x00000026   Code   RO         4952    i.uxListRemove      list.o
    0x08002b4e   0x00000002   PAD
    0x08002b50   0x00000014   Code   RO         1437    i.vApplicationGetIdleTaskMemory  freertos.o
    0x08002b64   0x00000002   Code   RO         1438    i.vApplicationStackOverflowHook  freertos.o
    0x08002b66   0x00000016   Code   RO         4953    i.vListInitialise   list.o
    0x08002b7c   0x00000006   Code   RO         4954    i.vListInitialiseItem  list.o
    0x08002b82   0x00000030   Code   RO         4955    i.vListInsert       list.o
    0x08002bb2   0x00000018   Code   RO         4956    i.vListInsertEnd    list.o
    0x08002bca   0x00000002   PAD
    0x08002bcc   0x00000040   Code   RO         6048    i.vPortEnterCritical  port.o
    0x08002c0c   0x00000028   Code   RO         6049    i.vPortExitCritical  port.o
    0x08002c34   0x0000005c   Code   RO         5986    i.vPortFree         heap_4.o
    0x08002c90   0x00000024   Code   RO         6050    i.vPortSetupTimerInterrupt  port.o
    0x08002cb4   0x0000004c   Code   RO         5320    i.vTaskDelay        tasks.o
    0x08002d00   0x0000006c   Code   RO         5334    i.vTaskStartScheduler  tasks.o
    0x08002d6c   0x00000010   Code   RO         5336    i.vTaskSuspendAll   tasks.o
    0x08002d7c   0x00000074   Code   RO         5337    i.vTaskSwitchContext  tasks.o
    0x08002df0   0x000000f4   Code   RO         6052    i.xPortStartScheduler  port.o
    0x08002ee4   0x0000002c   Code   RO         6053    i.xPortSysTickHandler  port.o
    0x08002f10   0x0000005a   Code   RO         5339    i.xTaskCreate       tasks.o
    0x08002f6a   0x00000056   Code   RO         5340    i.xTaskCreateStatic  tasks.o
    0x08002fc0   0x0000001c   Code   RO         5344    i.xTaskGetSchedulerState  tasks.o
    0x08002fdc   0x000000c8   Code   RO         5347    i.xTaskIncrementTick  tasks.o
    0x080030a4   0x000000c4   Code   RO         5353    i.xTaskResumeAll    tasks.o
    0x08003168   0x0000001c   Data   RO         1440    .constdata          freertos.o
    0x08003184   0x00000008   Data   RO         2552    .constdata          stm32f4xx_hal_dma.o
    0x0800318c   0x00000010   Data   RO         4815    .constdata          system_stm32f4xx.o
    0x0800319c   0x00000008   Data   RO         4816    .constdata          system_stm32f4xx.o
    0x080031a4   0x0000000c   Data   RO         1441    .conststring        freertos.o
    0x080031b0   0x00000020   Data   RO         6531    Region$$Table       anon$$obj.o


    Execution Region RW_IRAM1 (Base: 0x20000000, Size: 0x000047b8, Max: 0x00030000, ABSOLUTE)

    Base Addr    Size         Type   Attr      Idx    E Section Name        Object

    0x20000000   0x00000009   Data   RW         1045    .data               bsp_can.o
    0x20000009   0x00000003   PAD
    0x2000000c   0x00000004   Data   RW         1367    .data               can.o
    0x20000010   0x00000004   Data   RW         1442    .data               freertos.o
    0x20000014   0x0000000c   Data   RW         2999    .data               stm32f4xx_hal.o
    0x20000020   0x00000004   Data   RW         4817    .data               system_stm32f4xx.o
    0x20000024   0x0000003c   Data   RW         5356    .data               tasks.o
    0x20000060   0x00000018   Data   RW         5991    .data               heap_4.o
    0x20000078   0x0000000c   Data   RW         6054    .data               port.o
    0x20000084   0x000001c8   Zero   RW         1043    .bss                bsp_can.o
    0x2000024c   0x00000050   Zero   RW         1366    .bss                can.o
    0x2000029c   0x00000254   Zero   RW         1439    .bss                freertos.o
    0x200004f0   0x00000058   Zero   RW         1494    .bss                spi.o
    0x20000548   0x00000040   Zero   RW         1564    .bss                tim.o
    0x20000588   0x00000140   Zero   RW         1612    .bss                usart.o
    0x200006c8   0x000000f0   Zero   RW         5355    .bss                tasks.o
    0x200007b8   0x00003c00   Zero   RW         5990    .bss                heap_4.o
    0x200043b8   0x00000400   Zero   RW            1    STACK               startup_stm32f427xx.o


==============================================================================

Image component sizes


      Code (inc. data)   RO Data    RW Data    ZI Data      Debug   Object Name

       268         44          0          9        456      31319   bsp_can.o
        18          0          0          0          0       1033   bsp_uart.o
       428         46          0          4         80       2386   can.o
       120          0          0          0          0      22149   cmsis_os.o
        76          4          0          0          0        782   dma.o
         0          0          0          0          0     755220   dr16_decode.o
         0          0          0          0          0      18052   event_groups.o
       146         26         40          4        596       2898   freertos.o
       340         24          0          0          0       1127   gpio.o
       460         24          0         24      15360       7035   heap_4.o
       138          0          0          0          0       3318   list.o
       184          8          0          0          0       2016   main.o
         0          0          0          0          0       4748   mpu6500.o
       702         72          0         12          0      10964   port.o
       180         24          0          0         88       1585   spi.o
        36          8        428          0       1024        828   startup_stm32f427xx.o
       144         24          0         12          0       3861   stm32f4xx_hal.o
      1046          0          0          0          0      10066   stm32f4xx_hal_can.o
       198         14          0          0          0      33547   stm32f4xx_hal_cortex.o
       788         16          8          0          0       4303   stm32f4xx_hal_dma.o
       494         52          0          0          0       3368   stm32f4xx_hal_gpio.o
        56          4          0          0          0        822   stm32f4xx_hal_msp.o
      1264         80          0          0          0       4900   stm32f4xx_hal_rcc.o
       128          0          0          0          0       1119   stm32f4xx_hal_spi.o
       850         80          0          0          0       6322   stm32f4xx_hal_tim.o
      1350         14          0          0          0       6430   stm32f4xx_hal_uart.o
       132         48          0          0          0       6849   stm32f4xx_it.o
         0          0          0          0          0        384   stream_buffer.o
        84         18         24          4          0       1135   system_stm32f4xx.o
      1558        116          0         60        240      16115   tasks.o
       208         32          0          0         64       2117   tim.o
       476         58          0          0        320       2501   usart.o

    ----------------------------------------------------------------------
     11902        836        532        132      18228     969299   Object Totals
         0          0         32          0          0          0   (incl. Generated)
        30          0          0          3          0          0   (incl. Padding)

    ----------------------------------------------------------------------

      Code (inc. data)   RO Data    RW Data    ZI Data      Debug   Library Member Name

         0          0          0          0          0          0   entry.o
         0          0          0          0          0          0   entry10a.o
         0          0          0          0          0          0   entry11a.o
         8          4          0          0          0          0   entry2.o
         4          0          0          0          0          0   entry5.o
         0          0          0          0          0          0   entry7b.o
         0          0          0          0          0          0   entry8b.o
         8          4          0          0          0          0   entry9a.o
        30          0          0          0          0          0   handlers.o
        36          8          0          0          0         68   init.o
        30          0          0          0          0         68   llshl.o
        32          0          0          0          0         68   llushr.o
        36          0          0          0          0         68   memcpya.o
        36          0          0          0          0        108   memseta.o
        98          0          0          0          0         92   uldiv.o

    ----------------------------------------------------------------------
       318         16          0          0          0        472   Library Totals
         0          0          0          0          0          0   (incl. Padding)

    ----------------------------------------------------------------------

      Code (inc. data)   RO Data    RW Data    ZI Data      Debug   Library Name

       318         16          0          0          0        472   mc_w.l

    ----------------------------------------------------------------------
       318         16          0          0          0        472   Library Totals

    ----------------------------------------------------------------------

==============================================================================


      Code (inc. data)   RO Data    RW Data    ZI Data      Debug   

     12220        852        532        132      18228     957519   Grand Totals
     12220        852        532        132      18228     957519   ELF Image Totals
     12220        852        532        132          0          0   ROM Totals

==============================================================================

    Total RO  Size (Code + RO Data)                12752 (  12.45kB)
    Total RW  Size (RW Data + ZI Data)             18360 (  17.93kB)
    Total ROM Size (Code + RO Data + RW Data)      12884 (  12.58kB)

==============================================================================

