<html>
<body>
<pre>
<h1>µVision Build Log</h1>
<h2>Tool Versions:</h2>
IDE-Version: ¦ÌVision V5.14.0.0
Copyright (C) 2015 ARM Ltd and ARM Germany GmbH. All rights reserved.
License Information: TI 1010024850@qq.com, TI, LIC=GE7X7-EZXKD-654TW-Q39KG-IYFS7-VUVRC
 
Tool Versions:
Toolchain:       MDK-ARM Professional  Version: 5.14.0.0
Toolchain Path:  E:\Keil\ARM\ARMCC\Bin
C Compiler:      Armcc.exe V5.05 update 1 (build 106)
Assembler:       Armasm.exe V5.05 update 1 (build 106)
Linker/Locator:  ArmLink.exe V5.05 update 1 (build 106)
Library Manager: ArmAr.exe V5.05 update 1 (build 106)
Hex Converter:   FromElf.exe V5.05 update 1 (build 106)
CPU DLL:         SARMCM3.DLL V5.14.0.0
Dialog DLL:      DCM.DLL V1.13.1.0
Target DLL:      STLink\ST-LINKIII-KEIL_SWO.dll V2.0.14.0_KEIL
Dialog DLL:      TCM.DLL V1.14.4.0
 
<h2>Project:</h2>
E:\RM2020\RM_ENGINEER\TOE_ENG\MDK-ARM\TOE_ENG.uvprojx
Project File Date:  01/13/2020

<h2>Output:</h2>
Build target 'TOE_ENG'
compiling detect_thread.c...
..\MainTasks\detect_thread.h(130): warning:  #1-D: last line of file ends without a newline
  #endif
..\MainTasks\kernal_thread.h(58): warning:  #1-D: last line of file ends without a newline
  #endif
..\MyAlgorithm\fetch_ctrl.h(32): warning:  #1-D: last line of file ends without a newline
  #endif
..\MainTasks\detect_thread.c: 3 warnings, 0 errors
compiling gimbal_thread.c...
..\MainTasks\gimbal_thread.h(65): warning:  #1-D: last line of file ends without a newline
  #endif
..\MainTasks\detect_thread.h(130): warning:  #1-D: last line of file ends without a newline
  #endif
..\MainTasks\kernal_thread.h(58): warning:  #1-D: last line of file ends without a newline
  #endif
..\MainTasks\chassis_thread.h(67): warning:  #1-D: last line of file ends without a newline
  #endif
..\MyAlgorithm\fetch_ctrl.h(32): warning:  #1-D: last line of file ends without a newline
  #endif
..\MainTasks\gimbal_thread.c(172): warning:  #175-D: subscript out of range
                pid_ast(&pid_in[MotoRFlip],-pid_out[FlipECD].ctrOut,moto_gimbal[MotoRFlip].speed_rpm * SPD_RATIO);
..\MainTasks\gimbal_thread.c(152): warning:  #177-D: function "gimbal_mode_switch" was declared but never referenced
  static void gimbal_mode_switch(void)
..\MainTasks\gimbal_thread.c: 7 warnings, 0 errors
compiling kernal_thread.c...
..\MainTasks\kernal_thread.h(58): warning:  #1-D: last line of file ends without a newline
  #endif
..\MyAlgorithm\fetch_ctrl.h(32): warning:  #1-D: last line of file ends without a newline
  #endif
..\MainTasks\chassis_thread.h(67): warning:  #1-D: last line of file ends without a newline
  #endif
..\MainTasks\gimbal_thread.h(65): warning:  #1-D: last line of file ends without a newline
  #endif
..\MainTasks\kernal_thread.c(181): warning:  #1035-D: single-precision operand implicitly converted to double-precision
                                        kernal_ctrl.flipTargetAngle -= (float)(rc.ch3)*0.002;
..\MainTasks\kernal_thread.c(210): warning:  #177-D: function "kb_enable_hook" was declared but never referenced
  static void kb_enable_hook(void)
..\MainTasks\kernal_thread.c: 6 warnings, 0 errors
compiling fetch_ctrl.c...
..\MainTasks\kernal_thread.h(58): warning:  #1-D: last line of file ends without a newline
  #endif
..\MyAlgorithm\fetch_ctrl.h(32): warning:  #1-D: last line of file ends without a newline
  #endif
..\MainTasks\chassis_thread.h(67): warning:  #1-D: last line of file ends without a newline
  #endif
..\MainTasks\gimbal_thread.h(65): warning:  #1-D: last line of file ends without a newline
  #endif
..\MyAlgorithm\fetch_ctrl.c: 4 warnings, 0 errors
linking...
Program Size: Code=35472 RO-data=988 RW-data=364 ZI-data=23484  
FromELF: creating hex file...
"TOE_ENG\TOE_ENG.axf" - 0 Error(s), 20 Warning(s).

<h2>Software Packages used:</h2>

Package Vendor: ARM
                http://www.keil.com/pack/ARM.CMSIS.4.2.0.pack
                ARM::CMSIS:CORE:3.40.0
                CMSIS (Cortex Microcontroller Software Interface Standard)
   * Component: CORE Version: 3.40.0

<h2>Collection of Component include folders:</h2>
  E:\RM2020\RM_ENGINEER\TOE_ENG\MDK-ARM\RTE
  E:\Keil\ARM\PACK\ARM\CMSIS\4.2.0\CMSIS\Include
  E:\Keil\ARM\PACK\Keil\STM32F4xx_DFP\1.0.8\Device\Include

<h2>Collection of Component Files used:</h2>

   * Component: ARM::CMSIS:CORE:3.40.0
      Source file:   CMSIS\UserCodeTemplates\ARM\ITM_Retarget.c
</pre>
</body>
</html>
